[0/2] Re-checking globbed directories...
[1/10] Embedding metal built-in sources...
[2/4] Building CXX object src/tests/CMakeFiles/benchmark_tile_tirx.dir/benchmark/benchmark_tile_tirx.cpp.o
In file included from /Users/mike/CLionProjects/luisa/src/tests/benchmark/benchmark_tile_tirx.cpp:4:
In file included from /Users/mike/CLionProjects/luisa/src/tests/./common/tile_tirx_test_utils.h:21:
In file included from /Users/mike/CLionProjects/luisa/include/luisa/tile/bridge/tirx/lower.h:10:
In file included from /Users/mike/CLionProjects/luisa/include/luisa/tile/ir.h:8:
In file included from /Users/mike/CLionProjects/luisa/include/luisa/core/managed_ilist.h:4:
In file included from /Users/mike/CLionProjects/luisa/include/luisa/core/concepts.h:7:
In file included from /Users/mike/CLionProjects/luisa/include/luisa/core/basic_types.h:7:
In file included from /Users/mike/CLionProjects/luisa/include/luisa/core/basic_traits.h:9:
/Users/mike/CLionProjects/luisa/src/ext/half/include/half.hpp:2391:65: warning: 'denorm_present' is deprecated [-Wdeprecated-declarations]
 2391 |     static HALF_CONSTEXPR_CONST float_denorm_style has_denorm = denorm_present;
      |                                                                 ^
/Applications/Xcode.app/Contents/Developer/Platforms/MacOSX.platform/Developer/SDKs/MacOSX.sdk/usr/include/c++/v1/limits:130:6: note: 'float_denorm_style' has been explicitly marked deprecated here
  130 | enum _LIBCPP_DEPRECATED_IN_CXX23 float_denorm_style {
      |      ^
/Applications/Xcode.app/Contents/Developer/Platforms/MacOSX.platform/Developer/SDKs/MacOSX.sdk/usr/include/c++/v1/__config:593:41: note: expanded from macro '_LIBCPP_DEPRECATED_IN_CXX23'
  593 | #    define _LIBCPP_DEPRECATED_IN_CXX23 _LIBCPP_DEPRECATED
      |                                         ^
/Applications/Xcode.app/Contents/Developer/Platforms/MacOSX.platform/Developer/SDKs/MacOSX.sdk/usr/include/c++/v1/__config:554:49: note: expanded from macro '_LIBCPP_DEPRECATED'
  554 | #      define _LIBCPP_DEPRECATED __attribute__((__deprecated__))
      |                                                 ^
In file included from /Users/mike/CLionProjects/luisa/src/tests/benchmark/benchmark_tile_tirx.cpp:4:
In file included from /Users/mike/CLionProjects/luisa/src/tests/./common/tile_tirx_test_utils.h:21:
In file included from /Users/mike/CLionProjects/luisa/include/luisa/tile/bridge/tirx/lower.h:10:
In file included from /Users/mike/CLionProjects/luisa/include/luisa/tile/ir.h:8:
In file included from /Users/mike/CLionProjects/luisa/include/luisa/core/managed_ilist.h:4:
In file included from /Users/mike/CLionProjects/luisa/include/luisa/core/concepts.h:7:
In file included from /Users/mike/CLionProjects/luisa/include/luisa/core/basic_types.h:7:
In file included from /Users/mike/CLionProjects/luisa/include/luisa/core/basic_traits.h:9:
/Users/mike/CLionProjects/luisa/src/ext/half/include/half.hpp:2391:33: warning: 'float_denorm_style' is deprecated [-Wdeprecated-declarations]
 2391 |     static HALF_CONSTEXPR_CONST float_denorm_style has_denorm = denorm_present;
      |                                 ^
/Applications/Xcode.app/Contents/Developer/Platforms/MacOSX.platform/Developer/SDKs/MacOSX.sdk/usr/include/c++/v1/limits:130:6: note: 'float_denorm_style' has been explicitly marked deprecated here
  130 | enum _LIBCPP_DEPRECATED_IN_CXX23 float_denorm_style {
      |      ^
/Applications/Xcode.app/Contents/Developer/Platforms/MacOSX.platform/Developer/SDKs/MacOSX.sdk/usr/include/c++/v1/__config:593:41: note: expanded from macro '_LIBCPP_DEPRECATED_IN_CXX23'
  593 | #    define _LIBCPP_DEPRECATED_IN_CXX23 _LIBCPP_DEPRECATED
      |                                         ^
/Applications/Xcode.app/Contents/Developer/Platforms/MacOSX.platform/Developer/SDKs/MacOSX.sdk/usr/include/c++/v1/__config:554:49: note: expanded from macro '_LIBCPP_DEPRECATED'
  554 | #      define _LIBCPP_DEPRECATED __attribute__((__deprecated__))
      |                                                 ^
2 warnings generated.
[3/4] Linking CXX executable bin/benchmark_tile_tirx
ld: warning: building for macOS-13.0, but linking with dylib '@rpath/libtvm_compiler.dylib' which was built for newer version 26.0
ld: warning: building for macOS-13.0, but linking with dylib '@rpath/libtvm_runtime.dylib' which was built for newer version 26.0
ld: warning: building for macOS-13.0, but linking with dylib '@rpath/libtvm_ffi.dylib' which was built for newer version 26.0
ld: warning: building for macOS-13.0, but linking with dylib '@rpath/libtvm_runtime_metal.dylib' which was built for newer version 26.0
ld: warning: building for macOS-13.0, but linking with dylib '@rpath/libtvm_runtime_extra.dylib' which was built for newer version 26.0
