Test project /tmp/luisa-tvm-mpp.VaKmzx/luisa-build
      Start 81: test_tile_tirx_cooperative_metal
      Start 70: test_tile_tirx_matrix
 1/35 Test #81: test_tile_tirx_cooperative_metal ......   Passed   10.40 sec
      Start 56: test_tile_xir_llm
 2/35 Test #56: test_tile_xir_llm .....................   Passed   32.59 sec
      Start 55: test_tile_xir_runtime
 3/35 Test #70: test_tile_tirx_matrix .................   Passed   50.82 sec
      Start 84: test_tile_tirx_matrix_metal
 4/35 Test #55: test_tile_xir_runtime .................   Passed    8.29 sec
      Start 67: test_tile_tirx_cooperative
 5/35 Test #67: test_tile_tirx_cooperative ............   Passed    8.55 sec
      Start 80: test_tile_tirx_execution_metal
 6/35 Test #80: test_tile_tirx_execution_metal ........   Passed   13.55 sec
      Start 66: test_tile_tirx_execution
 7/35 Test #66: test_tile_tirx_execution ..............   Passed    7.34 sec
      Start 65: test_tile_tirx_values
 8/35 Test #65: test_tile_tirx_values .................   Passed    2.35 sec
      Start 68: test_tile_tirx_memory
 9/35 Test #68: test_tile_tirx_memory .................   Passed    6.33 sec
      Start 79: test_tile_tirx_values_metal
10/35 Test #79: test_tile_tirx_values_metal ...........   Passed    1.72 sec
      Start 60: test_tile_native_runtime
11/35 Test #60: test_tile_native_runtime ..............   Passed    4.86 sec
      Start 69: test_tile_tirx_pipeline
12/35 Test #69: test_tile_tirx_pipeline ...............   Passed    4.26 sec
      Start 72: test_tile_tirx_poc
13/35 Test #72: test_tile_tirx_poc ....................   Passed    1.92 sec
      Start 83: test_tile_tirx_pipeline_metal
14/35 Test #83: test_tile_tirx_pipeline_metal .........   Passed    3.07 sec
      Start 57: test_tile_values_cpp20
15/35 Test #57: test_tile_values_cpp20 ................   Passed    0.01 sec
      Start 58: test_tile_values_cpp23
16/35 Test #58: test_tile_values_cpp23 ................   Passed    0.01 sec
      Start 73: test_tile_tirx_poc_neural
17/35 Test #73: test_tile_tirx_poc_neural .............   Passed    1.17 sec
      Start 52: test_tile_dsl
18/35 Test #52: test_tile_dsl .........................   Passed    0.01 sec
      Start 64: test_tile_tirx
19/35 Test #64: test_tile_tirx ........................   Passed    0.84 sec
      Start 74: test_tile_tirx_poc_algorithms
20/35 Test #74: test_tile_tirx_poc_algorithms .........   Passed    0.86 sec
      Start 75: test_tile_tirx_targets
21/35 Test #75: test_tile_tirx_targets ................   Passed    0.89 sec
      Start 71: test_tile_tirx_planner
22/35 Test #71: test_tile_tirx_planner ................   Passed    0.46 sec
      Start 50: test_tile_layout
23/35 Test #50: test_tile_layout ......................   Passed    0.59 sec
      Start 61: test_tile_metal_timing
24/35 Test #61: test_tile_metal_timing ................   Passed    0.16 sec
      Start 76: test_tile_tirx_poc_metal
25/35 Test #76: test_tile_tirx_poc_metal ..............   Passed    0.99 sec
      Start 78: test_tile_tirx_poc_algorithms_metal
26/35 Test #78: test_tile_tirx_poc_algorithms_metal ...   Passed    0.47 sec
      Start 77: test_tile_tirx_poc_neural_metal
27/35 Test #77: test_tile_tirx_poc_neural_metal .......   Passed    0.38 sec
      Start 63: test_tile_system_metal
28/35 Test #63: test_tile_system_metal ................   Passed    0.31 sec
      Start 51: test_tile_ir
29/35 Test #51: test_tile_ir ..........................   Passed    0.41 sec
      Start 53: test_tile_memory
30/35 Test #53: test_tile_memory ......................   Passed    0.45 sec
      Start 62: test_tile_system_cpu
31/35 Test #62: test_tile_system_cpu ..................   Passed    0.02 sec
      Start 54: test_tile_xir
32/35 Test #54: test_tile_xir .........................   Passed    0.41 sec
      Start 59: test_tile_native_codegen
33/35 Test #59: test_tile_native_codegen ..............   Passed    0.42 sec
      Start 82: test_tile_tirx_memory_metal
34/35 Test #82: test_tile_tirx_memory_metal ...........   Passed    2.54 sec
35/35 Test #84: test_tile_tirx_matrix_metal ...........***Failed  185.05 sec

Running test "tile_matrix_automatic_cooperative_semantics"... [31mFAILED
[0min: /Users/mike/CLionProjects/luisa/src/tests/unit/tile/bridge/test_tirx_matrix.cpp:2957[31m - test condition:  [[31m4 == 2[0m[31m][0m


Running test "tile_matrix_automatic_cooperative_semantics"... [31mFAILED
[0min: /Users/mike/CLionProjects/luisa/src/tests/unit/tile/bridge/test_tirx_matrix.cpp:2957[31m - test condition:  [[31m4 == 2[0m[31m][0m[31mFAILED
[0min: /Users/mike/CLionProjects/luisa/src/tests/unit/tile/bridge/test_tirx_matrix.cpp:2957[31m - test condition:  [[31m4 == 2[0m[31m][0m


Running test "tile_matrix_automatic_cooperative_semantics"... [31mFAILED
[0min: /Users/mike/CLionProjects/luisa/src/tests/unit/tile/bridge/test_tirx_matrix.cpp:2957[31m - test condition:  [[31m4 == 2[0m[31m][0m[31mFAILED
[0min: /Users/mike/CLionProjects/luisa/src/tests/unit/tile/bridge/test_tirx_matrix.cpp:2957[31m - test condition:  [[31m4 == 2[0m[31m][0m[31mFAILED
[0min: /Users/mike/CLionProjects/luisa/src/tests/unit/tile/bridge/test_tirx_matrix.cpp:2957[31m - test condition:  [[31m4 == 2[0m[31m][0m


Running test "tile_matrix_automatic_cooperative_semantics"... [31mFAILED
[0min: /Users/mike/CLionProjects/luisa/src/tests/unit/tile/bridge/test_tirx_matrix.cpp:2957[31m - test condition:  [[31m4 == 2[0m[31m][0m[31mFAILED
[0min: /Users/mike/CLionProjects/luisa/src/tests/unit/tile/bridge/test_tirx_matrix.cpp:2957[31m - test condition:  [[31m4 == 2[0m[31m][0m[31mFAILED
[0min: /Users/mike/CLionProjects/luisa/src/tests/unit/tile/bridge/test_tirx_matrix.cpp:2957[31m - test condition:  [[31m4 == 2[0m[31m][0m[31mFAILED
[0min: /Users/mike/CLionProjects/luisa/src/tests/unit/tile/bridge/test_tirx_matrix.cpp:2957[31m - test condition:  [[31m4 == 2[0m[31m][0m


===============================================================================
Suite global
tests:   42 | [31m4 failed[0m
asserts: 75971 | 41 passed | [31m4 failed[0m



97% tests passed, 1 tests failed out of 35

Label Time Summary:
integration                =  46.22 sec*proc (5 tests)
integration_simd           =  40.88 sec*proc (2 tests)
integration_tile_native    =   4.86 sec*proc (1 test)
integration_tile_system    =   0.31 sec*proc (1 test)
integration_tile_timing    =   0.16 sec*proc (1 test)
integration_tile_xir       =  40.88 sec*proc (2 tests)
unit                       = 306.31 sec*proc (30 tests)
unit_tile                  = 306.31 sec*proc (30 tests)
unit_tile_native           =   0.42 sec*proc (1 test)
unit_tile_poc              = 222.13 sec*proc (12 tests)
unit_tile_system           =   0.33 sec*proc (2 tests)
unit_tile_targets          = 219.07 sec*proc (10 tests)
unit_tile_tirx             = 303.97 sec*proc (21 tests)
unit_tile_xir              =   0.41 sec*proc (1 test)

Total Test time (real) = 235.88 sec

The following tests FAILED:
	 84 - test_tile_tirx_matrix_metal (Failed)              unit unit_tile unit_tile_poc unit_tile_targets unit_tile_tirx
Errors while running CTest
