Test project /tmp/luisa-reduction-checkpoint.gQUERp/build
      Start 50: test_tile_layout
      Start 51: test_tile_ir
 1/35 Test #51: test_tile_ir ..........................   Passed    5.30 sec
      Start 52: test_tile_dsl
 2/35 Test #50: test_tile_layout ......................   Passed    5.48 sec
      Start 53: test_tile_memory
 3/35 Test #52: test_tile_dsl .........................   Passed    0.43 sec
      Start 54: test_tile_xir
 4/35 Test #53: test_tile_memory ......................   Passed    0.75 sec
      Start 55: test_tile_xir_runtime
 5/35 Test #54: test_tile_xir .........................   Passed    1.80 sec
      Start 56: test_tile_xir_llm
 6/35 Test #55: test_tile_xir_runtime .................   Passed   10.22 sec
      Start 57: test_tile_values_cpp20
 7/35 Test #57: test_tile_values_cpp20 ................   Passed    0.42 sec
      Start 58: test_tile_values_cpp23
 8/35 Test #58: test_tile_values_cpp23 ................   Passed    0.41 sec
      Start 59: test_tile_native_codegen
 9/35 Test #59: test_tile_native_codegen ..............   Passed    0.42 sec
      Start 60: test_tile_native_runtime
10/35 Test #60: test_tile_native_runtime ..............   Passed    3.80 sec
      Start 61: test_tile_metal_timing
11/35 Test #61: test_tile_metal_timing ................   Passed    0.88 sec
      Start 62: test_tile_system_cpu
12/35 Test #62: test_tile_system_cpu ..................   Passed    0.40 sec
      Start 63: test_tile_system_metal
13/35 Test #63: test_tile_system_metal ................   Passed    0.09 sec
      Start 64: test_tile_tirx
14/35 Test #64: test_tile_tirx ........................   Passed    0.84 sec
      Start 65: test_tile_tirx_values
15/35 Test #65: test_tile_tirx_values .................   Passed    2.27 sec
      Start 66: test_tile_tirx_execution
16/35 Test #66: test_tile_tirx_execution ..............   Passed    7.42 sec
      Start 67: test_tile_tirx_cooperative
17/35 Test #56: test_tile_xir_llm .....................   Passed   31.43 sec
      Start 68: test_tile_tirx_memory
18/35 Test #67: test_tile_tirx_cooperative ............   Passed    9.03 sec
      Start 69: test_tile_tirx_pipeline
19/35 Test #68: test_tile_tirx_memory .................   Passed    6.34 sec
      Start 70: test_tile_tirx_matrix
20/35 Test #69: test_tile_tirx_pipeline ...............   Passed    4.02 sec
      Start 71: test_tile_tirx_planner
21/35 Test #71: test_tile_tirx_planner ................   Passed    0.45 sec
      Start 72: test_tile_tirx_poc
22/35 Test #72: test_tile_tirx_poc ....................   Passed    2.21 sec
      Start 73: test_tile_tirx_poc_neural
23/35 Test #73: test_tile_tirx_poc_neural .............   Passed    1.88 sec
      Start 74: test_tile_tirx_poc_algorithms
24/35 Test #74: test_tile_tirx_poc_algorithms .........   Passed    0.83 sec
      Start 75: test_tile_tirx_targets
25/35 Test #75: test_tile_tirx_targets ................   Passed    1.60 sec
      Start 76: test_tile_tirx_poc_metal
26/35 Test #76: test_tile_tirx_poc_metal ..............   Passed    0.65 sec
      Start 77: test_tile_tirx_poc_neural_metal
27/35 Test #77: test_tile_tirx_poc_neural_metal .......   Passed    0.31 sec
      Start 78: test_tile_tirx_poc_algorithms_metal
28/35 Test #78: test_tile_tirx_poc_algorithms_metal ...   Passed    0.35 sec
      Start 79: test_tile_tirx_values_metal
29/35 Test #79: test_tile_tirx_values_metal ...........   Passed    1.46 sec
      Start 80: test_tile_tirx_execution_metal
30/35 Test #80: test_tile_tirx_execution_metal ........   Passed   10.06 sec
      Start 81: test_tile_tirx_cooperative_metal
31/35 Test #81: test_tile_tirx_cooperative_metal ......   Passed    6.04 sec
      Start 82: test_tile_tirx_memory_metal
32/35 Test #82: test_tile_tirx_memory_metal ...........   Passed    1.94 sec
      Start 83: test_tile_tirx_pipeline_metal
33/35 Test #83: test_tile_tirx_pipeline_metal .........   Passed    2.25 sec
      Start 84: test_tile_tirx_matrix_metal
34/35 Test #70: test_tile_tirx_matrix .................   Passed   43.88 sec
35/35 Test #84: test_tile_tirx_matrix_metal ...........   Passed  149.32 sec

100% tests passed out of 35

Label Time Summary:
integration                =  46.43 sec*proc (5 tests)
integration_simd           =  41.65 sec*proc (2 tests)
integration_tile_native    =   3.80 sec*proc (1 test)
integration_tile_system    =   0.09 sec*proc (1 test)
integration_tile_timing    =   0.88 sec*proc (1 test)
integration_tile_xir       =  41.65 sec*proc (2 tests)
unit                       = 268.56 sec*proc (30 tests)
unit_tile                  = 268.56 sec*proc (30 tests)
unit_tile_native           =   0.42 sec*proc (1 test)
unit_tile_poc              = 177.32 sec*proc (12 tests)
unit_tile_system           =   0.50 sec*proc (2 tests)
unit_tile_targets          = 173.99 sec*proc (10 tests)
unit_tile_tirx             = 253.16 sec*proc (21 tests)
unit_tile_xir              =   1.80 sec*proc (1 test)

Total Test time (real) = 225.83 sec
