rmsnorm-17x65-r0-whole 1.27713991062 us L1 B32 G0
rmsnorm-17x65-r0-local 33.4591273821 us L8 B32 G0
rmsnorm-17x65-r0-joint_legacy 45.5064620355 us L8 B32 G0
rmsnorm-17x65-r0-joint_tasks 9.66680887372 us L8 B256 G1
rmsnorm-17x65-r1-joint_tasks 9.70667362797 us L8 B256 G1
rmsnorm-17x65-r1-joint_legacy 45.0040907407 us L8 B32 G0
rmsnorm-17x65-r1-local 33.9734375 us L8 B32 G0
rmsnorm-17x65-r1-whole 1.27561926361 us L1 B32 G0
rmsnorm-64x256-r0-whole 33.5849106061 us L1 B32 G0
rmsnorm-64x256-r0-local 34.5203408602 us L8 B64 G0
rmsnorm-64x256-r0-joint_legacy 31.7336314935 us L8 B64 G0
rmsnorm-64x256-r0-joint_tasks 5.4732185654 us L8 B512 G1
rmsnorm-64x256-r1-joint_tasks 5.49685929648 us L8 B512 G1
rmsnorm-64x256-r1-joint_legacy 37.5228892261 us L8 B64 G0
rmsnorm-64x256-r1-local 36.0939466437 us L8 B64 G0
rmsnorm-64x256-r1-whole 32.7068695652 us L1 B32 G0
rmsnorm-1024x4096-r0-whole 522.152371429 us L1 B128 G0
rmsnorm-1024x4096-r0-local 268.239150685 us L8 B1024 G0
rmsnorm-1024x4096-r0-joint_legacy 293.89444 us L8 B1024 G0
rmsnorm-1024x4096-r0-joint_tasks 269.862341772 us L8 B1024 G1
rmsnorm-1024x4096-r1-joint_tasks 259.853583333 us L8 B1024 G1
rmsnorm-1024x4096-r1-joint_legacy 268.186666667 us L8 B1024 G0
rmsnorm-1024x4096-r1-local 268.882633803 us L8 B1024 G0
rmsnorm-1024x4096-r1-whole 519.059846154 us L1 B128 G0
gelu_residual-64x256-r0-whole 66.0818498024 us L1 B32 G0
gelu_residual-64x256-r0-local 60.0885873926 us L8 B64 G0
gelu_residual-64x256-r0-joint_legacy 59.2020050633 us L8 B64 G0
gelu_residual-64x256-r0-joint_tasks 39.9113545817 us L8 B512 G1
gelu_residual-64x256-r1-joint_tasks 39.7622011952 us L8 B512 G1
gelu_residual-64x256-r1-joint_legacy 59.4061878788 us L8 B64 G0
gelu_residual-64x256-r1-local 59.8807285223 us L8 B64 G0
gelu_residual-64x256-r1-whole 65.388608871 us L1 B32 G0
swiglu-64x256-r0-whole 53.2098823529 us L1 B32 G0
swiglu-64x256-r0-local 48.8335461538 us L8 B64 G0
swiglu-64x256-r0-joint_legacy 48.1962939698 us L8 B64 G0
swiglu-64x256-r0-joint_tasks 22.2117122222 us L8 B512 G1
swiglu-64x256-r1-joint_tasks 22.6450922222 us L8 B512 G1
swiglu-64x256-r1-joint_legacy 48.1513044693 us L8 B64 G0
swiglu-64x256-r1-local 46.9552638037 us L8 B64 G0
swiglu-64x256-r1-whole 54.3723300971 us L1 B32 G0
