rmsnorm-17x66-r0-grain_0 38.6432358277 us L8 B32 G0
rmsnorm-17x66-r0-grain_1 48.2906908665 us L8 B32 G1
rmsnorm-17x66-r0-grain_3 50.0914962687 us L8 B32 G3
rmsnorm-17x66-r0-grain_4294967295 9.63794514563 us L8 B32 G4294967295
rmsnorm-17x66-r1-grain_4294967295 9.54768512277 us L8 B32 G4294967295
rmsnorm-17x66-r1-grain_3 32.7007467994 us L8 B32 G3
rmsnorm-17x66-r1-grain_1 35.7851145299 us L8 B32 G1
rmsnorm-17x66-r1-grain_0 33.8383353175 us L8 B32 G0
rmsnorm-129x768-r0-grain_0 50.7893861671 us L8 B32 G0
rmsnorm-129x768-r0-grain_1 52.501611418 us L8 B32 G1
rmsnorm-129x768-r0-grain_3 48.603824356 us L8 B32 G3
rmsnorm-129x768-r0-grain_4294967295 25.5014942382 us L8 B32 G4294967295
rmsnorm-129x768-r1-grain_4294967295 25.8233891051 us L8 B32 G4294967295
rmsnorm-129x768-r1-grain_3 51.0213558994 us L8 B32 G3
rmsnorm-129x768-r1-grain_1 55.4998888889 us L8 B32 G1
rmsnorm-129x768-r1-grain_0 55.0282821229 us L8 B32 G0
rmsnorm-1024x4096-r0-grain_0 285.526408451 us L8 B32 G0
rmsnorm-1024x4096-r0-grain_1 271.837837838 us L8 B32 G1
rmsnorm-1024x4096-r0-grain_3 260.634194805 us L8 B32 G3
rmsnorm-1024x4096-r0-grain_4294967295 1120.77941176 us L8 B32 G4294967295
rmsnorm-1024x4096-r1-grain_4294967295 1115.4375 us L8 B32 G4294967295
rmsnorm-1024x4096-r1-grain_3 257.2526 us L8 B32 G3
rmsnorm-1024x4096-r1-grain_1 275.142605634 us L8 B32 G1
rmsnorm-1024x4096-r1-grain_0 276.50056 us L8 B32 G0
layernorm-17x66-r0-grain_0 38.8927865613 us L8 B32 G0
layernorm-17x66-r0-grain_1 38.5674603175 us L8 B32 G1
layernorm-17x66-r0-grain_3 38.3518957346 us L8 B32 G3
layernorm-17x66-r0-grain_4294967295 15.5809898438 us L8 B32 G4294967295
layernorm-17x66-r1-grain_4294967295 15.6005455963 us L8 B32 G4294967295
layernorm-17x66-r1-grain_3 37.5379924953 us L8 B32 G3
layernorm-17x66-r1-grain_1 38.0261160287 us L8 B32 G1
layernorm-17x66-r1-grain_0 38.8451289782 us L8 B32 G0
layernorm-129x768-r0-grain_0 62.2742857143 us L8 B32 G0
layernorm-129x768-r0-grain_1 63.0350539683 us L8 B32 G1
layernorm-129x768-r0-grain_3 61.1728141593 us L8 B32 G3
layernorm-129x768-r0-grain_4294967295 42.2361701245 us L8 B32 G4294967295
layernorm-129x768-r1-grain_4294967295 42.3073703704 us L8 B32 G4294967295
layernorm-129x768-r1-grain_3 60.6044181818 us L8 B32 G3
layernorm-129x768-r1-grain_1 61.2083316456 us L8 B32 G1
layernorm-129x768-r1-grain_0 63.6267938462 us L8 B32 G0
layernorm-1024x4096-r0-grain_0 349.747844828 us L8 B32 G0
layernorm-1024x4096-r0-grain_1 362.762931034 us L8 B32 G1
layernorm-1024x4096-r0-grain_3 333.070360656 us L8 B32 G3
layernorm-1024x4096-r0-grain_4294967295 1923.0583 us L8 B32 G4294967295
layernorm-1024x4096-r1-grain_4294967295 1868.9541 us L8 B32 G4294967295
layernorm-1024x4096-r1-grain_3 335.846961538 us L8 B32 G3
layernorm-1024x4096-r1-grain_1 345.623551724 us L8 B32 G1
layernorm-1024x4096-r1-grain_0 369.841813559 us L8 B32 G0
masked_softmax-17x66-r0-grain_0 42.4269736842 us L8 B32 G0
masked_softmax-17x66-r0-grain_1 41.7311282468 us L8 B32 G1
masked_softmax-17x66-r0-grain_3 41.898292196 us L8 B32 G3
masked_softmax-17x66-r0-grain_4294967295 20.3610406091 us L8 B32 G4294967295
masked_softmax-17x66-r1-grain_4294967295 19.6565594059 us L8 B32 G4294967295
masked_softmax-17x66-r1-grain_3 41.3349737336 us L8 B32 G3
masked_softmax-17x66-r1-grain_1 41.1655395833 us L8 B32 G1
masked_softmax-17x66-r1-grain_0 40.4286359649 us L8 B32 G0
masked_softmax-129x768-r0-grain_0 84.748017316 us L8 B32 G0
masked_softmax-129x768-r0-grain_1 85.2640136364 us L8 B32 G1
masked_softmax-129x768-r0-grain_3 89.366668 us L8 B32 G3
masked_softmax-129x768-r0-grain_4294967295 228.172352273 us L8 B32 G4294967295
masked_softmax-129x768-r1-grain_4294967295 227.535372093 us L8 B32 G4294967295
masked_softmax-129x768-r1-grain_3 82.5488702703 us L8 B32 G3
masked_softmax-129x768-r1-grain_1 86.4461407407 us L8 B32 G1
masked_softmax-129x768-r1-grain_0 86.5282079646 us L8 B32 G0
masked_softmax-1024x4096-r0-grain_0 1382.37207143 us L8 B32 G0
masked_softmax-1024x4096-r0-grain_1 1379.02678571 us L8 B32 G1
masked_softmax-1024x4096-r0-grain_3 1390.38392857 us L8 B32 G3
masked_softmax-1024x4096-r0-grain_4294967295 9792.6455 us L8 B32 G4294967295
masked_softmax-1024x4096-r1-grain_4294967295 9781.5415 us L8 B32 G4294967295
masked_softmax-1024x4096-r1-grain_3 1393.00892857 us L8 B32 G3
masked_softmax-1024x4096-r1-grain_1 1380.74107143 us L8 B32 G1
masked_softmax-1024x4096-r1-grain_0 1378.64878571 us L8 B32 G0
swiglu-17x66-r0-grain_0 34.2821742044 us L8 B32 G0
swiglu-17x66-r0-grain_1 34.9330537815 us L8 B32 G1
swiglu-17x66-r0-grain_3 32.4537107001 us L8 B32 G3
swiglu-17x66-r0-grain_4294967295 9.93241039339 us L8 B32 G4294967295
swiglu-17x66-r1-grain_4294967295 9.60278733688 us L8 B32 G4294967295
swiglu-17x66-r1-grain_3 33.6370570866 us L8 B32 G3
swiglu-17x66-r1-grain_1 33.3326481481 us L8 B32 G1
swiglu-17x66-r1-grain_0 34.0755021521 us L8 B32 G0
swiglu-129x768-r0-grain_0 73.697615942 us L8 B32 G0
swiglu-129x768-r0-grain_1 73.2726480836 us L8 B32 G1
swiglu-129x768-r0-grain_3 69.795820598 us L8 B32 G3
swiglu-129x768-r0-grain_4294967295 132.47278 us L8 B32 G4294967295
swiglu-129x768-r1-grain_4294967295 132.62 us L8 B32 G4294967295
swiglu-129x768-r1-grain_3 70.7276699346 us L8 B32 G3
swiglu-129x768-r1-grain_1 73.7284896755 us L8 B32 G1
swiglu-129x768-r1-grain_0 73.8090177936 us L8 B32 G0
swiglu-1024x4096-r0-grain_0 882.030826087 us L8 B32 G0
swiglu-1024x4096-r0-grain_1 845.733695652 us L8 B32 G1
swiglu-1024x4096-r0-grain_3 837.487304348 us L8 B32 G3
swiglu-1024x4096-r0-grain_4294967295 5644 us L8 B32 G4294967295
swiglu-1024x4096-r1-grain_4294967295 5639.43066667 us L8 B32 G4294967295
swiglu-1024x4096-r1-grain_3 919.831521739 us L8 B32 G3
swiglu-1024x4096-r1-grain_1 847.509086957 us L8 B32 G1
swiglu-1024x4096-r1-grain_0 850.083347826 us L8 B32 G0
gelu_residual-17x66-r0-grain_0 36.2453095685 us L8 B32 G0
gelu_residual-17x66-r0-grain_1 35.4926861702 us L8 B32 G1
gelu_residual-17x66-r0-grain_3 35.8281349693 us L8 B32 G3
gelu_residual-17x66-r0-grain_4294967295 12.0374651861 us L8 B32 G4294967295
gelu_residual-17x66-r1-grain_4294967295 11.9361479685 us L8 B32 G4294967295
gelu_residual-17x66-r1-grain_3 33.5088138748 us L8 B32 G3
gelu_residual-17x66-r1-grain_1 39.9292692308 us L8 B32 G1
gelu_residual-17x66-r1-grain_0 35.2997218935 us L8 B32 G0
gelu_residual-129x768-r0-grain_0 85.9765546559 us L8 B32 G0
gelu_residual-129x768-r0-grain_1 85.7652103175 us L8 B32 G1
gelu_residual-129x768-r0-grain_3 82 us L8 B32 G3
gelu_residual-129x768-r0-grain_4294967295 239.382109756 us L8 B32 G4294967295
gelu_residual-129x768-r1-grain_4294967295 238.626506024 us L8 B32 G4294967295
gelu_residual-129x768-r1-grain_3 83.2157422222 us L8 B32 G3
gelu_residual-129x768-r1-grain_1 85.9165057034 us L8 B32 G1
gelu_residual-129x768-r1-grain_0 86.1910046729 us L8 B32 G0
gelu_residual-1024x4096-r0-grain_0 1457.66669231 us L8 B32 G0
gelu_residual-1024x4096-r0-grain_1 1457.04807692 us L8 B32 G1
gelu_residual-1024x4096-r0-grain_3 1468.19441667 us L8 B32 G3
gelu_residual-1024x4096-r0-grain_4294967295 10234.3955 us L8 B32 G4294967295
gelu_residual-1024x4096-r1-grain_4294967295 10238.875 us L8 B32 G4294967295
gelu_residual-1024x4096-r1-grain_3 1469.00646154 us L8 B32 G3
gelu_residual-1024x4096-r1-grain_1 1465.77238462 us L8 B32 G1
gelu_residual-1024x4096-r1-grain_0 1456.48392308 us L8 B32 G0
rope-17x66-r0-grain_0 34.137092869 us L8 B32 G0
rope-17x66-r0-grain_1 34.1554771109 us L8 B32 G1
rope-17x66-r0-grain_3 33.057579288 us L8 B32 G3
rope-17x66-r0-grain_4294967295 9.22957244656 us L8 B32 G4294967295
rope-17x66-r1-grain_4294967295 9.19839006095 us L8 B32 G4294967295
rope-17x66-r1-grain_3 32.9754250412 us L8 B32 G3
rope-17x66-r1-grain_1 34.6992357595 us L8 B32 G1
rope-17x66-r1-grain_0 35.1471866883 us L8 B32 G0
rope-129x768-r0-grain_0 56.5572766571 us L8 B32 G0
rope-129x768-r0-grain_1 56.2441615202 us L8 B32 G1
rope-129x768-r0-grain_3 54.1023969697 us L8 B32 G3
rope-129x768-r0-grain_4294967295 27.5115517241 us L8 B32 G4294967295
rope-129x768-r1-grain_4294967295 27.8480857538 us L8 B32 G4294967295
rope-129x768-r1-grain_3 53.43128 us L8 B32 G3
rope-129x768-r1-grain_1 56.5805018868 us L8 B32 G1
rope-129x768-r1-grain_0 56.5037313433 us L8 B32 G0
rope-1024x4096-r0-grain_0 416.31582 us L8 B32 G0
rope-1024x4096-r0-grain_1 418.325173913 us L8 B32 G1
rope-1024x4096-r0-grain_3 383.421377358 us L8 B32 G3
rope-1024x4096-r0-grain_4294967295 1388.80057143 us L8 B32 G4294967295
rope-1024x4096-r1-grain_4294967295 1306.84446667 us L8 B32 G4294967295
rope-1024x4096-r1-grain_3 385.772442308 us L8 B32 G3
rope-1024x4096-r1-grain_1 420.713068182 us L8 B32 G1
rope-1024x4096-r1-grain_0 425.589673913 us L8 B32 G0
