rmsnorm-17x65-r0-whole 1.32256507391 us L1 B32 G0
rmsnorm-17x65-r0-local 41.3431056701 us L8 B32 G0
rmsnorm-17x65-r0-joint_legacy 38.4599682243 us L8 B32 G0
rmsnorm-17x65-r0-joint_tasks 9.6303792234 us L8 B256 G1
rmsnorm-17x65-r1-joint_tasks 9.64416288452 us L8 B256 G1
rmsnorm-17x65-r1-joint_legacy 33.9191303763 us L8 B32 G0
rmsnorm-17x65-r1-local 33.7405225564 us L8 B32 G0
rmsnorm-17x65-r1-whole 1.27496296566 us L1 B32 G0
rmsnorm-64x256-r0-whole 42.6334225722 us L1 B32 G0
rmsnorm-64x256-r0-local 35.8512758007 us L8 B64 G0
rmsnorm-64x256-r0-joint_legacy 32.5456769984 us L8 B64 G0
rmsnorm-64x256-r0-joint_tasks 5.60960587583 us L8 B512 G1
rmsnorm-64x256-r1-joint_tasks 5.47762531646 us L8 B512 G1
rmsnorm-64x256-r1-joint_legacy 35.6550285423 us L8 B64 G0
rmsnorm-64x256-r1-local 35.7716041667 us L8 B64 G0
rmsnorm-64x256-r1-whole 33.7612068966 us L1 B32 G0
rmsnorm-1024x4096-r0-whole 534.239864865 us L1 B128 G0
rmsnorm-1024x4096-r0-local 262.991910448 us L8 B1024 G0
rmsnorm-1024x4096-r0-joint_legacy 275.867328947 us L8 B1024 G0
rmsnorm-1024x4096-r0-joint_tasks 273.889064935 us L8 B1024 G1
rmsnorm-1024x4096-r1-joint_tasks 263.237545455 us L8 B1024 G1
rmsnorm-1024x4096-r1-joint_legacy 271.070378378 us L8 B1024 G0
rmsnorm-1024x4096-r1-local 270.761106667 us L8 B1024 G0
rmsnorm-1024x4096-r1-whole 535.173611111 us L1 B128 G0
gelu_residual-64x256-r0-whole 65.6648305085 us L1 B32 G0
gelu_residual-64x256-r0-local 59.7962408537 us L8 B64 G0
gelu_residual-64x256-r0-joint_legacy 58.5952543353 us L8 B64 G0
gelu_residual-64x256-r0-joint_tasks 39.7949801193 us L8 B512 G1
gelu_residual-64x256-r1-joint_tasks 39.832502994 us L8 B512 G1
gelu_residual-64x256-r1-joint_legacy 58.1764867841 us L8 B64 G0
gelu_residual-64x256-r1-local 59.6083740648 us L8 B64 G0
gelu_residual-64x256-r1-whole 66.3371501832 us L1 B32 G0
swiglu-64x256-r0-whole 53.5658967391 us L1 B32 G0
swiglu-64x256-r0-local 49.0029894515 us L8 B64 G0
swiglu-64x256-r0-joint_legacy 47.7444805195 us L8 B64 G0
swiglu-64x256-r0-joint_tasks 22.16162 us L8 B512 G1
swiglu-64x256-r1-joint_tasks 22.3051371237 us L8 B512 G1
swiglu-64x256-r1-joint_legacy 48.6014099783 us L8 B64 G0
swiglu-64x256-r1-local 48.3374758065 us L8 B64 G0
swiglu-64x256-r1-whole 53.5438228883 us L1 B32 G0
