metal gemm_1025x1025x1024 ...
  JIT trial 1/15: block=(32, 64, 128), window=1, threads=auto, copy_batch=1, shared_tiles=preserve, row_packing=auto, unroll=1, lane_elements=1, input_cache=False
    validated; native model 7503.375 score units
  JIT trial 2/15: block=(32, 64, 512), window=1, threads=auto, copy_batch=1, shared_tiles=preserve, row_packing=auto, unroll=1, lane_elements=1, input_cache=False
    validated; native model 7358.742 score units
  JIT trial 3/15: block=(32, 64, 4096), window=1, threads=auto, copy_batch=1, shared_tiles=preserve, row_packing=auto, unroll=1, lane_elements=1, input_cache=False
    validated; native model 7299.574 score units
  JIT trial 4/15: block=(64, 64, 128), window=1, threads=auto, copy_batch=1, shared_tiles=preserve, row_packing=auto, unroll=1, lane_elements=1, input_cache=False
    validated; native model 7459.812 score units
  JIT trial 5/15: block=(64, 64, 512), window=1, threads=auto, copy_batch=1, shared_tiles=preserve, row_packing=auto, unroll=1, lane_elements=1, input_cache=False
    validated; native model 7351.438 score units
  JIT trial 6/15: block=(64, 64, 4096), window=1, threads=auto, copy_batch=1, shared_tiles=preserve, row_packing=auto, unroll=1, lane_elements=1, input_cache=False
    validated; native model 7297.250 score units
  JIT trial 7/15: block=(128, 32, 128), window=1, threads=auto, copy_batch=1, shared_tiles=preserve, row_packing=auto, unroll=1, lane_elements=1, input_cache=False
    validated; native model 7796.250 score units
  JIT trial 8/15: block=(128, 32, 512), window=1, threads=auto, copy_batch=1, shared_tiles=preserve, row_packing=auto, unroll=1, lane_elements=1, input_cache=False
    validated; native model 7559.578 score units
  JIT trial 9/15: block=(128, 32, 4096), window=1, threads=auto, copy_batch=1, shared_tiles=preserve, row_packing=auto, unroll=1, lane_elements=1, input_cache=False
    validated; native model 7483.008 score units
  JIT trial 10/15: block=(128, 64, 128), window=1, threads=auto, copy_batch=1, shared_tiles=preserve, row_packing=auto, unroll=1, lane_elements=1, input_cache=False
    validated; native model 7841.250 score units
  JIT trial 11/15: block=(128, 64, 512), window=1, threads=auto, copy_batch=1, shared_tiles=preserve, row_packing=auto, unroll=1, lane_elements=1, input_cache=False
    validated; native model 7683.469 score units
  JIT trial 12/15: block=(128, 64, 4096), window=1, threads=auto, copy_batch=1, shared_tiles=preserve, row_packing=auto, unroll=1, lane_elements=1, input_cache=False
    validated; native model 7618.922 score units
  JIT trial 13/15: block=(64, 128, 128), window=1, threads=auto, copy_batch=1, shared_tiles=preserve, row_packing=auto, unroll=1, lane_elements=1, input_cache=False
    validated; native model 7917.750 score units
  JIT trial 14/15: block=(64, 128, 512), window=1, threads=auto, copy_batch=1, shared_tiles=preserve, row_packing=auto, unroll=1, lane_elements=1, input_cache=False
    validated; native model 7759.969 score units
  JIT trial 15/15: block=(64, 128, 4096), window=1, threads=auto, copy_batch=1, shared_tiles=preserve, row_packing=auto, unroll=1, lane_elements=1, input_cache=False
    validated; native model 7695.422 score units
  Selected block=(64, 64, 4096), window=1, threads=auto, copy_batch=1, shared_tiles=preserve, row_packing=auto, unroll=1, lane_elements=1, input_cache=False; fresh validation/timing
  validated; native 1521.750 us, torch 738.145 us, ratio 2.06x
Results: /Users/mike/CLionProjects/luisa/scripts/benchmark/tile_torch/results/m1-max-20260906-realized-work/selection/1025x1025x1024-candidate/results.md
