metal gemm_2049x4097x1025 ...
  JIT trial 1/15: block=(32, 64, 128), window=1, threads=auto, copy_batch=1, shared_tiles=preserve, row_packing=auto, unroll=1, lane_elements=1, input_cache=False
    validated; native model 69299.902 score units
  JIT trial 2/15: block=(32, 64, 512), window=1, threads=auto, copy_batch=1, shared_tiles=preserve, row_packing=auto, unroll=1, lane_elements=1, input_cache=False
    validated; native model 85440.723 score units
  JIT trial 3/15: block=(32, 64, 4096), window=1, threads=auto, copy_batch=1, shared_tiles=preserve, row_packing=auto, unroll=1, lane_elements=1, input_cache=False
    validated; native model 219749.512 score units
  JIT trial 4/15: block=(64, 64, 128), window=1, threads=auto, copy_batch=1, shared_tiles=preserve, row_packing=auto, unroll=1, lane_elements=1, input_cache=False
    validated; native model 68103.750 score units
  JIT trial 5/15: block=(64, 64, 512), window=1, threads=auto, copy_batch=1, shared_tiles=preserve, row_packing=auto, unroll=1, lane_elements=1, input_cache=False
    validated; native model 84191.250 score units
  JIT trial 6/15: block=(64, 64, 4096), window=1, threads=auto, copy_batch=1, shared_tiles=preserve, row_packing=auto, unroll=1, lane_elements=1, input_cache=False
    validated; native model 216645.000 score units
  JIT trial 7/15: block=(128, 32, 128), window=1, threads=auto, copy_batch=1, shared_tiles=preserve, row_packing=auto, unroll=1, lane_elements=1, input_cache=False
    validated; native model 70707.117 score units
  JIT trial 8/15: block=(128, 32, 512), window=1, threads=auto, copy_batch=1, shared_tiles=preserve, row_packing=auto, unroll=1, lane_elements=1, input_cache=False
    validated; native model 86126.648 score units
  JIT trial 9/15: block=(128, 32, 4096), window=1, threads=auto, copy_batch=1, shared_tiles=preserve, row_packing=auto, unroll=1, lane_elements=1, input_cache=False
    validated; native model 220550.695 score units
  JIT trial 10/15: block=(128, 64, 128), window=1, threads=auto, copy_batch=1, shared_tiles=preserve, row_packing=auto, unroll=1, lane_elements=1, input_cache=False
    validated; native model 69701.328 score units
  JIT trial 11/15: block=(128, 64, 512), window=1, threads=auto, copy_batch=1, shared_tiles=preserve, row_packing=auto, unroll=1, lane_elements=1, input_cache=False
    validated; native model 85654.766 score units
  JIT trial 12/15: block=(128, 64, 4096), window=1, threads=auto, copy_batch=1, shared_tiles=preserve, row_packing=auto, unroll=1, lane_elements=1, input_cache=False
    validated; native model 219946.797 score units
  JIT trial 13/15: block=(64, 128, 128), window=1, threads=auto, copy_batch=1, shared_tiles=preserve, row_packing=auto, unroll=1, lane_elements=1, input_cache=False
    validated; native model 69304.641 score units
  JIT trial 14/15: block=(64, 128, 512), window=1, threads=auto, copy_batch=1, shared_tiles=preserve, row_packing=auto, unroll=1, lane_elements=1, input_cache=False
    validated; native model 85231.266 score units
  JIT trial 15/15: block=(64, 128, 4096), window=1, threads=auto, copy_batch=1, shared_tiles=preserve, row_packing=auto, unroll=1, lane_elements=1, input_cache=False
    validated; native model 218940.047 score units
  Selected block=(64, 64, 128), window=1, threads=auto, copy_batch=1, shared_tiles=preserve, row_packing=auto, unroll=1, lane_elements=1, input_cache=False; fresh validation/timing
  validated; native 4962.167 us, torch 2901.375 us, ratio 1.71x
Results: /Users/mike/CLionProjects/luisa/scripts/benchmark/tile_torch/results/m1-max-20260906-realized-work/selection/2049x4097x1025-reference/results.md
