metal gemm_2049x4097x1025 ...
  JIT trial 1/15: block=(32, 64, 128), window=1, threads=auto, copy_batch=1, shared_tiles=preserve, row_packing=auto, unroll=1, lane_elements=1, input_cache=False
    validated; native model 56744.040 score units
  JIT trial 2/15: block=(32, 64, 512), window=1, threads=auto, copy_batch=1, shared_tiles=preserve, row_packing=auto, unroll=1, lane_elements=1, input_cache=False
    validated; native model 55654.782 score units
  JIT trial 3/15: block=(32, 64, 4096), window=1, threads=auto, copy_batch=1, shared_tiles=preserve, row_packing=auto, unroll=1, lane_elements=1, input_cache=False
    validated; native model 55027.634 score units
  JIT trial 4/15: block=(64, 64, 128), window=1, threads=auto, copy_batch=1, shared_tiles=preserve, row_packing=auto, unroll=1, lane_elements=1, input_cache=False
    validated; native model 55554.243 score units
  JIT trial 5/15: block=(64, 64, 512), window=1, threads=auto, copy_batch=1, shared_tiles=preserve, row_packing=auto, unroll=1, lane_elements=1, input_cache=False
    validated; native model 54749.868 score units
  JIT trial 6/15: block=(64, 64, 4096), window=1, threads=auto, copy_batch=1, shared_tiles=preserve, row_packing=auto, unroll=1, lane_elements=1, input_cache=False
    validated; native model 54213.618 score units
  JIT trial 7/15: block=(128, 32, 128), window=1, threads=auto, copy_batch=1, shared_tiles=preserve, row_packing=auto, unroll=1, lane_elements=1, input_cache=False
    validated; native model 57910.780 score units
  JIT trial 8/15: block=(128, 32, 512), window=1, threads=auto, copy_batch=1, shared_tiles=preserve, row_packing=auto, unroll=1, lane_elements=1, input_cache=False
    validated; native model 56163.233 score units
  JIT trial 9/15: block=(128, 32, 4096), window=1, threads=auto, copy_batch=1, shared_tiles=preserve, row_packing=auto, unroll=1, lane_elements=1, input_cache=False
    validated; native model 55306.593 score units
  JIT trial 10/15: block=(128, 64, 128), window=1, threads=auto, copy_batch=1, shared_tiles=preserve, row_packing=auto, unroll=1, lane_elements=1, input_cache=False
    validated; native model 56874.318 score units
  JIT trial 11/15: block=(128, 64, 512), window=1, threads=auto, copy_batch=1, shared_tiles=preserve, row_packing=auto, unroll=1, lane_elements=1, input_cache=False
    validated; native model 55734.786 score units
  JIT trial 12/15: block=(128, 64, 4096), window=1, threads=auto, copy_batch=1, shared_tiles=preserve, row_packing=auto, unroll=1, lane_elements=1, input_cache=False
    validated; native model 55078.693 score units
  JIT trial 13/15: block=(64, 128, 128), window=1, threads=auto, copy_batch=1, shared_tiles=preserve, row_packing=auto, unroll=1, lane_elements=1, input_cache=False
    validated; native model 56595.830 score units
  JIT trial 14/15: block=(64, 128, 512), window=1, threads=auto, copy_batch=1, shared_tiles=preserve, row_packing=auto, unroll=1, lane_elements=1, input_cache=False
    validated; native model 55472.799 score units
  JIT trial 15/15: block=(64, 128, 4096), window=1, threads=auto, copy_batch=1, shared_tiles=preserve, row_packing=auto, unroll=1, lane_elements=1, input_cache=False
    validated; native model 54826.205 score units
  Selected block=(64, 64, 4096), window=1, threads=auto, copy_batch=1, shared_tiles=preserve, row_packing=auto, unroll=1, lane_elements=1, input_cache=False; fresh validation/timing
  validated; native 3621.083 us, torch 4462.791 us, ratio 0.81x
Results: /Users/mike/CLionProjects/luisa/scripts/benchmark/tile_torch/results/m1-max-20260906-realized-work/selection/2049x4097x1025-candidate/results.md
