metal gemm_4097x4097x4096 ...
  JIT trial 1/15: block=(32, 64, 128), window=1, threads=auto, copy_batch=1, shared_tiles=preserve, row_packing=auto, unroll=1, lane_elements=1, input_cache=False
    validated; native model 480303.281 score units
  JIT trial 2/15: block=(32, 64, 512), window=1, threads=auto, copy_batch=1, shared_tiles=preserve, row_packing=auto, unroll=1, lane_elements=1, input_cache=False
    validated; native model 446501.250 score units
  JIT trial 3/15: block=(32, 64, 4096), window=1, threads=auto, copy_batch=1, shared_tiles=preserve, row_packing=auto, unroll=1, lane_elements=1, input_cache=False
    validated; native model 436118.262 score units
  JIT trial 4/15: block=(64, 64, 128), window=1, threads=auto, copy_batch=1, shared_tiles=preserve, row_packing=auto, unroll=1, lane_elements=1, input_cache=False
    validated; native model 468182.812 score units
  JIT trial 5/15: block=(64, 64, 512), window=1, threads=auto, copy_batch=1, shared_tiles=preserve, row_packing=auto, unroll=1, lane_elements=1, input_cache=False
    validated; native model 436495.312 score units
  JIT trial 6/15: block=(64, 64, 4096), window=1, threads=auto, copy_batch=1, shared_tiles=preserve, row_packing=auto, unroll=1, lane_elements=1, input_cache=False
    validated; native model 426725.000 score units
  JIT trial 7/15: block=(128, 32, 128), window=1, threads=auto, copy_batch=1, shared_tiles=preserve, row_packing=auto, unroll=1, lane_elements=1, input_cache=False
    validated; native model 479178.562 score units
  JIT trial 8/15: block=(128, 32, 512), window=1, threads=auto, copy_batch=1, shared_tiles=preserve, row_packing=auto, unroll=1, lane_elements=1, input_cache=False
    validated; native model 440067.375 score units
  JIT trial 9/15: block=(128, 32, 4096), window=1, threads=auto, copy_batch=1, shared_tiles=preserve, row_packing=auto, unroll=1, lane_elements=1, input_cache=False
    validated; native model 428127.820 score units
  JIT trial 10/15: block=(128, 64, 128), window=1, threads=auto, copy_batch=1, shared_tiles=preserve, row_packing=auto, unroll=1, lane_elements=1, input_cache=False
    validated; native model 472168.125 score units
  JIT trial 11/15: block=(128, 64, 512), window=1, threads=auto, copy_batch=1, shared_tiles=preserve, row_packing=auto, unroll=1, lane_elements=1, input_cache=False
    validated; native model 437580.000 score units
  JIT trial 12/15: block=(128, 64, 4096), window=1, threads=auto, copy_batch=1, shared_tiles=preserve, row_packing=auto, unroll=1, lane_elements=1, input_cache=False
    validated; native model 426955.547 score units
  JIT trial 13/15: block=(64, 128, 128), window=1, threads=auto, copy_batch=1, shared_tiles=preserve, row_packing=auto, unroll=1, lane_elements=1, input_cache=False
    validated; native model 476458.125 score units
  JIT trial 14/15: block=(64, 128, 512), window=1, threads=auto, copy_batch=1, shared_tiles=preserve, row_packing=auto, unroll=1, lane_elements=1, input_cache=False
    validated; native model 441870.000 score units
  JIT trial 15/15: block=(64, 128, 4096), window=1, threads=auto, copy_batch=1, shared_tiles=preserve, row_packing=auto, unroll=1, lane_elements=1, input_cache=False
    validated; native model 431245.547 score units
  Selected block=(64, 64, 4096), window=1, threads=auto, copy_batch=1, shared_tiles=preserve, row_packing=auto, unroll=1, lane_elements=1, input_cache=False; fresh validation/timing
  validated; native 23832.542 us, torch 23176.209 us, ratio 1.03x
Results: /Users/mike/CLionProjects/luisa/scripts/benchmark/tile_torch/results/m1-max-20260906-realized-work/selection/4097x4097x4096-reference/results.md
