[0/2] Re-checking globbed directories...
[1/27] Embedding metal built-in sources...
[2/21] Linking CXX executable bin/test_tile_native_runtime
ld: warning: building for macOS-13.0, but linking with dylib '@rpath/libtvm_compiler.dylib' which was built for newer version 26.0
ld: warning: building for macOS-13.0, but linking with dylib '@rpath/libtvm_runtime.dylib' which was built for newer version 26.0
ld: warning: building for macOS-13.0, but linking with dylib '@rpath/libtvm_ffi.dylib' which was built for newer version 26.0
ld: warning: building for macOS-13.0, but linking with dylib '@rpath/libtvm_runtime_metal.dylib' which was built for newer version 26.0
ld: warning: building for macOS-13.0, but linking with dylib '@rpath/libtvm_runtime_extra.dylib' which was built for newer version 26.0
[3/21] Linking CXX executable bin/test_tile_tirx
ld: warning: building for macOS-13.0, but linking with dylib '@rpath/libtvm_compiler.dylib' which was built for newer version 26.0
ld: warning: building for macOS-13.0, but linking with dylib '@rpath/libtvm_runtime.dylib' which was built for newer version 26.0
ld: warning: building for macOS-13.0, but linking with dylib '@rpath/libtvm_ffi.dylib' which was built for newer version 26.0
ld: warning: building for macOS-13.0, but linking with dylib '@rpath/libtvm_runtime_metal.dylib' which was built for newer version 26.0
ld: warning: building for macOS-13.0, but linking with dylib '@rpath/libtvm_runtime_extra.dylib' which was built for newer version 26.0
[4/21] Linking CXX executable bin/test_tile_xir_runtime
ld: warning: building for macOS-13.0, but linking with dylib '@rpath/libtvm_compiler.dylib' which was built for newer version 26.0
ld: warning: building for macOS-13.0, but linking with dylib '@rpath/libtvm_runtime.dylib' which was built for newer version 26.0
ld: warning: building for macOS-13.0, but linking with dylib '@rpath/libtvm_ffi.dylib' which was built for newer version 26.0
ld: warning: building for macOS-13.0, but linking with dylib '@rpath/libtvm_runtime_metal.dylib' which was built for newer version 26.0
ld: warning: building for macOS-13.0, but linking with dylib '@rpath/libtvm_runtime_extra.dylib' which was built for newer version 26.0
[5/21] Linking CXX executable bin/test_tile_tirx_values
ld: warning: building for macOS-13.0, but linking with dylib '@rpath/libtvm_compiler.dylib' which was built for newer version 26.0
ld: warning: building for macOS-13.0, but linking with dylib '@rpath/libtvm_runtime.dylib' which was built for newer version 26.0
ld: warning: building for macOS-13.0, but linking with dylib '@rpath/libtvm_ffi.dylib' which was built for newer version 26.0
ld: warning: building for macOS-13.0, but linking with dylib '@rpath/libtvm_runtime_metal.dylib' which was built for newer version 26.0
ld: warning: building for macOS-13.0, but linking with dylib '@rpath/libtvm_runtime_extra.dylib' which was built for newer version 26.0
[6/21] Linking CXX executable bin/test_tile_xir_llm
ld: warning: building for macOS-13.0, but linking with dylib '@rpath/libtvm_compiler.dylib' which was built for newer version 26.0
ld: warning: building for macOS-13.0, but linking with dylib '@rpath/libtvm_runtime.dylib' which was built for newer version 26.0
ld: warning: building for macOS-13.0, but linking with dylib '@rpath/libtvm_ffi.dylib' which was built for newer version 26.0
ld: warning: building for macOS-13.0, but linking with dylib '@rpath/libtvm_runtime_metal.dylib' which was built for newer version 26.0
ld: warning: building for macOS-13.0, but linking with dylib '@rpath/libtvm_runtime_extra.dylib' which was built for newer version 26.0
[7/21] Linking CXX executable bin/test_tile_tirx_execution
ld: warning: building for macOS-13.0, but linking with dylib '@rpath/libtvm_compiler.dylib' which was built for newer version 26.0
ld: warning: building for macOS-13.0, but linking with dylib '@rpath/libtvm_runtime.dylib' which was built for newer version 26.0
ld: warning: building for macOS-13.0, but linking with dylib '@rpath/libtvm_ffi.dylib' which was built for newer version 26.0
ld: warning: building for macOS-13.0, but linking with dylib '@rpath/libtvm_runtime_metal.dylib' which was built for newer version 26.0
ld: warning: building for macOS-13.0, but linking with dylib '@rpath/libtvm_runtime_extra.dylib' which was built for newer version 26.0
[8/21] Linking CXX executable bin/test_tile_tirx_cooperative
ld: warning: building for macOS-13.0, but linking with dylib '@rpath/libtvm_compiler.dylib' which was built for newer version 26.0
ld: warning: building for macOS-13.0, but linking with dylib '@rpath/libtvm_runtime.dylib' which was built for newer version 26.0
ld: warning: building for macOS-13.0, but linking with dylib '@rpath/libtvm_ffi.dylib' which was built for newer version 26.0
ld: warning: building for macOS-13.0, but linking with dylib '@rpath/libtvm_runtime_metal.dylib' which was built for newer version 26.0
ld: warning: building for macOS-13.0, but linking with dylib '@rpath/libtvm_runtime_extra.dylib' which was built for newer version 26.0
[9/21] Linking CXX executable bin/test_tile_tirx_memory
ld: warning: building for macOS-13.0, but linking with dylib '@rpath/libtvm_compiler.dylib' which was built for newer version 26.0
ld: warning: building for macOS-13.0, but linking with dylib '@rpath/libtvm_runtime.dylib' which was built for newer version 26.0
ld: warning: building for macOS-13.0, but linking with dylib '@rpath/libtvm_ffi.dylib' which was built for newer version 26.0
ld: warning: building for macOS-13.0, but linking with dylib '@rpath/libtvm_runtime_metal.dylib' which was built for newer version 26.0
ld: warning: building for macOS-13.0, but linking with dylib '@rpath/libtvm_runtime_extra.dylib' which was built for newer version 26.0
[10/21] Linking CXX executable bin/test_tile_tirx_planner
ld: warning: building for macOS-13.0, but linking with dylib '@rpath/libtvm_compiler.dylib' which was built for newer version 26.0
ld: warning: building for macOS-13.0, but linking with dylib '@rpath/libtvm_runtime.dylib' which was built for newer version 26.0
ld: warning: building for macOS-13.0, but linking with dylib '@rpath/libtvm_ffi.dylib' which was built for newer version 26.0
ld: warning: building for macOS-13.0, but linking with dylib '@rpath/libtvm_runtime_metal.dylib' which was built for newer version 26.0
ld: warning: building for macOS-13.0, but linking with dylib '@rpath/libtvm_runtime_extra.dylib' which was built for newer version 26.0
[11/21] Linking CXX executable bin/test_tile_tirx_pipeline
ld: warning: building for macOS-13.0, but linking with dylib '@rpath/libtvm_compiler.dylib' which was built for newer version 26.0
ld: warning: building for macOS-13.0, but linking with dylib '@rpath/libtvm_runtime.dylib' which was built for newer version 26.0
ld: warning: building for macOS-13.0, but linking with dylib '@rpath/libtvm_ffi.dylib' which was built for newer version 26.0
ld: warning: building for macOS-13.0, but linking with dylib '@rpath/libtvm_runtime_metal.dylib' which was built for newer version 26.0
ld: warning: building for macOS-13.0, but linking with dylib '@rpath/libtvm_runtime_extra.dylib' which was built for newer version 26.0
[12/21] Linking CXX executable bin/test_tile_tirx_poc
ld: warning: building for macOS-13.0, but linking with dylib '@rpath/libtvm_compiler.dylib' which was built for newer version 26.0
ld: warning: building for macOS-13.0, but linking with dylib '@rpath/libtvm_runtime.dylib' which was built for newer version 26.0
ld: warning: building for macOS-13.0, but linking with dylib '@rpath/libtvm_ffi.dylib' which was built for newer version 26.0
ld: warning: building for macOS-13.0, but linking with dylib '@rpath/libtvm_runtime_metal.dylib' which was built for newer version 26.0
ld: warning: building for macOS-13.0, but linking with dylib '@rpath/libtvm_runtime_extra.dylib' which was built for newer version 26.0
[13/21] Linking CXX executable bin/benchmark_tile_tirx
ld: warning: building for macOS-13.0, but linking with dylib '@rpath/libtvm_compiler.dylib' which was built for newer version 26.0
ld: warning: building for macOS-13.0, but linking with dylib '@rpath/libtvm_runtime.dylib' which was built for newer version 26.0
ld: warning: building for macOS-13.0, but linking with dylib '@rpath/libtvm_ffi.dylib' which was built for newer version 26.0
ld: warning: building for macOS-13.0, but linking with dylib '@rpath/libtvm_runtime_metal.dylib' which was built for newer version 26.0
ld: warning: building for macOS-13.0, but linking with dylib '@rpath/libtvm_runtime_extra.dylib' which was built for newer version 26.0
[14/21] Linking CXX executable bin/test_tile_tirx_poc_neural
ld: warning: building for macOS-13.0, but linking with dylib '@rpath/libtvm_compiler.dylib' which was built for newer version 26.0
ld: warning: building for macOS-13.0, but linking with dylib '@rpath/libtvm_runtime.dylib' which was built for newer version 26.0
ld: warning: building for macOS-13.0, but linking with dylib '@rpath/libtvm_ffi.dylib' which was built for newer version 26.0
ld: warning: building for macOS-13.0, but linking with dylib '@rpath/libtvm_runtime_metal.dylib' which was built for newer version 26.0
ld: warning: building for macOS-13.0, but linking with dylib '@rpath/libtvm_runtime_extra.dylib' which was built for newer version 26.0
[15/21] Building CXX object src/tests/CMakeFiles/test_tile_tirx_targets.dir/unit/tile/bridge/test_tirx_targets.cpp.o
[16/21] Linking CXX executable bin/test_tile_tirx_targets
ld: warning: building for macOS-13.0, but linking with dylib '@rpath/libtvm_compiler.dylib' which was built for newer version 26.0
ld: warning: building for macOS-13.0, but linking with dylib '@rpath/libtvm_runtime.dylib' which was built for newer version 26.0
ld: warning: building for macOS-13.0, but linking with dylib '@rpath/libtvm_ffi.dylib' which was built for newer version 26.0
ld: warning: building for macOS-13.0, but linking with dylib '@rpath/libtvm_runtime_metal.dylib' which was built for newer version 26.0
ld: warning: building for macOS-13.0, but linking with dylib '@rpath/libtvm_runtime_extra.dylib' which was built for newer version 26.0
[17/21] Building CXX object src/tests/CMakeFiles/test_tile_tirx_poc_algorithms.dir/unit/tile/bridge/test_tirx_poc_algorithms.cpp.o
In file included from /Users/mike/CLionProjects/luisa/src/tests/unit/tile/bridge/test_tirx_poc_algorithms.cpp:4:
In file included from /Users/mike/CLionProjects/luisa/src/tests/./common/tile_tirx_test_utils.h:21:
In file included from /Users/mike/CLionProjects/luisa/include/luisa/tile/bridge/tirx/lower.h:10:
In file included from /Users/mike/CLionProjects/luisa/include/luisa/tile/ir.h:8:
In file included from /Users/mike/CLionProjects/luisa/include/luisa/core/managed_ilist.h:4:
In file included from /Users/mike/CLionProjects/luisa/include/luisa/core/concepts.h:7:
In file included from /Users/mike/CLionProjects/luisa/include/luisa/core/basic_types.h:7:
In file included from /Users/mike/CLionProjects/luisa/include/luisa/core/basic_traits.h:9:
/Users/mike/CLionProjects/luisa/src/ext/half/include/half.hpp:2391:65: warning: 'denorm_present' is deprecated [-Wdeprecated-declarations]
 2391 |     static HALF_CONSTEXPR_CONST float_denorm_style has_denorm = denorm_present;
      |                                                                 ^
/Applications/Xcode.app/Contents/Developer/Platforms/MacOSX.platform/Developer/SDKs/MacOSX.sdk/usr/include/c++/v1/limits:130:6: note: 'float_denorm_style' has been explicitly marked deprecated here
  130 | enum _LIBCPP_DEPRECATED_IN_CXX23 float_denorm_style {
      |      ^
/Applications/Xcode.app/Contents/Developer/Platforms/MacOSX.platform/Developer/SDKs/MacOSX.sdk/usr/include/c++/v1/__config:593:41: note: expanded from macro '_LIBCPP_DEPRECATED_IN_CXX23'
  593 | #    define _LIBCPP_DEPRECATED_IN_CXX23 _LIBCPP_DEPRECATED
      |                                         ^
/Applications/Xcode.app/Contents/Developer/Platforms/MacOSX.platform/Developer/SDKs/MacOSX.sdk/usr/include/c++/v1/__config:554:49: note: expanded from macro '_LIBCPP_DEPRECATED'
  554 | #      define _LIBCPP_DEPRECATED __attribute__((__deprecated__))
      |                                                 ^
In file included from /Users/mike/CLionProjects/luisa/src/tests/unit/tile/bridge/test_tirx_poc_algorithms.cpp:4:
In file included from /Users/mike/CLionProjects/luisa/src/tests/./common/tile_tirx_test_utils.h:21:
In file included from /Users/mike/CLionProjects/luisa/include/luisa/tile/bridge/tirx/lower.h:10:
In file included from /Users/mike/CLionProjects/luisa/include/luisa/tile/ir.h:8:
In file included from /Users/mike/CLionProjects/luisa/include/luisa/core/managed_ilist.h:4:
In file included from /Users/mike/CLionProjects/luisa/include/luisa/core/concepts.h:7:
In file included from /Users/mike/CLionProjects/luisa/include/luisa/core/basic_types.h:7:
In file included from /Users/mike/CLionProjects/luisa/include/luisa/core/basic_traits.h:9:
/Users/mike/CLionProjects/luisa/src/ext/half/include/half.hpp:2391:33: warning: 'float_denorm_style' is deprecated [-Wdeprecated-declarations]
 2391 |     static HALF_CONSTEXPR_CONST float_denorm_style has_denorm = denorm_present;
      |                                 ^
/Applications/Xcode.app/Contents/Developer/Platforms/MacOSX.platform/Developer/SDKs/MacOSX.sdk/usr/include/c++/v1/limits:130:6: note: 'float_denorm_style' has been explicitly marked deprecated here
  130 | enum _LIBCPP_DEPRECATED_IN_CXX23 float_denorm_style {
      |      ^
/Applications/Xcode.app/Contents/Developer/Platforms/MacOSX.platform/Developer/SDKs/MacOSX.sdk/usr/include/c++/v1/__config:593:41: note: expanded from macro '_LIBCPP_DEPRECATED_IN_CXX23'
  593 | #    define _LIBCPP_DEPRECATED_IN_CXX23 _LIBCPP_DEPRECATED
      |                                         ^
/Applications/Xcode.app/Contents/Developer/Platforms/MacOSX.platform/Developer/SDKs/MacOSX.sdk/usr/include/c++/v1/__config:554:49: note: expanded from macro '_LIBCPP_DEPRECATED'
  554 | #      define _LIBCPP_DEPRECATED __attribute__((__deprecated__))
      |                                                 ^
2 warnings generated.
[18/21] Linking CXX executable bin/test_tile_tirx_poc_algorithms
ld: warning: building for macOS-13.0, but linking with dylib '@rpath/libtvm_compiler.dylib' which was built for newer version 26.0
ld: warning: building for macOS-13.0, but linking with dylib '@rpath/libtvm_runtime.dylib' which was built for newer version 26.0
ld: warning: building for macOS-13.0, but linking with dylib '@rpath/libtvm_ffi.dylib' which was built for newer version 26.0
ld: warning: building for macOS-13.0, but linking with dylib '@rpath/libtvm_runtime_metal.dylib' which was built for newer version 26.0
ld: warning: building for macOS-13.0, but linking with dylib '@rpath/libtvm_runtime_extra.dylib' which was built for newer version 26.0
[19/21] Building CXX object src/tests/CMakeFiles/test_tile_tirx_matrix.dir/unit/tile/bridge/test_tirx_matrix.cpp.o
[20/21] Linking CXX executable bin/test_tile_tirx_matrix
ld: warning: building for macOS-13.0, but linking with dylib '@rpath/libtvm_compiler.dylib' which was built for newer version 26.0
ld: warning: building for macOS-13.0, but linking with dylib '@rpath/libtvm_runtime.dylib' which was built for newer version 26.0
ld: warning: building for macOS-13.0, but linking with dylib '@rpath/libtvm_ffi.dylib' which was built for newer version 26.0
ld: warning: building for macOS-13.0, but linking with dylib '@rpath/libtvm_runtime_metal.dylib' which was built for newer version 26.0
ld: warning: building for macOS-13.0, but linking with dylib '@rpath/libtvm_runtime_extra.dylib' which was built for newer version 26.0
