[0/2] Re-checking globbed directories...
[1/54] Building CXX object src/tile/bridge/tirx/CMakeFiles/luisa-compute-tile-bridge-tirx.dir/matrix.cpp.o
FAILED: [code=1] src/tile/bridge/tirx/CMakeFiles/luisa-compute-tile-bridge-tirx.dir/matrix.cpp.o 
/usr/bin/c++ -DFMT_EXCEPTIONS=0 -DFMT_HEADER_ONLY=1 -DFMT_USE_CONSTEVAL=0 -DFMT_USE_NOEXCEPT=1 -DGLSLANG_IS_SHARED_LIBRARY=1 -DLUISA_ENABLE_DSL=1 -DLUISA_PLATFORM_APPLE=1 -DLUISA_PLATFORM_UNIX=1 -DLUISA_TILE_HAS_ACCELERATE=1 -DLUISA_TILE_TIRX_BRIDGE_EXPORT_DLL=1 -DLUISA_USE_SYSTEM_STL=1 -DMARL_DLL=1 -DMARL_USE_SYSTEM_STL=1 -DREPROCXX_SHARED -DREPROC_SHARED -DSPDLOG_DISABLE_DEFAULT_LOGGER -DSPDLOG_NO_EXCEPTIONS -DSPDLOG_NO_THREAD_ID -DXXH_INLINE_ALL -DYYJSON_IMPORTS=1 -Dluisa_compute_tile_bridge_tirx_EXPORTS -I/tmp/apache-tvm-tirx/include -I/tmp/apache-tvm-tirx/3rdparty/tvm-ffi/include -I/tmp/apache-tvm-tirx/3rdparty/tvm-ffi/3rdparty/dlpack/include -I/Users/mike/CLionProjects/luisa/include -I/Users/mike/CLionProjects/luisa/src/ext/BTree/include -I/Users/mike/CLionProjects/luisa/src/ext/spdlog/include -I/Users/mike/CLionProjects/luisa/src/ext/xxHash -I/Users/mike/CLionProjects/luisa/src/ext/magic_enum/include -I/Users/mike/CLionProjects/luisa/src/ext/reproc/reproc/include -I/Users/mike/CLionProjects/luisa/src/ext/reproc/reproc++/include -I/Users/mike/CLionProjects/luisa/src/ext/marl/include -I/Users/mike/CLionProjects/luisa/src/ext/half/include -I/Users/mike/CLionProjects/luisa/src/ext/stb -I/Users/mike/CLionProjects/luisa/src/ext/glslang/glslang/.. -I/tmp/luisa-tvm-mpp.VaKmzx/luisa-build/include -I/Users/mike/CLionProjects/luisa/src/ext/yyjson/src -F/Applications/Xcode.app/Contents/Developer/Platforms/MacOSX.platform/Developer/SDKs/MacOSX.sdk/System/Library/Frameworks -O2 -g -DNDEBUG -std=c++20 -arch arm64 -mmacosx-version-min=13 -fPIC -fvisibility=hidden -Wno-invalid-specialization -Wno-deprecated-literal-operator -Wno-elaborated-enum-base -MD -MT src/tile/bridge/tirx/CMakeFiles/luisa-compute-tile-bridge-tirx.dir/matrix.cpp.o -MF src/tile/bridge/tirx/CMakeFiles/luisa-compute-tile-bridge-tirx.dir/matrix.cpp.o.d -o src/tile/bridge/tirx/CMakeFiles/luisa-compute-tile-bridge-tirx.dir/matrix.cpp.o -c /Users/mike/CLionProjects/luisa/src/tile/bridge/tirx/matrix.cpp
In file included from /Users/mike/CLionProjects/luisa/src/tile/bridge/tirx/matrix.cpp:8:
In file included from /tmp/apache-tvm-tirx/include/tvm/arith/analyzer.h:27:
In file included from /tmp/apache-tvm-tirx/include/tvm/arith/int_set.h:27:
/tmp/apache-tvm-tirx/include/tvm/ir/expr.h:31:10: fatal error: 'tvm/ir/attrs.h' file not found
   31 | #include <tvm/ir/attrs.h>
      |          ^~~~~~~~~~~~~~~~
1 error generated.
[2/54] Building CXX object src/tile/bridge/tirx/CMakeFiles/luisa-compute-tile-bridge-tirx.dir/mapping.cpp.o
FAILED: [code=1] src/tile/bridge/tirx/CMakeFiles/luisa-compute-tile-bridge-tirx.dir/mapping.cpp.o 
/usr/bin/c++ -DFMT_EXCEPTIONS=0 -DFMT_HEADER_ONLY=1 -DFMT_USE_CONSTEVAL=0 -DFMT_USE_NOEXCEPT=1 -DGLSLANG_IS_SHARED_LIBRARY=1 -DLUISA_ENABLE_DSL=1 -DLUISA_PLATFORM_APPLE=1 -DLUISA_PLATFORM_UNIX=1 -DLUISA_TILE_HAS_ACCELERATE=1 -DLUISA_TILE_TIRX_BRIDGE_EXPORT_DLL=1 -DLUISA_USE_SYSTEM_STL=1 -DMARL_DLL=1 -DMARL_USE_SYSTEM_STL=1 -DREPROCXX_SHARED -DREPROC_SHARED -DSPDLOG_DISABLE_DEFAULT_LOGGER -DSPDLOG_NO_EXCEPTIONS -DSPDLOG_NO_THREAD_ID -DXXH_INLINE_ALL -DYYJSON_IMPORTS=1 -Dluisa_compute_tile_bridge_tirx_EXPORTS -I/tmp/apache-tvm-tirx/include -I/tmp/apache-tvm-tirx/3rdparty/tvm-ffi/include -I/tmp/apache-tvm-tirx/3rdparty/tvm-ffi/3rdparty/dlpack/include -I/Users/mike/CLionProjects/luisa/include -I/Users/mike/CLionProjects/luisa/src/ext/BTree/include -I/Users/mike/CLionProjects/luisa/src/ext/spdlog/include -I/Users/mike/CLionProjects/luisa/src/ext/xxHash -I/Users/mike/CLionProjects/luisa/src/ext/magic_enum/include -I/Users/mike/CLionProjects/luisa/src/ext/reproc/reproc/include -I/Users/mike/CLionProjects/luisa/src/ext/reproc/reproc++/include -I/Users/mike/CLionProjects/luisa/src/ext/marl/include -I/Users/mike/CLionProjects/luisa/src/ext/half/include -I/Users/mike/CLionProjects/luisa/src/ext/stb -I/Users/mike/CLionProjects/luisa/src/ext/glslang/glslang/.. -I/tmp/luisa-tvm-mpp.VaKmzx/luisa-build/include -I/Users/mike/CLionProjects/luisa/src/ext/yyjson/src -F/Applications/Xcode.app/Contents/Developer/Platforms/MacOSX.platform/Developer/SDKs/MacOSX.sdk/System/Library/Frameworks -O2 -g -DNDEBUG -std=c++20 -arch arm64 -mmacosx-version-min=13 -fPIC -fvisibility=hidden -Wno-invalid-specialization -Wno-deprecated-literal-operator -Wno-elaborated-enum-base -MD -MT src/tile/bridge/tirx/CMakeFiles/luisa-compute-tile-bridge-tirx.dir/mapping.cpp.o -MF src/tile/bridge/tirx/CMakeFiles/luisa-compute-tile-bridge-tirx.dir/mapping.cpp.o.d -o src/tile/bridge/tirx/CMakeFiles/luisa-compute-tile-bridge-tirx.dir/mapping.cpp.o -c /Users/mike/CLionProjects/luisa/src/tile/bridge/tirx/mapping.cpp
In file included from /Users/mike/CLionProjects/luisa/src/tile/bridge/tirx/mapping.cpp:5:
In file included from /tmp/apache-tvm-tirx/include/tvm/tirx/op.h:31:
/tmp/apache-tvm-tirx/include/tvm/ir/expr.h:31:10: fatal error: 'tvm/ir/attrs.h' file not found
   31 | #include <tvm/ir/attrs.h>
      |          ^~~~~~~~~~~~~~~~
1 error generated.
[3/54] Building CXX object src/tile/bridge/tirx/CMakeFiles/luisa-compute-tile-bridge-tirx.dir/lower.cpp.o
FAILED: [code=1] src/tile/bridge/tirx/CMakeFiles/luisa-compute-tile-bridge-tirx.dir/lower.cpp.o 
/usr/bin/c++ -DFMT_EXCEPTIONS=0 -DFMT_HEADER_ONLY=1 -DFMT_USE_CONSTEVAL=0 -DFMT_USE_NOEXCEPT=1 -DGLSLANG_IS_SHARED_LIBRARY=1 -DLUISA_ENABLE_DSL=1 -DLUISA_PLATFORM_APPLE=1 -DLUISA_PLATFORM_UNIX=1 -DLUISA_TILE_HAS_ACCELERATE=1 -DLUISA_TILE_TIRX_BRIDGE_EXPORT_DLL=1 -DLUISA_USE_SYSTEM_STL=1 -DMARL_DLL=1 -DMARL_USE_SYSTEM_STL=1 -DREPROCXX_SHARED -DREPROC_SHARED -DSPDLOG_DISABLE_DEFAULT_LOGGER -DSPDLOG_NO_EXCEPTIONS -DSPDLOG_NO_THREAD_ID -DXXH_INLINE_ALL -DYYJSON_IMPORTS=1 -Dluisa_compute_tile_bridge_tirx_EXPORTS -I/tmp/apache-tvm-tirx/include -I/tmp/apache-tvm-tirx/3rdparty/tvm-ffi/include -I/tmp/apache-tvm-tirx/3rdparty/tvm-ffi/3rdparty/dlpack/include -I/Users/mike/CLionProjects/luisa/include -I/Users/mike/CLionProjects/luisa/src/ext/BTree/include -I/Users/mike/CLionProjects/luisa/src/ext/spdlog/include -I/Users/mike/CLionProjects/luisa/src/ext/xxHash -I/Users/mike/CLionProjects/luisa/src/ext/magic_enum/include -I/Users/mike/CLionProjects/luisa/src/ext/reproc/reproc/include -I/Users/mike/CLionProjects/luisa/src/ext/reproc/reproc++/include -I/Users/mike/CLionProjects/luisa/src/ext/marl/include -I/Users/mike/CLionProjects/luisa/src/ext/half/include -I/Users/mike/CLionProjects/luisa/src/ext/stb -I/Users/mike/CLionProjects/luisa/src/ext/glslang/glslang/.. -I/tmp/luisa-tvm-mpp.VaKmzx/luisa-build/include -I/Users/mike/CLionProjects/luisa/src/ext/yyjson/src -F/Applications/Xcode.app/Contents/Developer/Platforms/MacOSX.platform/Developer/SDKs/MacOSX.sdk/System/Library/Frameworks -O2 -g -DNDEBUG -std=c++20 -arch arm64 -mmacosx-version-min=13 -fPIC -fvisibility=hidden -Wno-invalid-specialization -Wno-deprecated-literal-operator -Wno-elaborated-enum-base -MD -MT src/tile/bridge/tirx/CMakeFiles/luisa-compute-tile-bridge-tirx.dir/lower.cpp.o -MF src/tile/bridge/tirx/CMakeFiles/luisa-compute-tile-bridge-tirx.dir/lower.cpp.o.d -o src/tile/bridge/tirx/CMakeFiles/luisa-compute-tile-bridge-tirx.dir/lower.cpp.o -c /Users/mike/CLionProjects/luisa/src/tile/bridge/tirx/lower.cpp
/Users/mike/CLionProjects/luisa/src/tile/bridge/tirx/lower.cpp:9:10: fatal error: 'tvm/ir/attrs.h' file not found
    9 | #include <tvm/ir/attrs.h>
      |          ^~~~~~~~~~~~~~~~
1 error generated.
[4/54] Building CXX object src/tile/bridge/tirx/CMakeFiles/luisa-compute-tile-bridge-tirx.dir/layout.cpp.o
FAILED: [code=1] src/tile/bridge/tirx/CMakeFiles/luisa-compute-tile-bridge-tirx.dir/layout.cpp.o 
/usr/bin/c++ -DFMT_EXCEPTIONS=0 -DFMT_HEADER_ONLY=1 -DFMT_USE_CONSTEVAL=0 -DFMT_USE_NOEXCEPT=1 -DGLSLANG_IS_SHARED_LIBRARY=1 -DLUISA_ENABLE_DSL=1 -DLUISA_PLATFORM_APPLE=1 -DLUISA_PLATFORM_UNIX=1 -DLUISA_TILE_HAS_ACCELERATE=1 -DLUISA_TILE_TIRX_BRIDGE_EXPORT_DLL=1 -DLUISA_USE_SYSTEM_STL=1 -DMARL_DLL=1 -DMARL_USE_SYSTEM_STL=1 -DREPROCXX_SHARED -DREPROC_SHARED -DSPDLOG_DISABLE_DEFAULT_LOGGER -DSPDLOG_NO_EXCEPTIONS -DSPDLOG_NO_THREAD_ID -DXXH_INLINE_ALL -DYYJSON_IMPORTS=1 -Dluisa_compute_tile_bridge_tirx_EXPORTS -I/tmp/apache-tvm-tirx/include -I/tmp/apache-tvm-tirx/3rdparty/tvm-ffi/include -I/tmp/apache-tvm-tirx/3rdparty/tvm-ffi/3rdparty/dlpack/include -I/Users/mike/CLionProjects/luisa/include -I/Users/mike/CLionProjects/luisa/src/ext/BTree/include -I/Users/mike/CLionProjects/luisa/src/ext/spdlog/include -I/Users/mike/CLionProjects/luisa/src/ext/xxHash -I/Users/mike/CLionProjects/luisa/src/ext/magic_enum/include -I/Users/mike/CLionProjects/luisa/src/ext/reproc/reproc/include -I/Users/mike/CLionProjects/luisa/src/ext/reproc/reproc++/include -I/Users/mike/CLionProjects/luisa/src/ext/marl/include -I/Users/mike/CLionProjects/luisa/src/ext/half/include -I/Users/mike/CLionProjects/luisa/src/ext/stb -I/Users/mike/CLionProjects/luisa/src/ext/glslang/glslang/.. -I/tmp/luisa-tvm-mpp.VaKmzx/luisa-build/include -I/Users/mike/CLionProjects/luisa/src/ext/yyjson/src -F/Applications/Xcode.app/Contents/Developer/Platforms/MacOSX.platform/Developer/SDKs/MacOSX.sdk/System/Library/Frameworks -O2 -g -DNDEBUG -std=c++20 -arch arm64 -mmacosx-version-min=13 -fPIC -fvisibility=hidden -Wno-invalid-specialization -Wno-deprecated-literal-operator -Wno-elaborated-enum-base -MD -MT src/tile/bridge/tirx/CMakeFiles/luisa-compute-tile-bridge-tirx.dir/layout.cpp.o -MF src/tile/bridge/tirx/CMakeFiles/luisa-compute-tile-bridge-tirx.dir/layout.cpp.o.d -o src/tile/bridge/tirx/CMakeFiles/luisa-compute-tile-bridge-tirx.dir/layout.cpp.o -c /Users/mike/CLionProjects/luisa/src/tile/bridge/tirx/layout.cpp
In file included from /Users/mike/CLionProjects/luisa/src/tile/bridge/tirx/layout.cpp:7:
In file included from /tmp/apache-tvm-tirx/include/tvm/tirx/op.h:31:
/tmp/apache-tvm-tirx/include/tvm/ir/expr.h:31:10: fatal error: 'tvm/ir/attrs.h' file not found
   31 | #include <tvm/ir/attrs.h>
      |          ^~~~~~~~~~~~~~~~
1 error generated.
[5/54] Building CXX object src/tile/bridge/tirx/CMakeFiles/luisa-compute-tile-bridge-tirx.dir/compiler.cpp.o
FAILED: [code=1] src/tile/bridge/tirx/CMakeFiles/luisa-compute-tile-bridge-tirx.dir/compiler.cpp.o 
/usr/bin/c++ -DFMT_EXCEPTIONS=0 -DFMT_HEADER_ONLY=1 -DFMT_USE_CONSTEVAL=0 -DFMT_USE_NOEXCEPT=1 -DGLSLANG_IS_SHARED_LIBRARY=1 -DLUISA_ENABLE_DSL=1 -DLUISA_PLATFORM_APPLE=1 -DLUISA_PLATFORM_UNIX=1 -DLUISA_TILE_HAS_ACCELERATE=1 -DLUISA_TILE_TIRX_BRIDGE_EXPORT_DLL=1 -DLUISA_USE_SYSTEM_STL=1 -DMARL_DLL=1 -DMARL_USE_SYSTEM_STL=1 -DREPROCXX_SHARED -DREPROC_SHARED -DSPDLOG_DISABLE_DEFAULT_LOGGER -DSPDLOG_NO_EXCEPTIONS -DSPDLOG_NO_THREAD_ID -DXXH_INLINE_ALL -DYYJSON_IMPORTS=1 -Dluisa_compute_tile_bridge_tirx_EXPORTS -I/tmp/apache-tvm-tirx/include -I/tmp/apache-tvm-tirx/3rdparty/tvm-ffi/include -I/tmp/apache-tvm-tirx/3rdparty/tvm-ffi/3rdparty/dlpack/include -I/Users/mike/CLionProjects/luisa/include -I/Users/mike/CLionProjects/luisa/src/ext/BTree/include -I/Users/mike/CLionProjects/luisa/src/ext/spdlog/include -I/Users/mike/CLionProjects/luisa/src/ext/xxHash -I/Users/mike/CLionProjects/luisa/src/ext/magic_enum/include -I/Users/mike/CLionProjects/luisa/src/ext/reproc/reproc/include -I/Users/mike/CLionProjects/luisa/src/ext/reproc/reproc++/include -I/Users/mike/CLionProjects/luisa/src/ext/marl/include -I/Users/mike/CLionProjects/luisa/src/ext/half/include -I/Users/mike/CLionProjects/luisa/src/ext/stb -I/Users/mike/CLionProjects/luisa/src/ext/glslang/glslang/.. -I/tmp/luisa-tvm-mpp.VaKmzx/luisa-build/include -I/Users/mike/CLionProjects/luisa/src/ext/yyjson/src -F/Applications/Xcode.app/Contents/Developer/Platforms/MacOSX.platform/Developer/SDKs/MacOSX.sdk/System/Library/Frameworks -O2 -g -DNDEBUG -std=c++20 -arch arm64 -mmacosx-version-min=13 -fPIC -fvisibility=hidden -Wno-invalid-specialization -Wno-deprecated-literal-operator -Wno-elaborated-enum-base -MD -MT src/tile/bridge/tirx/CMakeFiles/luisa-compute-tile-bridge-tirx.dir/compiler.cpp.o -MF src/tile/bridge/tirx/CMakeFiles/luisa-compute-tile-bridge-tirx.dir/compiler.cpp.o.d -o src/tile/bridge/tirx/CMakeFiles/luisa-compute-tile-bridge-tirx.dir/compiler.cpp.o -c /Users/mike/CLionProjects/luisa/src/tile/bridge/tirx/compiler.cpp
/Users/mike/CLionProjects/luisa/src/tile/bridge/tirx/compiler.cpp:10:10: fatal error: 'tvm/ir/attrs.h' file not found
   10 | #include <tvm/ir/attrs.h>
      |          ^~~~~~~~~~~~~~~~
1 error generated.
[6/54] Building CXX object src/tile/bridge/tirx/CMakeFiles/luisa-compute-tile-bridge-tirx.dir/cooperative.cpp.o
FAILED: [code=1] src/tile/bridge/tirx/CMakeFiles/luisa-compute-tile-bridge-tirx.dir/cooperative.cpp.o 
/usr/bin/c++ -DFMT_EXCEPTIONS=0 -DFMT_HEADER_ONLY=1 -DFMT_USE_CONSTEVAL=0 -DFMT_USE_NOEXCEPT=1 -DGLSLANG_IS_SHARED_LIBRARY=1 -DLUISA_ENABLE_DSL=1 -DLUISA_PLATFORM_APPLE=1 -DLUISA_PLATFORM_UNIX=1 -DLUISA_TILE_HAS_ACCELERATE=1 -DLUISA_TILE_TIRX_BRIDGE_EXPORT_DLL=1 -DLUISA_USE_SYSTEM_STL=1 -DMARL_DLL=1 -DMARL_USE_SYSTEM_STL=1 -DREPROCXX_SHARED -DREPROC_SHARED -DSPDLOG_DISABLE_DEFAULT_LOGGER -DSPDLOG_NO_EXCEPTIONS -DSPDLOG_NO_THREAD_ID -DXXH_INLINE_ALL -DYYJSON_IMPORTS=1 -Dluisa_compute_tile_bridge_tirx_EXPORTS -I/tmp/apache-tvm-tirx/include -I/tmp/apache-tvm-tirx/3rdparty/tvm-ffi/include -I/tmp/apache-tvm-tirx/3rdparty/tvm-ffi/3rdparty/dlpack/include -I/Users/mike/CLionProjects/luisa/include -I/Users/mike/CLionProjects/luisa/src/ext/BTree/include -I/Users/mike/CLionProjects/luisa/src/ext/spdlog/include -I/Users/mike/CLionProjects/luisa/src/ext/xxHash -I/Users/mike/CLionProjects/luisa/src/ext/magic_enum/include -I/Users/mike/CLionProjects/luisa/src/ext/reproc/reproc/include -I/Users/mike/CLionProjects/luisa/src/ext/reproc/reproc++/include -I/Users/mike/CLionProjects/luisa/src/ext/marl/include -I/Users/mike/CLionProjects/luisa/src/ext/half/include -I/Users/mike/CLionProjects/luisa/src/ext/stb -I/Users/mike/CLionProjects/luisa/src/ext/glslang/glslang/.. -I/tmp/luisa-tvm-mpp.VaKmzx/luisa-build/include -I/Users/mike/CLionProjects/luisa/src/ext/yyjson/src -F/Applications/Xcode.app/Contents/Developer/Platforms/MacOSX.platform/Developer/SDKs/MacOSX.sdk/System/Library/Frameworks -O2 -g -DNDEBUG -std=c++20 -arch arm64 -mmacosx-version-min=13 -fPIC -fvisibility=hidden -Wno-invalid-specialization -Wno-deprecated-literal-operator -Wno-elaborated-enum-base -MD -MT src/tile/bridge/tirx/CMakeFiles/luisa-compute-tile-bridge-tirx.dir/cooperative.cpp.o -MF src/tile/bridge/tirx/CMakeFiles/luisa-compute-tile-bridge-tirx.dir/cooperative.cpp.o.d -o src/tile/bridge/tirx/CMakeFiles/luisa-compute-tile-bridge-tirx.dir/cooperative.cpp.o -c /Users/mike/CLionProjects/luisa/src/tile/bridge/tirx/cooperative.cpp
In file included from /Users/mike/CLionProjects/luisa/src/tile/bridge/tirx/cooperative.cpp:7:
In file included from /tmp/apache-tvm-tirx/include/tvm/tirx/buffer.h:30:
/tmp/apache-tvm-tirx/include/tvm/ir/expr.h:31:10: fatal error: 'tvm/ir/attrs.h' file not found
   31 | #include <tvm/ir/attrs.h>
      |          ^~~~~~~~~~~~~~~~
1 error generated.
[7/54] Building CXX object src/tile/bridge/tirx/CMakeFiles/luisa-compute-tile-bridge-tirx.dir/execution.cpp.o
FAILED: [code=1] src/tile/bridge/tirx/CMakeFiles/luisa-compute-tile-bridge-tirx.dir/execution.cpp.o 
/usr/bin/c++ -DFMT_EXCEPTIONS=0 -DFMT_HEADER_ONLY=1 -DFMT_USE_CONSTEVAL=0 -DFMT_USE_NOEXCEPT=1 -DGLSLANG_IS_SHARED_LIBRARY=1 -DLUISA_ENABLE_DSL=1 -DLUISA_PLATFORM_APPLE=1 -DLUISA_PLATFORM_UNIX=1 -DLUISA_TILE_HAS_ACCELERATE=1 -DLUISA_TILE_TIRX_BRIDGE_EXPORT_DLL=1 -DLUISA_USE_SYSTEM_STL=1 -DMARL_DLL=1 -DMARL_USE_SYSTEM_STL=1 -DREPROCXX_SHARED -DREPROC_SHARED -DSPDLOG_DISABLE_DEFAULT_LOGGER -DSPDLOG_NO_EXCEPTIONS -DSPDLOG_NO_THREAD_ID -DXXH_INLINE_ALL -DYYJSON_IMPORTS=1 -Dluisa_compute_tile_bridge_tirx_EXPORTS -I/tmp/apache-tvm-tirx/include -I/tmp/apache-tvm-tirx/3rdparty/tvm-ffi/include -I/tmp/apache-tvm-tirx/3rdparty/tvm-ffi/3rdparty/dlpack/include -I/Users/mike/CLionProjects/luisa/include -I/Users/mike/CLionProjects/luisa/src/ext/BTree/include -I/Users/mike/CLionProjects/luisa/src/ext/spdlog/include -I/Users/mike/CLionProjects/luisa/src/ext/xxHash -I/Users/mike/CLionProjects/luisa/src/ext/magic_enum/include -I/Users/mike/CLionProjects/luisa/src/ext/reproc/reproc/include -I/Users/mike/CLionProjects/luisa/src/ext/reproc/reproc++/include -I/Users/mike/CLionProjects/luisa/src/ext/marl/include -I/Users/mike/CLionProjects/luisa/src/ext/half/include -I/Users/mike/CLionProjects/luisa/src/ext/stb -I/Users/mike/CLionProjects/luisa/src/ext/glslang/glslang/.. -I/tmp/luisa-tvm-mpp.VaKmzx/luisa-build/include -I/Users/mike/CLionProjects/luisa/src/ext/yyjson/src -F/Applications/Xcode.app/Contents/Developer/Platforms/MacOSX.platform/Developer/SDKs/MacOSX.sdk/System/Library/Frameworks -O2 -g -DNDEBUG -std=c++20 -arch arm64 -mmacosx-version-min=13 -fPIC -fvisibility=hidden -Wno-invalid-specialization -Wno-deprecated-literal-operator -Wno-elaborated-enum-base -MD -MT src/tile/bridge/tirx/CMakeFiles/luisa-compute-tile-bridge-tirx.dir/execution.cpp.o -MF src/tile/bridge/tirx/CMakeFiles/luisa-compute-tile-bridge-tirx.dir/execution.cpp.o.d -o src/tile/bridge/tirx/CMakeFiles/luisa-compute-tile-bridge-tirx.dir/execution.cpp.o -c /Users/mike/CLionProjects/luisa/src/tile/bridge/tirx/execution.cpp
/Users/mike/CLionProjects/luisa/src/tile/bridge/tirx/execution.cpp:8:10: fatal error: 'tvm/tirx/analysis.h' file not found
    8 | #include <tvm/tirx/analysis.h>
      |          ^~~~~~~~~~~~~~~~~~~~~
1 error generated.
[8/54] Building CXX object src/tile/bridge/tirx/CMakeFiles/luisa-compute-tile-bridge-tirx.dir/cpu.cpp.o
FAILED: [code=1] src/tile/bridge/tirx/CMakeFiles/luisa-compute-tile-bridge-tirx.dir/cpu.cpp.o 
/usr/bin/c++ -DFMT_EXCEPTIONS=0 -DFMT_HEADER_ONLY=1 -DFMT_USE_CONSTEVAL=0 -DFMT_USE_NOEXCEPT=1 -DGLSLANG_IS_SHARED_LIBRARY=1 -DLUISA_ENABLE_DSL=1 -DLUISA_PLATFORM_APPLE=1 -DLUISA_PLATFORM_UNIX=1 -DLUISA_TILE_HAS_ACCELERATE=1 -DLUISA_TILE_TIRX_BRIDGE_EXPORT_DLL=1 -DLUISA_USE_SYSTEM_STL=1 -DMARL_DLL=1 -DMARL_USE_SYSTEM_STL=1 -DREPROCXX_SHARED -DREPROC_SHARED -DSPDLOG_DISABLE_DEFAULT_LOGGER -DSPDLOG_NO_EXCEPTIONS -DSPDLOG_NO_THREAD_ID -DXXH_INLINE_ALL -DYYJSON_IMPORTS=1 -Dluisa_compute_tile_bridge_tirx_EXPORTS -I/tmp/apache-tvm-tirx/include -I/tmp/apache-tvm-tirx/3rdparty/tvm-ffi/include -I/tmp/apache-tvm-tirx/3rdparty/tvm-ffi/3rdparty/dlpack/include -I/Users/mike/CLionProjects/luisa/include -I/Users/mike/CLionProjects/luisa/src/ext/BTree/include -I/Users/mike/CLionProjects/luisa/src/ext/spdlog/include -I/Users/mike/CLionProjects/luisa/src/ext/xxHash -I/Users/mike/CLionProjects/luisa/src/ext/magic_enum/include -I/Users/mike/CLionProjects/luisa/src/ext/reproc/reproc/include -I/Users/mike/CLionProjects/luisa/src/ext/reproc/reproc++/include -I/Users/mike/CLionProjects/luisa/src/ext/marl/include -I/Users/mike/CLionProjects/luisa/src/ext/half/include -I/Users/mike/CLionProjects/luisa/src/ext/stb -I/Users/mike/CLionProjects/luisa/src/ext/glslang/glslang/.. -I/tmp/luisa-tvm-mpp.VaKmzx/luisa-build/include -I/Users/mike/CLionProjects/luisa/src/ext/yyjson/src -F/Applications/Xcode.app/Contents/Developer/Platforms/MacOSX.platform/Developer/SDKs/MacOSX.sdk/System/Library/Frameworks -O2 -g -DNDEBUG -std=c++20 -arch arm64 -mmacosx-version-min=13 -fPIC -fvisibility=hidden -Wno-invalid-specialization -Wno-deprecated-literal-operator -Wno-elaborated-enum-base -MD -MT src/tile/bridge/tirx/CMakeFiles/luisa-compute-tile-bridge-tirx.dir/cpu.cpp.o -MF src/tile/bridge/tirx/CMakeFiles/luisa-compute-tile-bridge-tirx.dir/cpu.cpp.o.d -o src/tile/bridge/tirx/CMakeFiles/luisa-compute-tile-bridge-tirx.dir/cpu.cpp.o -c /Users/mike/CLionProjects/luisa/src/tile/bridge/tirx/cpu.cpp
/Users/mike/CLionProjects/luisa/src/tile/bridge/tirx/cpu.cpp:9:10: fatal error: 'tvm/ir/attrs.h' file not found
    9 | #include <tvm/ir/attrs.h>
      |          ^~~~~~~~~~~~~~~~
1 error generated.
ninja: build stopped: subcommand failed.
