[0/2] Re-checking globbed directories...
[1/42] Embedding metal built-in sources...
[2/37] Building CXX object src/tests/CMakeFiles/test_tile_tirx.dir/unit/tile/bridge/test_tirx_layout.cpp.o
[3/37] Building CXX object src/tile/bridge/tirx/CMakeFiles/luisa-compute-tile-bridge-tirx.dir/compiler.cpp.o
[4/37] Building CXX object src/backends/metal/CMakeFiles/luisa-compute-backend-metal.dir/tile/metal_tile.cpp.o
[5/37] Linking CXX shared library bin/libluisa-tile-bridge-tirx.dylib
ld: warning: building for macOS-13.0, but linking with dylib '@rpath/libtvm_compiler.dylib' which was built for newer version 26.0
ld: warning: building for macOS-13.0, but linking with dylib '@rpath/libtvm_runtime.dylib' which was built for newer version 26.0
ld: warning: building for macOS-13.0, but linking with dylib '@rpath/libtvm_ffi.dylib' which was built for newer version 26.0
ld: warning: building for macOS-13.0, but linking with dylib '@rpath/libtvm_runtime_metal.dylib' which was built for newer version 26.0
ld: warning: building for macOS-13.0, but linking with dylib '@rpath/libtvm_runtime_extra.dylib' which was built for newer version 26.0
[6/37] Linking CXX shared module bin/libluisa-backend-metal.so
ld: warning: building for macOS-13.0, but linking with dylib '@rpath/libtvm_compiler.dylib' which was built for newer version 26.0
ld: warning: building for macOS-13.0, but linking with dylib '@rpath/libtvm_runtime.dylib' which was built for newer version 26.0
ld: warning: building for macOS-13.0, but linking with dylib '@rpath/libtvm_ffi.dylib' which was built for newer version 26.0
ld: warning: building for macOS-13.0, but linking with dylib '@rpath/libtvm_runtime_metal.dylib' which was built for newer version 26.0
ld: warning: building for macOS-13.0, but linking with dylib '@rpath/libtvm_runtime_extra.dylib' which was built for newer version 26.0
[7/37] Building CXX object src/tests/CMakeFiles/test_tile_tirx_values.dir/unit/tile/bridge/test_tirx_values.cpp.o
In file included from /Users/mike/CLionProjects/luisa/src/tests/unit/tile/bridge/test_tirx_values.cpp:2:
In file included from /Users/mike/CLionProjects/luisa/src/tests/./common/tile_tirx_test_utils.h:21:
In file included from /Users/mike/CLionProjects/luisa/include/luisa/tile/bridge/tirx/lower.h:10:
In file included from /Users/mike/CLionProjects/luisa/include/luisa/tile/ir.h:8:
In file included from /Users/mike/CLionProjects/luisa/include/luisa/core/managed_ilist.h:4:
In file included from /Users/mike/CLionProjects/luisa/include/luisa/core/concepts.h:7:
In file included from /Users/mike/CLionProjects/luisa/include/luisa/core/basic_types.h:7:
In file included from /Users/mike/CLionProjects/luisa/include/luisa/core/basic_traits.h:9:
/Users/mike/CLionProjects/luisa/src/ext/half/include/half.hpp:2391:65: warning: 'denorm_present' is deprecated [-Wdeprecated-declarations]
 2391 |     static HALF_CONSTEXPR_CONST float_denorm_style has_denorm = denorm_present;
      |                                                                 ^
/Applications/Xcode.app/Contents/Developer/Platforms/MacOSX.platform/Developer/SDKs/MacOSX.sdk/usr/include/c++/v1/limits:130:6: note: 'float_denorm_style' has been explicitly marked deprecated here
  130 | enum _LIBCPP_DEPRECATED_IN_CXX23 float_denorm_style {
      |      ^
/Applications/Xcode.app/Contents/Developer/Platforms/MacOSX.platform/Developer/SDKs/MacOSX.sdk/usr/include/c++/v1/__config:593:41: note: expanded from macro '_LIBCPP_DEPRECATED_IN_CXX23'
  593 | #    define _LIBCPP_DEPRECATED_IN_CXX23 _LIBCPP_DEPRECATED
      |                                         ^
/Applications/Xcode.app/Contents/Developer/Platforms/MacOSX.platform/Developer/SDKs/MacOSX.sdk/usr/include/c++/v1/__config:554:49: note: expanded from macro '_LIBCPP_DEPRECATED'
  554 | #      define _LIBCPP_DEPRECATED __attribute__((__deprecated__))
      |                                                 ^
In file included from /Users/mike/CLionProjects/luisa/src/tests/unit/tile/bridge/test_tirx_values.cpp:2:
In file included from /Users/mike/CLionProjects/luisa/src/tests/./common/tile_tirx_test_utils.h:21:
In file included from /Users/mike/CLionProjects/luisa/include/luisa/tile/bridge/tirx/lower.h:10:
In file included from /Users/mike/CLionProjects/luisa/include/luisa/tile/ir.h:8:
In file included from /Users/mike/CLionProjects/luisa/include/luisa/core/managed_ilist.h:4:
In file included from /Users/mike/CLionProjects/luisa/include/luisa/core/concepts.h:7:
In file included from /Users/mike/CLionProjects/luisa/include/luisa/core/basic_types.h:7:
In file included from /Users/mike/CLionProjects/luisa/include/luisa/core/basic_traits.h:9:
/Users/mike/CLionProjects/luisa/src/ext/half/include/half.hpp:2391:33: warning: 'float_denorm_style' is deprecated [-Wdeprecated-declarations]
 2391 |     static HALF_CONSTEXPR_CONST float_denorm_style has_denorm = denorm_present;
      |                                 ^
/Applications/Xcode.app/Contents/Developer/Platforms/MacOSX.platform/Developer/SDKs/MacOSX.sdk/usr/include/c++/v1/limits:130:6: note: 'float_denorm_style' has been explicitly marked deprecated here
  130 | enum _LIBCPP_DEPRECATED_IN_CXX23 float_denorm_style {
      |      ^
/Applications/Xcode.app/Contents/Developer/Platforms/MacOSX.platform/Developer/SDKs/MacOSX.sdk/usr/include/c++/v1/__config:593:41: note: expanded from macro '_LIBCPP_DEPRECATED_IN_CXX23'
  593 | #    define _LIBCPP_DEPRECATED_IN_CXX23 _LIBCPP_DEPRECATED
      |                                         ^
/Applications/Xcode.app/Contents/Developer/Platforms/MacOSX.platform/Developer/SDKs/MacOSX.sdk/usr/include/c++/v1/__config:554:49: note: expanded from macro '_LIBCPP_DEPRECATED'
  554 | #      define _LIBCPP_DEPRECATED __attribute__((__deprecated__))
      |                                                 ^
2 warnings generated.
[8/37] Building CXX object src/tests/CMakeFiles/test_tile_xir_llm.dir/unit/tile/bridge/test_xir_llm.cpp.o
[9/37] Building CXX object src/tests/CMakeFiles/test_tile_xir_runtime.dir/unit/tile/bridge/test_xir_runtime.cpp.o
[10/37] Building CXX object src/tests/CMakeFiles/test_tile_native_runtime.dir/unit/tile/test_tile_native_runtime.cpp.o
[11/37] Building CXX object src/tests/CMakeFiles/test_tile_tirx_pipeline.dir/unit/tile/bridge/test_tirx_pipeline.cpp.o
[12/37] Building CXX object src/tests/CMakeFiles/test_tile_tirx_poc_neural.dir/unit/tile/bridge/test_tirx_poc_neural.cpp.o
In file included from /Users/mike/CLionProjects/luisa/src/tests/unit/tile/bridge/test_tirx_poc_neural.cpp:5:
In file included from /Users/mike/CLionProjects/luisa/src/tests/./common/tile_tirx_test_utils.h:21:
In file included from /Users/mike/CLionProjects/luisa/include/luisa/tile/bridge/tirx/lower.h:10:
In file included from /Users/mike/CLionProjects/luisa/include/luisa/tile/ir.h:8:
In file included from /Users/mike/CLionProjects/luisa/include/luisa/core/managed_ilist.h:4:
In file included from /Users/mike/CLionProjects/luisa/include/luisa/core/concepts.h:7:
In file included from /Users/mike/CLionProjects/luisa/include/luisa/core/basic_types.h:7:
In file included from /Users/mike/CLionProjects/luisa/include/luisa/core/basic_traits.h:9:
/Users/mike/CLionProjects/luisa/src/ext/half/include/half.hpp:2391:65: warning: 'denorm_present' is deprecated [-Wdeprecated-declarations]
 2391 |     static HALF_CONSTEXPR_CONST float_denorm_style has_denorm = denorm_present;
      |                                                                 ^
/Applications/Xcode.app/Contents/Developer/Platforms/MacOSX.platform/Developer/SDKs/MacOSX.sdk/usr/include/c++/v1/limits:130:6: note: 'float_denorm_style' has been explicitly marked deprecated here
  130 | enum _LIBCPP_DEPRECATED_IN_CXX23 float_denorm_style {
      |      ^
/Applications/Xcode.app/Contents/Developer/Platforms/MacOSX.platform/Developer/SDKs/MacOSX.sdk/usr/include/c++/v1/__config:593:41: note: expanded from macro '_LIBCPP_DEPRECATED_IN_CXX23'
  593 | #    define _LIBCPP_DEPRECATED_IN_CXX23 _LIBCPP_DEPRECATED
      |                                         ^
/Applications/Xcode.app/Contents/Developer/Platforms/MacOSX.platform/Developer/SDKs/MacOSX.sdk/usr/include/c++/v1/__config:554:49: note: expanded from macro '_LIBCPP_DEPRECATED'
  554 | #      define _LIBCPP_DEPRECATED __attribute__((__deprecated__))
      |                                                 ^
In file included from /Users/mike/CLionProjects/luisa/src/tests/unit/tile/bridge/test_tirx_poc_neural.cpp:5:
In file included from /Users/mike/CLionProjects/luisa/src/tests/./common/tile_tirx_test_utils.h:21:
In file included from /Users/mike/CLionProjects/luisa/include/luisa/tile/bridge/tirx/lower.h:10:
In file included from /Users/mike/CLionProjects/luisa/include/luisa/tile/ir.h:8:
In file included from /Users/mike/CLionProjects/luisa/include/luisa/core/managed_ilist.h:4:
In file included from /Users/mike/CLionProjects/luisa/include/luisa/core/concepts.h:7:
In file included from /Users/mike/CLionProjects/luisa/include/luisa/core/basic_types.h:7:
In file included from /Users/mike/CLionProjects/luisa/include/luisa/core/basic_traits.h:9:
/Users/mike/CLionProjects/luisa/src/ext/half/include/half.hpp:2391:33: warning: 'float_denorm_style' is deprecated [-Wdeprecated-declarations]
 2391 |     static HALF_CONSTEXPR_CONST float_denorm_style has_denorm = denorm_present;
      |                                 ^
/Applications/Xcode.app/Contents/Developer/Platforms/MacOSX.platform/Developer/SDKs/MacOSX.sdk/usr/include/c++/v1/limits:130:6: note: 'float_denorm_style' has been explicitly marked deprecated here
  130 | enum _LIBCPP_DEPRECATED_IN_CXX23 float_denorm_style {
      |      ^
/Applications/Xcode.app/Contents/Developer/Platforms/MacOSX.platform/Developer/SDKs/MacOSX.sdk/usr/include/c++/v1/__config:593:41: note: expanded from macro '_LIBCPP_DEPRECATED_IN_CXX23'
  593 | #    define _LIBCPP_DEPRECATED_IN_CXX23 _LIBCPP_DEPRECATED
      |                                         ^
/Applications/Xcode.app/Contents/Developer/Platforms/MacOSX.platform/Developer/SDKs/MacOSX.sdk/usr/include/c++/v1/__config:554:49: note: expanded from macro '_LIBCPP_DEPRECATED'
  554 | #      define _LIBCPP_DEPRECATED __attribute__((__deprecated__))
      |                                                 ^
2 warnings generated.
[13/37] Building CXX object src/tests/CMakeFiles/test_tile_tirx_poc.dir/unit/tile/bridge/test_tirx_poc.cpp.o
In file included from /Users/mike/CLionProjects/luisa/src/tests/unit/tile/bridge/test_tirx_poc.cpp:10:
In file included from /Users/mike/CLionProjects/luisa/src/tests/./common/tile_tirx_test_utils.h:21:
In file included from /Users/mike/CLionProjects/luisa/include/luisa/tile/bridge/tirx/lower.h:10:
In file included from /Users/mike/CLionProjects/luisa/include/luisa/tile/ir.h:8:
In file included from /Users/mike/CLionProjects/luisa/include/luisa/core/managed_ilist.h:4:
In file included from /Users/mike/CLionProjects/luisa/include/luisa/core/concepts.h:7:
In file included from /Users/mike/CLionProjects/luisa/include/luisa/core/basic_types.h:7:
In file included from /Users/mike/CLionProjects/luisa/include/luisa/core/basic_traits.h:9:
/Users/mike/CLionProjects/luisa/src/ext/half/include/half.hpp:2391:65: warning: 'denorm_present' is deprecated [-Wdeprecated-declarations]
 2391 |     static HALF_CONSTEXPR_CONST float_denorm_style has_denorm = denorm_present;
      |                                                                 ^
/Applications/Xcode.app/Contents/Developer/Platforms/MacOSX.platform/Developer/SDKs/MacOSX.sdk/usr/include/c++/v1/limits:130:6: note: 'float_denorm_style' has been explicitly marked deprecated here
  130 | enum _LIBCPP_DEPRECATED_IN_CXX23 float_denorm_style {
      |      ^
/Applications/Xcode.app/Contents/Developer/Platforms/MacOSX.platform/Developer/SDKs/MacOSX.sdk/usr/include/c++/v1/__config:593:41: note: expanded from macro '_LIBCPP_DEPRECATED_IN_CXX23'
  593 | #    define _LIBCPP_DEPRECATED_IN_CXX23 _LIBCPP_DEPRECATED
      |                                         ^
/Applications/Xcode.app/Contents/Developer/Platforms/MacOSX.platform/Developer/SDKs/MacOSX.sdk/usr/include/c++/v1/__config:554:49: note: expanded from macro '_LIBCPP_DEPRECATED'
  554 | #      define _LIBCPP_DEPRECATED __attribute__((__deprecated__))
      |                                                 ^
In file included from /Users/mike/CLionProjects/luisa/src/tests/unit/tile/bridge/test_tirx_poc.cpp:10:
In file included from /Users/mike/CLionProjects/luisa/src/tests/./common/tile_tirx_test_utils.h:21:
In file included from /Users/mike/CLionProjects/luisa/include/luisa/tile/bridge/tirx/lower.h:10:
In file included from /Users/mike/CLionProjects/luisa/include/luisa/tile/ir.h:8:
In file included from /Users/mike/CLionProjects/luisa/include/luisa/core/managed_ilist.h:4:
In file included from /Users/mike/CLionProjects/luisa/include/luisa/core/concepts.h:7:
In file included from /Users/mike/CLionProjects/luisa/include/luisa/core/basic_types.h:7:
In file included from /Users/mike/CLionProjects/luisa/include/luisa/core/basic_traits.h:9:
/Users/mike/CLionProjects/luisa/src/ext/half/include/half.hpp:2391:33: warning: 'float_denorm_style' is deprecated [-Wdeprecated-declarations]
 2391 |     static HALF_CONSTEXPR_CONST float_denorm_style has_denorm = denorm_present;
      |                                 ^
/Applications/Xcode.app/Contents/Developer/Platforms/MacOSX.platform/Developer/SDKs/MacOSX.sdk/usr/include/c++/v1/limits:130:6: note: 'float_denorm_style' has been explicitly marked deprecated here
  130 | enum _LIBCPP_DEPRECATED_IN_CXX23 float_denorm_style {
      |      ^
/Applications/Xcode.app/Contents/Developer/Platforms/MacOSX.platform/Developer/SDKs/MacOSX.sdk/usr/include/c++/v1/__config:593:41: note: expanded from macro '_LIBCPP_DEPRECATED_IN_CXX23'
  593 | #    define _LIBCPP_DEPRECATED_IN_CXX23 _LIBCPP_DEPRECATED
      |                                         ^
/Applications/Xcode.app/Contents/Developer/Platforms/MacOSX.platform/Developer/SDKs/MacOSX.sdk/usr/include/c++/v1/__config:554:49: note: expanded from macro '_LIBCPP_DEPRECATED'
  554 | #      define _LIBCPP_DEPRECATED __attribute__((__deprecated__))
      |                                                 ^
2 warnings generated.
[14/37] Linking CXX executable bin/test_tile_xir_runtime
ld: warning: building for macOS-13.0, but linking with dylib '@rpath/libtvm_compiler.dylib' which was built for newer version 26.0
ld: warning: building for macOS-13.0, but linking with dylib '@rpath/libtvm_runtime.dylib' which was built for newer version 26.0
ld: warning: building for macOS-13.0, but linking with dylib '@rpath/libtvm_ffi.dylib' which was built for newer version 26.0
ld: warning: building for macOS-13.0, but linking with dylib '@rpath/libtvm_runtime_metal.dylib' which was built for newer version 26.0
ld: warning: building for macOS-13.0, but linking with dylib '@rpath/libtvm_runtime_extra.dylib' which was built for newer version 26.0
[15/37] Linking CXX executable bin/test_tile_xir_llm
ld: warning: building for macOS-13.0, but linking with dylib '@rpath/libtvm_compiler.dylib' which was built for newer version 26.0
ld: warning: building for macOS-13.0, but linking with dylib '@rpath/libtvm_runtime.dylib' which was built for newer version 26.0
ld: warning: building for macOS-13.0, but linking with dylib '@rpath/libtvm_ffi.dylib' which was built for newer version 26.0
ld: warning: building for macOS-13.0, but linking with dylib '@rpath/libtvm_runtime_metal.dylib' which was built for newer version 26.0
ld: warning: building for macOS-13.0, but linking with dylib '@rpath/libtvm_runtime_extra.dylib' which was built for newer version 26.0
[16/37] Linking CXX executable bin/test_tile_native_runtime
ld: warning: building for macOS-13.0, but linking with dylib '@rpath/libtvm_compiler.dylib' which was built for newer version 26.0
ld: warning: building for macOS-13.0, but linking with dylib '@rpath/libtvm_runtime.dylib' which was built for newer version 26.0
ld: warning: building for macOS-13.0, but linking with dylib '@rpath/libtvm_ffi.dylib' which was built for newer version 26.0
ld: warning: building for macOS-13.0, but linking with dylib '@rpath/libtvm_runtime_metal.dylib' which was built for newer version 26.0
ld: warning: building for macOS-13.0, but linking with dylib '@rpath/libtvm_runtime_extra.dylib' which was built for newer version 26.0
[17/37] Linking CXX executable bin/test_tile_tirx
ld: warning: building for macOS-13.0, but linking with dylib '@rpath/libtvm_compiler.dylib' which was built for newer version 26.0
ld: warning: building for macOS-13.0, but linking with dylib '@rpath/libtvm_runtime.dylib' which was built for newer version 26.0
ld: warning: building for macOS-13.0, but linking with dylib '@rpath/libtvm_ffi.dylib' which was built for newer version 26.0
ld: warning: building for macOS-13.0, but linking with dylib '@rpath/libtvm_runtime_metal.dylib' which was built for newer version 26.0
ld: warning: building for macOS-13.0, but linking with dylib '@rpath/libtvm_runtime_extra.dylib' which was built for newer version 26.0
[18/37] Linking CXX executable bin/test_tile_tirx_values
ld: warning: building for macOS-13.0, but linking with dylib '@rpath/libtvm_compiler.dylib' which was built for newer version 26.0
ld: warning: building for macOS-13.0, but linking with dylib '@rpath/libtvm_runtime.dylib' which was built for newer version 26.0
ld: warning: building for macOS-13.0, but linking with dylib '@rpath/libtvm_ffi.dylib' which was built for newer version 26.0
ld: warning: building for macOS-13.0, but linking with dylib '@rpath/libtvm_runtime_metal.dylib' which was built for newer version 26.0
ld: warning: building for macOS-13.0, but linking with dylib '@rpath/libtvm_runtime_extra.dylib' which was built for newer version 26.0
[19/37] Building CXX object src/tests/CMakeFiles/test_tile_tirx_memory.dir/unit/tile/bridge/test_tirx_memory.cpp.o
[20/37] Linking CXX executable bin/test_tile_tirx_pipeline
ld: warning: building for macOS-13.0, but linking with dylib '@rpath/libtvm_compiler.dylib' which was built for newer version 26.0
ld: warning: building for macOS-13.0, but linking with dylib '@rpath/libtvm_runtime.dylib' which was built for newer version 26.0
ld: warning: building for macOS-13.0, but linking with dylib '@rpath/libtvm_ffi.dylib' which was built for newer version 26.0
ld: warning: building for macOS-13.0, but linking with dylib '@rpath/libtvm_runtime_metal.dylib' which was built for newer version 26.0
ld: warning: building for macOS-13.0, but linking with dylib '@rpath/libtvm_runtime_extra.dylib' which was built for newer version 26.0
[21/37] Linking CXX executable bin/test_tile_tirx_memory
ld: warning: building for macOS-13.0, but linking with dylib '@rpath/libtvm_compiler.dylib' which was built for newer version 26.0
ld: warning: building for macOS-13.0, but linking with dylib '@rpath/libtvm_runtime.dylib' which was built for newer version 26.0
ld: warning: building for macOS-13.0, but linking with dylib '@rpath/libtvm_ffi.dylib' which was built for newer version 26.0
ld: warning: building for macOS-13.0, but linking with dylib '@rpath/libtvm_runtime_metal.dylib' which was built for newer version 26.0
ld: warning: building for macOS-13.0, but linking with dylib '@rpath/libtvm_runtime_extra.dylib' which was built for newer version 26.0
[22/37] Linking CXX executable bin/test_tile_tirx_planner
ld: warning: building for macOS-13.0, but linking with dylib '@rpath/libtvm_compiler.dylib' which was built for newer version 26.0
ld: warning: building for macOS-13.0, but linking with dylib '@rpath/libtvm_runtime.dylib' which was built for newer version 26.0
ld: warning: building for macOS-13.0, but linking with dylib '@rpath/libtvm_ffi.dylib' which was built for newer version 26.0
ld: warning: building for macOS-13.0, but linking with dylib '@rpath/libtvm_runtime_metal.dylib' which was built for newer version 26.0
ld: warning: building for macOS-13.0, but linking with dylib '@rpath/libtvm_runtime_extra.dylib' which was built for newer version 26.0
[23/37] Building CXX object src/tests/CMakeFiles/test_tile_tirx_cooperative.dir/unit/tile/bridge/test_tirx_cooperative.cpp.o
[24/37] Linking CXX executable bin/test_tile_tirx_poc
ld: warning: building for macOS-13.0, but linking with dylib '@rpath/libtvm_compiler.dylib' which was built for newer version 26.0
ld: warning: building for macOS-13.0, but linking with dylib '@rpath/libtvm_runtime.dylib' which was built for newer version 26.0
ld: warning: building for macOS-13.0, but linking with dylib '@rpath/libtvm_ffi.dylib' which was built for newer version 26.0
ld: warning: building for macOS-13.0, but linking with dylib '@rpath/libtvm_runtime_metal.dylib' which was built for newer version 26.0
ld: warning: building for macOS-13.0, but linking with dylib '@rpath/libtvm_runtime_extra.dylib' which was built for newer version 26.0
[25/37] Linking CXX executable bin/test_tile_tirx_poc_neural
ld: warning: building for macOS-13.0, but linking with dylib '@rpath/libtvm_compiler.dylib' which was built for newer version 26.0
ld: warning: building for macOS-13.0, but linking with dylib '@rpath/libtvm_runtime.dylib' which was built for newer version 26.0
ld: warning: building for macOS-13.0, but linking with dylib '@rpath/libtvm_ffi.dylib' which was built for newer version 26.0
ld: warning: building for macOS-13.0, but linking with dylib '@rpath/libtvm_runtime_metal.dylib' which was built for newer version 26.0
ld: warning: building for macOS-13.0, but linking with dylib '@rpath/libtvm_runtime_extra.dylib' which was built for newer version 26.0
[26/37] Linking CXX executable bin/test_tile_tirx_cooperative
ld: warning: building for macOS-13.0, but linking with dylib '@rpath/libtvm_compiler.dylib' which was built for newer version 26.0
ld: warning: building for macOS-13.0, but linking with dylib '@rpath/libtvm_runtime.dylib' which was built for newer version 26.0
ld: warning: building for macOS-13.0, but linking with dylib '@rpath/libtvm_ffi.dylib' which was built for newer version 26.0
ld: warning: building for macOS-13.0, but linking with dylib '@rpath/libtvm_runtime_metal.dylib' which was built for newer version 26.0
ld: warning: building for macOS-13.0, but linking with dylib '@rpath/libtvm_runtime_extra.dylib' which was built for newer version 26.0
[27/37] Building CXX object src/tests/CMakeFiles/test_tile_tirx_execution.dir/unit/tile/bridge/test_tirx_execution.cpp.o
[28/37] Linking CXX executable bin/test_tile_tirx_execution
ld: warning: building for macOS-13.0, but linking with dylib '@rpath/libtvm_compiler.dylib' which was built for newer version 26.0
ld: warning: building for macOS-13.0, but linking with dylib '@rpath/libtvm_runtime.dylib' which was built for newer version 26.0
ld: warning: building for macOS-13.0, but linking with dylib '@rpath/libtvm_ffi.dylib' which was built for newer version 26.0
ld: warning: building for macOS-13.0, but linking with dylib '@rpath/libtvm_runtime_metal.dylib' which was built for newer version 26.0
ld: warning: building for macOS-13.0, but linking with dylib '@rpath/libtvm_runtime_extra.dylib' which was built for newer version 26.0
[29/37] Building CXX object src/tests/CMakeFiles/benchmark_tile_tirx.dir/benchmark/benchmark_tile_tirx.cpp.o
In file included from /Users/mike/CLionProjects/luisa/src/tests/benchmark/benchmark_tile_tirx.cpp:4:
In file included from /Users/mike/CLionProjects/luisa/src/tests/./common/tile_tirx_test_utils.h:21:
In file included from /Users/mike/CLionProjects/luisa/include/luisa/tile/bridge/tirx/lower.h:10:
In file included from /Users/mike/CLionProjects/luisa/include/luisa/tile/ir.h:8:
In file included from /Users/mike/CLionProjects/luisa/include/luisa/core/managed_ilist.h:4:
In file included from /Users/mike/CLionProjects/luisa/include/luisa/core/concepts.h:7:
In file included from /Users/mike/CLionProjects/luisa/include/luisa/core/basic_types.h:7:
In file included from /Users/mike/CLionProjects/luisa/include/luisa/core/basic_traits.h:9:
/Users/mike/CLionProjects/luisa/src/ext/half/include/half.hpp:2391:65: warning: 'denorm_present' is deprecated [-Wdeprecated-declarations]
 2391 |     static HALF_CONSTEXPR_CONST float_denorm_style has_denorm = denorm_present;
      |                                                                 ^
/Applications/Xcode.app/Contents/Developer/Platforms/MacOSX.platform/Developer/SDKs/MacOSX.sdk/usr/include/c++/v1/limits:130:6: note: 'float_denorm_style' has been explicitly marked deprecated here
  130 | enum _LIBCPP_DEPRECATED_IN_CXX23 float_denorm_style {
      |      ^
/Applications/Xcode.app/Contents/Developer/Platforms/MacOSX.platform/Developer/SDKs/MacOSX.sdk/usr/include/c++/v1/__config:593:41: note: expanded from macro '_LIBCPP_DEPRECATED_IN_CXX23'
  593 | #    define _LIBCPP_DEPRECATED_IN_CXX23 _LIBCPP_DEPRECATED
      |                                         ^
/Applications/Xcode.app/Contents/Developer/Platforms/MacOSX.platform/Developer/SDKs/MacOSX.sdk/usr/include/c++/v1/__config:554:49: note: expanded from macro '_LIBCPP_DEPRECATED'
  554 | #      define _LIBCPP_DEPRECATED __attribute__((__deprecated__))
      |                                                 ^
In file included from /Users/mike/CLionProjects/luisa/src/tests/benchmark/benchmark_tile_tirx.cpp:4:
In file included from /Users/mike/CLionProjects/luisa/src/tests/./common/tile_tirx_test_utils.h:21:
In file included from /Users/mike/CLionProjects/luisa/include/luisa/tile/bridge/tirx/lower.h:10:
In file included from /Users/mike/CLionProjects/luisa/include/luisa/tile/ir.h:8:
In file included from /Users/mike/CLionProjects/luisa/include/luisa/core/managed_ilist.h:4:
In file included from /Users/mike/CLionProjects/luisa/include/luisa/core/concepts.h:7:
In file included from /Users/mike/CLionProjects/luisa/include/luisa/core/basic_types.h:7:
In file included from /Users/mike/CLionProjects/luisa/include/luisa/core/basic_traits.h:9:
/Users/mike/CLionProjects/luisa/src/ext/half/include/half.hpp:2391:33: warning: 'float_denorm_style' is deprecated [-Wdeprecated-declarations]
 2391 |     static HALF_CONSTEXPR_CONST float_denorm_style has_denorm = denorm_present;
      |                                 ^
/Applications/Xcode.app/Contents/Developer/Platforms/MacOSX.platform/Developer/SDKs/MacOSX.sdk/usr/include/c++/v1/limits:130:6: note: 'float_denorm_style' has been explicitly marked deprecated here
  130 | enum _LIBCPP_DEPRECATED_IN_CXX23 float_denorm_style {
      |      ^
/Applications/Xcode.app/Contents/Developer/Platforms/MacOSX.platform/Developer/SDKs/MacOSX.sdk/usr/include/c++/v1/__config:593:41: note: expanded from macro '_LIBCPP_DEPRECATED_IN_CXX23'
  593 | #    define _LIBCPP_DEPRECATED_IN_CXX23 _LIBCPP_DEPRECATED
      |                                         ^
/Applications/Xcode.app/Contents/Developer/Platforms/MacOSX.platform/Developer/SDKs/MacOSX.sdk/usr/include/c++/v1/__config:554:49: note: expanded from macro '_LIBCPP_DEPRECATED'
  554 | #      define _LIBCPP_DEPRECATED __attribute__((__deprecated__))
      |                                                 ^
2 warnings generated.
[30/37] Linking CXX executable bin/benchmark_tile_tirx
ld: warning: building for macOS-13.0, but linking with dylib '@rpath/libtvm_compiler.dylib' which was built for newer version 26.0
ld: warning: building for macOS-13.0, but linking with dylib '@rpath/libtvm_runtime.dylib' which was built for newer version 26.0
ld: warning: building for macOS-13.0, but linking with dylib '@rpath/libtvm_ffi.dylib' which was built for newer version 26.0
ld: warning: building for macOS-13.0, but linking with dylib '@rpath/libtvm_runtime_metal.dylib' which was built for newer version 26.0
ld: warning: building for macOS-13.0, but linking with dylib '@rpath/libtvm_runtime_extra.dylib' which was built for newer version 26.0
[31/37] Building CXX object src/tests/CMakeFiles/test_tile_tirx_targets.dir/unit/tile/bridge/test_tirx_targets.cpp.o
[32/37] Linking CXX executable bin/test_tile_tirx_targets
ld: warning: building for macOS-13.0, but linking with dylib '@rpath/libtvm_compiler.dylib' which was built for newer version 26.0
ld: warning: building for macOS-13.0, but linking with dylib '@rpath/libtvm_runtime.dylib' which was built for newer version 26.0
ld: warning: building for macOS-13.0, but linking with dylib '@rpath/libtvm_ffi.dylib' which was built for newer version 26.0
ld: warning: building for macOS-13.0, but linking with dylib '@rpath/libtvm_runtime_metal.dylib' which was built for newer version 26.0
ld: warning: building for macOS-13.0, but linking with dylib '@rpath/libtvm_runtime_extra.dylib' which was built for newer version 26.0
[33/37] Building CXX object src/tests/CMakeFiles/test_tile_tirx_poc_algorithms.dir/unit/tile/bridge/test_tirx_poc_algorithms.cpp.o
In file included from /Users/mike/CLionProjects/luisa/src/tests/unit/tile/bridge/test_tirx_poc_algorithms.cpp:4:
In file included from /Users/mike/CLionProjects/luisa/src/tests/./common/tile_tirx_test_utils.h:21:
In file included from /Users/mike/CLionProjects/luisa/include/luisa/tile/bridge/tirx/lower.h:10:
In file included from /Users/mike/CLionProjects/luisa/include/luisa/tile/ir.h:8:
In file included from /Users/mike/CLionProjects/luisa/include/luisa/core/managed_ilist.h:4:
In file included from /Users/mike/CLionProjects/luisa/include/luisa/core/concepts.h:7:
In file included from /Users/mike/CLionProjects/luisa/include/luisa/core/basic_types.h:7:
In file included from /Users/mike/CLionProjects/luisa/include/luisa/core/basic_traits.h:9:
/Users/mike/CLionProjects/luisa/src/ext/half/include/half.hpp:2391:65: warning: 'denorm_present' is deprecated [-Wdeprecated-declarations]
 2391 |     static HALF_CONSTEXPR_CONST float_denorm_style has_denorm = denorm_present;
      |                                                                 ^
/Applications/Xcode.app/Contents/Developer/Platforms/MacOSX.platform/Developer/SDKs/MacOSX.sdk/usr/include/c++/v1/limits:130:6: note: 'float_denorm_style' has been explicitly marked deprecated here
  130 | enum _LIBCPP_DEPRECATED_IN_CXX23 float_denorm_style {
      |      ^
/Applications/Xcode.app/Contents/Developer/Platforms/MacOSX.platform/Developer/SDKs/MacOSX.sdk/usr/include/c++/v1/__config:593:41: note: expanded from macro '_LIBCPP_DEPRECATED_IN_CXX23'
  593 | #    define _LIBCPP_DEPRECATED_IN_CXX23 _LIBCPP_DEPRECATED
      |                                         ^
/Applications/Xcode.app/Contents/Developer/Platforms/MacOSX.platform/Developer/SDKs/MacOSX.sdk/usr/include/c++/v1/__config:554:49: note: expanded from macro '_LIBCPP_DEPRECATED'
  554 | #      define _LIBCPP_DEPRECATED __attribute__((__deprecated__))
      |                                                 ^
In file included from /Users/mike/CLionProjects/luisa/src/tests/unit/tile/bridge/test_tirx_poc_algorithms.cpp:4:
In file included from /Users/mike/CLionProjects/luisa/src/tests/./common/tile_tirx_test_utils.h:21:
In file included from /Users/mike/CLionProjects/luisa/include/luisa/tile/bridge/tirx/lower.h:10:
In file included from /Users/mike/CLionProjects/luisa/include/luisa/tile/ir.h:8:
In file included from /Users/mike/CLionProjects/luisa/include/luisa/core/managed_ilist.h:4:
In file included from /Users/mike/CLionProjects/luisa/include/luisa/core/concepts.h:7:
In file included from /Users/mike/CLionProjects/luisa/include/luisa/core/basic_types.h:7:
In file included from /Users/mike/CLionProjects/luisa/include/luisa/core/basic_traits.h:9:
/Users/mike/CLionProjects/luisa/src/ext/half/include/half.hpp:2391:33: warning: 'float_denorm_style' is deprecated [-Wdeprecated-declarations]
 2391 |     static HALF_CONSTEXPR_CONST float_denorm_style has_denorm = denorm_present;
      |                                 ^
/Applications/Xcode.app/Contents/Developer/Platforms/MacOSX.platform/Developer/SDKs/MacOSX.sdk/usr/include/c++/v1/limits:130:6: note: 'float_denorm_style' has been explicitly marked deprecated here
  130 | enum _LIBCPP_DEPRECATED_IN_CXX23 float_denorm_style {
      |      ^
/Applications/Xcode.app/Contents/Developer/Platforms/MacOSX.platform/Developer/SDKs/MacOSX.sdk/usr/include/c++/v1/__config:593:41: note: expanded from macro '_LIBCPP_DEPRECATED_IN_CXX23'
  593 | #    define _LIBCPP_DEPRECATED_IN_CXX23 _LIBCPP_DEPRECATED
      |                                         ^
/Applications/Xcode.app/Contents/Developer/Platforms/MacOSX.platform/Developer/SDKs/MacOSX.sdk/usr/include/c++/v1/__config:554:49: note: expanded from macro '_LIBCPP_DEPRECATED'
  554 | #      define _LIBCPP_DEPRECATED __attribute__((__deprecated__))
      |                                                 ^
2 warnings generated.
[34/37] Linking CXX executable bin/test_tile_tirx_poc_algorithms
ld: warning: building for macOS-13.0, but linking with dylib '@rpath/libtvm_compiler.dylib' which was built for newer version 26.0
ld: warning: building for macOS-13.0, but linking with dylib '@rpath/libtvm_runtime.dylib' which was built for newer version 26.0
ld: warning: building for macOS-13.0, but linking with dylib '@rpath/libtvm_ffi.dylib' which was built for newer version 26.0
ld: warning: building for macOS-13.0, but linking with dylib '@rpath/libtvm_runtime_metal.dylib' which was built for newer version 26.0
ld: warning: building for macOS-13.0, but linking with dylib '@rpath/libtvm_runtime_extra.dylib' which was built for newer version 26.0
[35/37] Building CXX object src/tests/CMakeFiles/test_tile_tirx_matrix.dir/unit/tile/bridge/test_tirx_matrix.cpp.o
[36/37] Linking CXX executable bin/test_tile_tirx_matrix
ld: warning: building for macOS-13.0, but linking with dylib '@rpath/libtvm_compiler.dylib' which was built for newer version 26.0
ld: warning: building for macOS-13.0, but linking with dylib '@rpath/libtvm_runtime.dylib' which was built for newer version 26.0
ld: warning: building for macOS-13.0, but linking with dylib '@rpath/libtvm_ffi.dylib' which was built for newer version 26.0
ld: warning: building for macOS-13.0, but linking with dylib '@rpath/libtvm_runtime_metal.dylib' which was built for newer version 26.0
ld: warning: building for macOS-13.0, but linking with dylib '@rpath/libtvm_runtime_extra.dylib' which was built for newer version 26.0
