metal gemm_4096x4096x11008 ...
  JIT trial 1/12: block=(128, 32, 4096), window=1, threads=64, copy_batch=1, shared_tiles=preserve, row_packing=auto, unroll=1, lane_elements=1, input_cache=False
    rejected: native benchmark failed (2):
  JIT trial 2/12: block=(128, 32, 4096), window=1, threads=128, copy_batch=1, shared_tiles=preserve, row_packing=auto, unroll=1, lane_elements=1, input_cache=False
    validated; native gpu-control 101469.292 us
  JIT trial 3/12: block=(128, 32, 4096), window=1, threads=256, copy_batch=1, shared_tiles=preserve, row_packing=auto, unroll=1, lane_elements=1, input_cache=False
    validated; native gpu-control 166948.750 us
  JIT trial 4/12: block=(128, 64, 4096), window=1, threads=64, copy_batch=1, shared_tiles=preserve, row_packing=auto, unroll=1, lane_elements=1, input_cache=False
    rejected: native benchmark failed (2):
  JIT trial 5/12: block=(128, 64, 4096), window=1, threads=128, copy_batch=1, shared_tiles=preserve, row_packing=auto, unroll=1, lane_elements=1, input_cache=False
    rejected: native benchmark failed (2):
  JIT trial 6/12: block=(128, 64, 4096), window=1, threads=256, copy_batch=1, shared_tiles=preserve, row_packing=auto, unroll=1, lane_elements=1, input_cache=False
    validated; native gpu-control 83019.500 us
  JIT trial 7/12: block=(64, 128, 4096), window=1, threads=64, copy_batch=1, shared_tiles=preserve, row_packing=auto, unroll=1, lane_elements=1, input_cache=False
    rejected: native benchmark failed (2):
  JIT trial 8/12: block=(64, 128, 4096), window=1, threads=128, copy_batch=1, shared_tiles=preserve, row_packing=auto, unroll=1, lane_elements=1, input_cache=False
    rejected: native benchmark failed (2):
  JIT trial 9/12: block=(64, 128, 4096), window=1, threads=256, copy_batch=1, shared_tiles=preserve, row_packing=auto, unroll=1, lane_elements=1, input_cache=False
    validated; native gpu-control 119861.958 us
  JIT trial 10/12: block=(64, 64, 4096), window=1, threads=64, copy_batch=1, shared_tiles=preserve, row_packing=auto, unroll=1, lane_elements=1, input_cache=False
    rejected: native benchmark failed (2):
  JIT trial 11/12: block=(64, 64, 4096), window=1, threads=128, copy_batch=1, shared_tiles=preserve, row_packing=auto, unroll=1, lane_elements=1, input_cache=False
    validated; native gpu-control 80656.667 us
  JIT trial 12/12: block=(64, 64, 4096), window=1, threads=256, copy_batch=1, shared_tiles=preserve, row_packing=auto, unroll=1, lane_elements=1, input_cache=False
    validated; native gpu-control 201072.833 us
  Selected block=(64, 64, 4096), window=1, threads=128, copy_batch=1, shared_tiles=preserve, row_packing=auto, unroll=1, lane_elements=1, input_cache=False; fresh validation/timing
  validated; native 72864.709 us, torch 82138.500 us, ratio 0.89x
Results: /Users/mike/CLionProjects/luisa/scripts/benchmark/tile_torch/results/m1-max-20260906-mpp-state-budget/search/4096x4096x11008-reference/results.md
