dyld[45942]: <DC82AE0B-BB53-35C7-9A3E-03B1111CFE74> /private/tmp/luisa-xir-indexable.21Tuda/candidate/benchmark_tile_xir
dyld[45942]: <6511DCA3-5F4C-3760-A47D-3E6E67E0ED0B> /private/tmp/luisa-xir-indexable.21Tuda/candidate/libluisa-tile.dylib
dyld[45942]: <29C70C65-273E-30F7-8D44-FAABC0731050> /private/tmp/luisa-xir-indexable.21Tuda/candidate/libluisa-osl.dylib
dyld[45942]: <E1E9482A-4150-3450-AB8D-541D6A064CB4> /private/tmp/luisa-xir-indexable.21Tuda/candidate/libluisa-coro.dylib
dyld[45942]: <09AF1AAD-6ECC-3FEB-A637-051F855EBA54> /private/tmp/luisa-xir-indexable.21Tuda/candidate/libluisa-xir.dylib
dyld[45942]: <C23327C0-82D6-3686-98DA-8ABA76B860ED> /private/tmp/luisa-xir-indexable.21Tuda/candidate/libluisa-dsl.dylib
dyld[45942]: <766C142E-EB2F-3012-A1FE-28458FB7A246> /private/tmp/luisa-xir-indexable.21Tuda/candidate/libluisa-runtime.dylib
dyld[45942]: <E277837D-68CB-3B93-8B2F-9B9AE06B0A69> /private/tmp/luisa-xir-indexable.21Tuda/candidate/libluisa-ast.dylib
dyld[45942]: <ED03A382-7084-30A6-810C-15E3AE4558E0> /private/tmp/luisa-xir-indexable.21Tuda/candidate/libluisa-core.dylib
dyld[45942]: <7601DE36-F1F9-3D0C-AFF7-16571EA9DED5> /private/tmp/luisa-xir-indexable.21Tuda/candidate/libglslang.16.3.0.dylib
dyld[45942]: <F0FD393C-15BC-3C75-A19D-897F7B225C78> /usr/lib/libc++.1.dylib
dyld[45942]: <F38A9C58-22AB-3798-BBAE-8DCD9CC0CE27> /usr/lib/libc++abi.dylib
dyld[45942]: <4FED5EE2-5D3E-35B1-A170-9859C4B683BB> /usr/lib/libSystem.B.dylib
dyld[45942]: <9CD7B1E1-3E47-339C-A193-2392E3E0ED23> /usr/lib/system/libcache.dylib
dyld[45942]: <3B110564-5278-3CB0-85F1-2CE8431FF935> /usr/lib/system/libcommonCrypto.dylib
dyld[45942]: <6FB345CA-7F5C-3263-A23F-143F7539FD8A> /usr/lib/system/libcompiler_rt.dylib
dyld[45942]: <D0009B8A-8ECC-3D56-9206-7E1839707F93> /usr/lib/system/libcopyfile.dylib
dyld[45942]: <0642DDAD-4771-3C82-805C-E7C6701C1461> /usr/lib/system/libcorecrypto.dylib
dyld[45942]: <B2000CD5-F580-314A-A141-E036719D854E> /usr/lib/system/libdispatch.dylib
dyld[45942]: <957F93B3-8805-39C7-9C51-EDD1715F550E> /usr/lib/system/libdyld.dylib
dyld[45942]: <7E863FCA-F3FF-32C7-8A8C-F983E946AFC3> /usr/lib/system/libkeymgr.dylib
dyld[45942]: <949131E5-BDA2-39BA-AA50-62651BB51802> /usr/lib/system/libmacho.dylib
dyld[45942]: <EEE5AADB-52E1-3C4C-881A-70405770B1F1> /usr/lib/system/libquarantine.dylib
dyld[45942]: <7460B5AE-469A-36A0-A7EC-6C7D69628E86> /usr/lib/system/libremovefile.dylib
dyld[45942]: <54439739-33EE-3273-839F-CBA67D7F5CB1> /usr/lib/system/libsystem_asl.dylib
dyld[45942]: <E0AC1231-27AA-3A13-8FAC-41D5802B1F3C> /usr/lib/system/libsystem_blocks.dylib
dyld[45942]: <D77CEB62-AFF6-3CEC-BA9B-4F057FBE2EB5> /usr/lib/system/libsystem_c.dylib
dyld[45942]: <C8160BD2-5941-3DC0-BB40-F8C2B8156EC4> /usr/lib/system/libsystem_collections.dylib
dyld[45942]: <D8D6280B-783D-3550-BDBA-2861AE40604F> /usr/lib/system/libsystem_configuration.dylib
dyld[45942]: <14B2A47F-19C8-392F-8FDB-FE8AE375DD41> /usr/lib/system/libsystem_containermanager.dylib
dyld[45942]: <D4ACD2AC-5702-3C45-85A0-300B2C2D19E1> /usr/lib/system/libsystem_coreservices.dylib
dyld[45942]: <8E07D22E-CE5A-38A0-B091-5B0338C326F5> /usr/lib/system/libsystem_darwin.dylib
dyld[45942]: <971A4F65-493D-39F3-846D-0D33FA2769FD> /usr/lib/system/libsystem_darwindirectory.dylib
dyld[45942]: <305F4398-E688-3384-B351-02D865EC8A04> /usr/lib/system/libsystem_dnssd.dylib
dyld[45942]: <750CA446-92EA-3A56-9A7B-CC0841686C50> /usr/lib/system/libsystem_eligibility.dylib
dyld[45942]: <FEE12F9C-344B-33B3-8EDD-283580EF1C67> /usr/lib/system/libsystem_featureflags.dylib
dyld[45942]: <9B5FB84B-31AD-3EA7-8F89-8C700D369DC8> /usr/lib/system/libsystem_info.dylib
dyld[45942]: <B54FBE99-DB0B-32C7-ABDD-C2206DF606A4> /usr/lib/system/libsystem_m.dylib
dyld[45942]: <D969A907-3E43-3951-9365-8C2DB3812E9D> /usr/lib/system/libsystem_malloc.dylib
dyld[45942]: <9C7B1EEB-47BE-3791-93A9-CFC693CB9417> /usr/lib/system/libsystem_networkextension.dylib
dyld[45942]: <15799128-6CBD-30D6-A2BB-B9D02B4470C0> /usr/lib/system/libsystem_notify.dylib
dyld[45942]: <54688162-B50D-3D31-A1E8-7B9766D3530D> /usr/lib/system/libsystem_sandbox.dylib
dyld[45942]: <D88EC709-9AA8-3083-B22B-D3CB39678D71> /usr/lib/system/libsystem_sanitizers.dylib
dyld[45942]: <ECABC024-8F02-374A-BB7E-29437CEA2ABD> /usr/lib/system/libsystem_secinit.dylib
dyld[45942]: <C6A4A4CB-92E6-3BAF-AAE0-E8306259209A> /usr/lib/system/libsystem_kernel.dylib
dyld[45942]: <EDB83A19-EC17-32DE-9350-6145970A85D6> /usr/lib/system/libsystem_platform.dylib
dyld[45942]: <A373F0B0-9880-326A-88B4-DD8BE4E33072> /usr/lib/system/libsystem_pthread.dylib
dyld[45942]: <229122B9-B8B1-3F2F-870E-8650AE3C4FB5> /usr/lib/system/libsystem_symptoms.dylib
dyld[45942]: <93F1DD8C-6CD9-32B9-B222-D23DA5D161B4> /usr/lib/system/libsystem_trace.dylib
dyld[45942]: <7194FF5B-A6C5-3D67-B00A-90209F10D603> /usr/lib/system/libsystem_trial.dylib
dyld[45942]: <05FD0014-55B1-3B8A-A6BA-6C7A389C4123> /usr/lib/system/libunwind.dylib
dyld[45942]: <33E44C2D-D65E-37A6-B85F-1A4CF524A050> /usr/lib/system/libxpc.dylib
dyld[45942]: <03BD9E32-CF0A-37B0-898A-3CE8DE06D842> /usr/lib/libobjc.A.dylib
dyld[45942]: <E2A87413-D325-3FCE-A57E-5745570A0EF2> /System/Library/PrivateFrameworks/XPCSupport.framework/Versions/A/XPCSupport
dyld[45942]: <9B672762-7B1F-30BC-96DE-F176B372D66D> /System/Library/Frameworks/CoreFoundation.framework/Versions/A/CoreFoundation
dyld[45942]: <83794FB3-DE9B-3D23-AB5E-2C1D5D30F134> /usr/lib/swift/libswiftCore.dylib
dyld[45942]: <0C7397C6-D747-31F2-8BC1-4096213BDE5C> /usr/lib/libRosetta.dylib
dyld[45942]: <91DACE39-FA28-3191-818D-1FCC6A0E615A> /System/Library/Frameworks/Foundation.framework/Versions/C/Foundation
dyld[45942]: <4FD234EA-2C18-3C25-8BD0-B1F4805C6675> /usr/lib/swift/libswiftObjectiveC.dylib
dyld[45942]: <9E3C7597-446F-3C50-9930-2425D9252C0C> /usr/lib/libswiftPrespecialized.dylib
dyld[45942]: <1479C415-3678-3968-AC77-06373490860E> /System/Library/Frameworks/SystemConfiguration.framework/Versions/A/SystemConfiguration
dyld[45942]: <13EDE3A5-A7D9-3FB8-B0C2-2FB7F7272B34> /usr/lib/libz.1.dylib
dyld[45942]: <54AD73AF-852E-3CD6-8B7D-E73BE79857D3> /System/Library/PrivateFrameworks/CoreAutoLayout.framework/Versions/A/CoreAutoLayout
dyld[45942]: <1A2A9A41-5269-3B0C-BCEE-B446966CE366> /usr/lib/libcmark-gfm.dylib
dyld[45942]: <820D290D-51A0-3064-A1F2-4F0AAF7E6BF4> /usr/lib/libfakelink.dylib
dyld[45942]: <BAEEB84F-03FE-3B78-8799-316258DF893E> /usr/lib/libcompression.dylib
dyld[45942]: <4A3B95C5-AA2E-338C-9398-56895AF82D97> /System/Library/Frameworks/CFNetwork.framework/Versions/A/CFNetwork
dyld[45942]: <332C4B80-5B3C-34E7-AD1F-F6131E607F95> /System/Library/Frameworks/DiskArbitration.framework/Versions/A/DiskArbitration
dyld[45942]: <0048DB96-1737-3FC5-AF0C-AF784FA24A03> /usr/lib/libarchive.2.dylib
dyld[45942]: <6CD959AA-4825-306A-864A-BD69EC5F2DC0> /usr/lib/libDiagnosticMessagesClient.dylib
dyld[45942]: <53A3E31E-06A8-325E-B5A8-316B88AA3C92> /usr/lib/libicucore.A.dylib
dyld[45942]: <1E8A4F9E-3954-3458-B3BB-BE97F961C105> /usr/lib/libxml2.2.dylib
dyld[45942]: <56AE2857-29E0-34E9-B2C3-EE8E951EEFC5> /System/Library/Frameworks/CoreServices.framework/Versions/A/CoreServices
dyld[45942]: <D201B12C-5258-3C03-89ED-B35FBFAEFA0C> /usr/lib/liblangid.dylib
dyld[45942]: <12372585-DF92-33EF-B632-714FAA13260A> /System/Library/Frameworks/IOKit.framework/Versions/A/IOKit
dyld[45942]: <F088ACC1-374F-3E9D-86DA-29310F8431B1> /System/Library/Frameworks/Combine.framework/Versions/A/Combine
dyld[45942]: <6098453F-4D7E-38B4-8ADC-02C9FF51E14A> /System/Library/PrivateFrameworks/CollectionsInternal.framework/Versions/A/CollectionsInternal
dyld[45942]: <9A1279D4-575A-3E48-A460-A631A3F82D18> /System/Library/PrivateFrameworks/ReflectionInternal.framework/Versions/A/ReflectionInternal
dyld[45942]: <6D89CD71-A86D-3D78-A64B-96AB79550F79> /System/Library/PrivateFrameworks/RuntimeInternal.framework/Versions/A/RuntimeInternal
dyld[45942]: <4109E8DD-0A81-310C-B1B3-23B87186D0D8> /System/Library/PrivateFrameworks/SoftLinking.framework/Versions/A/SoftLinking
dyld[45942]: <4975D13C-2AC5-3473-85C0-98054A81D7C6> /usr/lib/swift/libswiftCoreFoundation.dylib
dyld[45942]: <1DB56DA9-CF6B-3023-ABDF-5A37CB79223C> /usr/lib/swift/libswiftDarwin.dylib
dyld[45942]: <F0B9A36E-CE82-3B73-B644-E9C05DF0AF71> /usr/lib/swift/libswiftDispatch.dylib
dyld[45942]: <06A92787-4440-3757-AF32-F2B331C753A2> /usr/lib/swift/libswiftIOKit.dylib
dyld[45942]: <7CD9BDE7-F36B-3471-9295-38E181D6D9E5> /usr/lib/swift/libswiftSystem.dylib
dyld[45942]: <24AEDAC1-C1EE-30F4-8818-72EBF8969D0C> /usr/lib/swift/libswiftXPC.dylib
dyld[45942]: <52F59382-A6A6-3F55-8A85-D9FB822D370F> /usr/lib/swift/libswift_Builtin_float.dylib
dyld[45942]: <8E168857-47F4-349F-A718-A18DB144FCB0> /usr/lib/swift/libswift_Concurrency.dylib
dyld[45942]: <85246B9A-A757-3F67-B792-3A2F7BB2BB25> /usr/lib/swift/libswift_DarwinFoundation1.dylib
dyld[45942]: <8DF0116D-DFC9-3906-9DF6-F1DBC47E324B> /usr/lib/swift/libswift_StringProcessing.dylib
dyld[45942]: <C7A04322-C1B4-39A6-9E88-1C8CEDB97264> /usr/lib/swift/libswiftos.dylib
dyld[45942]: <7D56DA94-31EB-35F0-B886-4010C075E035> /System/Library/PrivateFrameworks/CoreServicesInternal.framework/Versions/A/CoreServicesInternal
dyld[45942]: <0C7397C6-D747-31F2-8BC1-4096213BDE5C> /usr/lib/liboah.dylib
dyld[45942]: <9D0387FC-E8F6-3004-9C95-CA68EA715C8B> /System/Library/Frameworks/Security.framework/Versions/A/Security
dyld[45942]: <A24BD91A-8190-352C-B5A2-D442DB5D6459> /System/Library/PrivateFrameworks/GenerationalStorage.framework/Versions/A/GenerationalStorage
dyld[45942]: <F5519EDD-F080-3571-918D-A77115712256> /System/Library/PrivateFrameworks/CacheDelete.framework/Versions/A/CacheDelete
dyld[45942]: <36F215D1-A2C0-32CA-ADD8-6D85AB48A772> /System/Library/Frameworks/QuickLookThumbnailing.framework/Versions/A/QuickLookThumbnailing
dyld[45942]: <5EA68C5E-69B0-3011-9D66-AEF49D82B29D> /System/Library/Frameworks/FileProvider.framework/Versions/A/FileProvider
dyld[45942]: <E318744C-06A0-39A4-A55B-1245016B42CE> /System/Library/PrivateFrameworks/DiskImages.framework/Versions/A/DiskImages
dyld[45942]: <49121861-2603-3B0A-B664-BAD9E729BE5D> /System/Library/Frameworks/NetFS.framework/Versions/A/NetFS
dyld[45942]: <C5AF8E88-9770-3B2B-9F79-AA5B1082A2DB> /System/Library/PrivateFrameworks/DesktopServicesPriv.framework/Versions/A/DesktopServicesPriv
dyld[45942]: <F1A7246D-30C0-345F-8138-266094EC8315> /System/Library/Frameworks/CoreServices.framework/Versions/A/Frameworks/FSEvents.framework/Versions/A/FSEvents
dyld[45942]: <D884AF5B-23F7-313A-97ED-DD54518BA922> /System/Library/Frameworks/CoreServices.framework/Versions/A/Frameworks/CarbonCore.framework/Versions/A/CarbonCore
dyld[45942]: <DEFC137A-C15D-35CB-AF08-E4D06B6CF8B9> /System/Library/Frameworks/CoreServices.framework/Versions/A/Frameworks/Metadata.framework/Versions/A/Metadata
dyld[45942]: <61677289-93B7-382F-86CA-B856361D293F> /System/Library/Frameworks/CoreServices.framework/Versions/A/Frameworks/OSServices.framework/Versions/A/OSServices
dyld[45942]: <B352D2B5-7115-3FF6-8805-7B49151BF5A2> /System/Library/Frameworks/CoreServices.framework/Versions/A/Frameworks/SearchKit.framework/Versions/A/SearchKit
dyld[45942]: <435D6243-695B-3543-A722-10106F5696BD> /System/Library/Frameworks/CoreServices.framework/Versions/A/Frameworks/AE.framework/Versions/A/AE
dyld[45942]: <01579E0C-9D85-3521-8916-4DDC990CD064> /System/Library/Frameworks/CoreServices.framework/Versions/A/Frameworks/LaunchServices.framework/Versions/A/LaunchServices
dyld[45942]: <6A26D479-5926-330B-9FB8-9B7A6BE8E239> /System/Library/Frameworks/CoreServices.framework/Versions/A/Frameworks/DictionaryServices.framework/Versions/A/DictionaryServices
dyld[45942]: <297AC970-E432-3BBD-986C-36782634062E> /System/Library/Frameworks/CoreServices.framework/Versions/A/Frameworks/SharedFileList.framework/Versions/A/SharedFileList
dyld[45942]: <C3B4633A-F17D-3054-95C0-5A21B916A1B3> /usr/lib/libapple_nghttp2.dylib
dyld[45942]: <B67E4205-32B5-3FF3-9FB5-9186C0B32A90> /usr/lib/libsqlite3.dylib
dyld[45942]: <5F6B668E-00B2-3BEC-959F-26BD6B50D42B> /System/Library/Frameworks/Accounts.framework/Versions/A/Accounts
dyld[45942]: <44CD8313-2D5B-3A34-BACA-EF8800803B4A> /System/Library/PrivateFrameworks/AOSKit.framework/Versions/A/AOSKit
dyld[45942]: <5198BFE1-41D2-33D5-A9E0-C63F81A512D3> /System/Library/PrivateFrameworks/AppSSOCore.framework/Versions/A/AppSSOCore
dyld[45942]: <61B2B917-D14A-38AD-A439-16E1C635441A> /System/Library/PrivateFrameworks/AppSupport.framework/Versions/A/AppSupport
dyld[45942]: <816EC446-7C41-3A2F-A582-7CB856797C09> /System/Library/Frameworks/AVFoundation.framework/Versions/A/AVFoundation
dyld[45942]: <10A4E63B-A1EB-31CC-B3E1-DB4FE115FC84> /System/Library/PrivateFrameworks/BackgroundSystemTasks.framework/Versions/A/BackgroundSystemTasks
dyld[45942]: <FAE24228-7E19-3F30-9872-3B25749ADAF8> /System/Library/PrivateFrameworks/CoreAnalytics.framework/Versions/A/CoreAnalytics
dyld[45942]: <38C8FBEC-DE88-33FE-B742-A192F22CC754> /System/Library/Frameworks/CoreGraphics.framework/Versions/A/CoreGraphics
dyld[45942]: <D3291D8F-5606-3593-ABA7-00CE39429D6B> /System/Library/PrivateFrameworks/DuetActivityScheduler.framework/Versions/A/DuetActivityScheduler
dyld[45942]: <0E78989C-854F-3664-AD92-6B7B6D04191C> /System/Library/PrivateFrameworks/FTServices.framework/Versions/A/FTServices
dyld[45942]: <277D18EF-39E4-3F72-99E8-8D3DF65ED1D0> /System/Library/Frameworks/GSS.framework/Versions/A/GSS
dyld[45942]: <5ACC6C0E-51E9-3B5A-B24F-89B22D070878> /System/Library/PrivateFrameworks/InternationalSupport.framework/Versions/A/InternationalSupport
dyld[45942]: <AAD0A926-EC29-3A5E-AAEA-5B603C455EC3> /usr/lib/libMemoryResourceException.dylib
dyld[45942]: <798012E0-3FFC-3B8D-AC74-E7B7DAEA7E66> /System/Library/PrivateFrameworks/NetworkScore.framework/Versions/A/NetworkScore
dyld[45942]: <2C93123F-99C8-3B8D-AAE6-3A817BE0A2BF> /System/Library/PrivateFrameworks/NetworkServiceProxy.framework/Versions/A/NetworkServiceProxy
dyld[45942]: <F7CC7754-0B25-302A-BFD4-5D16E9F666AD> /System/Library/PrivateFrameworks/RunningBoardServices.framework/Versions/A/RunningBoardServices
dyld[45942]: <FD3A5484-162B-3573-A1A0-E55318B78676> /System/Library/PrivateFrameworks/StreamingExtractor.framework/Versions/A/StreamingExtractor
dyld[45942]: <1F2EDC7B-8F28-3721-8A60-F6E1BCFC29A3> /System/Library/PrivateFrameworks/StreamingZip.framework/Versions/A/StreamingZip
dyld[45942]: <5DA62AF9-3D46-3D17-A3EB-7026A2F006DF> /System/Library/PrivateFrameworks/SymptomReporter.framework/Versions/A/SymptomReporter
dyld[45942]: <8E04C57D-3651-386E-83D5-4728B732F214> /usr/lib/libenergytrace.dylib
dyld[45942]: <A4A0036B-6614-36AA-9751-F7519237C5B7> /usr/lib/libnetworkextension.dylib
dyld[45942]: <1C7E652B-6B94-3180-93A6-EF8DBA3A5448> /System/Library/Frameworks/Network.framework/Versions/A/Network
dyld[45942]: <633BCB5F-F063-3D5A-B52A-F72AE236824B> /usr/lib/libbsm.0.dylib
dyld[45942]: <A3E386E1-042A-33E3-9121-78457115AAD9> /usr/lib/system/libkxld.dylib
dyld[45942]: <E444621A-C72D-36A2-AA52-9E9FAFA7B42D> /System/Library/PrivateFrameworks/AppleKeyStore.framework/Versions/A/AppleKeyStore
dyld[45942]: <A0DF7E4F-890F-320B-90BF-60CBAC3AFF8B> /usr/lib/libCoreEntitlements.dylib
dyld[45942]: <A287A9A4-5DFD-331D-93A8-696DBE94592C> /System/Library/PrivateFrameworks/MessageSecurity.framework/Versions/A/MessageSecurity
dyld[45942]: <C73EE6D7-FE28-30E3-BA6A-012DC32FA22F> /System/Library/PrivateFrameworks/ProtocolBuffer.framework/Versions/A/ProtocolBuffer
dyld[45942]: <81F4A8BA-C80F-3B53-82E7-57F6928609C5> /System/Library/PrivateFrameworks/CloudServices.framework/Versions/A/CloudServices
dyld[45942]: <737479F2-7B20-3DB6-B9F4-0DAA1B73E9D0> /System/Library/PrivateFrameworks/SymptomDiagnosticReporter.framework/Versions/A/SymptomDiagnosticReporter
dyld[45942]: <F963C33F-6026-336E-AE74-2ABA6F2322EF> /System/Library/PrivateFrameworks/CrashReporterSupport.framework/Versions/A/CrashReporterSupport
dyld[45942]: <D614ADAF-EEDD-3492-AEEB-7D03558D419C> /usr/lib/libMobileGestalt.dylib
dyld[45942]: <DA611209-7AA6-37C4-B4EC-7B7A7020A607> /System/Library/PrivateFrameworks/AppleFSCompression.framework/Versions/A/AppleFSCompression
dyld[45942]: <0EAB1F4A-9275-3FED-8EA6-E962ACDDEE5D> /usr/lib/libcoretls.dylib
dyld[45942]: <6937D729-7EF4-3972-9E12-694C17C1C1AB> /usr/lib/libcoretls_cfhelpers.dylib
dyld[45942]: <7E84FD3B-E90E-317E-AC19-17B70AC809E5> /usr/lib/libpam.2.dylib
dyld[45942]: <B48CA8E1-C7EF-38BF-B8C0-91355EE685DC> /usr/lib/libxar.1.dylib
dyld[45942]: <E7595D59-4FA7-3A8E-9E9A-D1B22225B571> /System/Library/PrivateFrameworks/APFS.framework/Versions/A/APFS
dyld[45942]: <EDCDD822-AA64-3EB9-B0C3-9CEF1A4E0B36> /System/Library/PrivateFrameworks/SwiftASN1Internal.framework/Versions/A/SwiftASN1Internal
dyld[45942]: <D4EB86A9-2784-3D15-A72E-29832C211348> /usr/lib/libutil.dylib
dyld[45942]: <4C6139EE-BF87-37A6-B226-830A6FDC36F8> /System/Library/PrivateFrameworks/AppleSystemInfo.framework/Versions/A/AppleSystemInfo
dyld[45942]: <2BC48182-F354-3AB0-8F18-0C60CAAFE398> /System/Library/PrivateFrameworks/IOMobileFramebuffer.framework/Versions/A/IOMobileFramebuffer
dyld[45942]: <5556FD64-9D47-3547-961E-3A27681F3C51> /System/Library/Frameworks/IOSurface.framework/Versions/A/IOSurface
dyld[45942]: <7C50137B-2ABD-3819-B033-AE65B05A6085> /System/Library/PrivateFrameworks/CoreWiFi.framework/Versions/A/CoreWiFi
dyld[45942]: <DAB7DFDC-BE61-3164-B741-A753F6CD2E7E> /System/Library/PrivateFrameworks/LoggingSupport.framework/Versions/A/LoggingSupport
dyld[45942]: <91A461DE-C8E8-3868-B393-BA6E5A17DF2A> /System/Library/PrivateFrameworks/MobileAsset.framework/Versions/A/MobileAsset
dyld[45942]: <E86905A9-1519-3027-9182-C85F9EC8A6C0> /System/Library/PrivateFrameworks/PowerLog.framework/Versions/A/PowerLog
dyld[45942]: <F6E572E4-F0AB-3F91-A003-E75A612F3F3D> /System/Library/PrivateFrameworks/Rapport.framework/Versions/A/Rapport
dyld[45942]: <9F52706C-75BD-34AF-A29E-C26608124ACC> /System/Library/Frameworks/SwiftData.framework/Versions/A/SwiftData
dyld[45942]: <259877CE-4E2C-34A9-A07F-FEE2999D7B2F> /System/Library/PrivateFrameworks/Symptoms.framework/Versions/A/Frameworks/SymptomAnalytics.framework/Versions/A/SymptomAnalytics
dyld[45942]: <B57F62F5-1581-3CE6-8782-6072B970FDF2> /System/Library/Frameworks/UniformTypeIdentifiers.framework/Versions/A/UniformTypeIdentifiers
dyld[45942]: <4A78C569-FF0D-398B-9C25-33453F0CEC40> /System/Library/PrivateFrameworks/UserManagement.framework/Versions/A/UserManagement
dyld[45942]: <5BF55637-F306-3D79-B5A1-DB8A871DAD4B> /usr/lib/libboringssl.dylib
dyld[45942]: <831C79C1-8DBE-31A3-AA4E-8E2B041488D6> /usr/lib/libcupolicy.dylib
dyld[45942]: <88925A0C-4960-3F6D-AF3A-B1983F7B3D18> /usr/lib/libdns_services.dylib
dyld[45942]: <9753F471-40DD-3B9E-9D64-8D07C1B06BC9> /System/Library/Frameworks/NetworkExtension.framework/Versions/A/NetworkExtension
dyld[45942]: <AA138671-8F21-30AE-808F-EBCF938B6013> /usr/lib/libnwswifttls.dylib
dyld[45942]: <6F59933A-6618-33F1-BE52-E7FC3BF7A1EF> /usr/lib/libpcap.A.dylib
dyld[45942]: <5E89267F-C684-348D-8356-F9DAD8B4CB13> /usr/lib/libquic.dylib
dyld[45942]: <D2F997AA-2E08-3035-9D11-B2DF5D1552E9> /usr/lib/libusrtcp.dylib
dyld[45942]: <1617DBB1-2BFF-3619-903C-2FBB31348FB6> /System/Library/PrivateFrameworks/AtomicsInternal.framework/Versions/A/AtomicsInternal
dyld[45942]: <41F66F01-A342-3091-A832-0B2B645C922B> /System/Library/PrivateFrameworks/InternalSwiftProtobuf.framework/Versions/A/InternalSwiftProtobuf
dyld[45942]: <2EDB2E62-942F-3AB5-82AF-8E1328544E17> /usr/lib/swift/libswiftDistributed.dylib
dyld[45942]: <CD141C3F-F1A3-3AD8-B190-0A78FB3BB4E5> /usr/lib/swift/libswiftObservation.dylib
dyld[45942]: <FDFD191A-CA23-3D4A-9875-C7748238830A> /usr/lib/swift/libswiftSynchronization.dylib
dyld[45942]: <91BDD1F8-831B-3B01-86BA-6BBCB43373C4> /System/Library/PrivateFrameworks/AggregateDictionary.framework/Versions/A/AggregateDictionary
dyld[45942]: <90CFC86E-833E-3E9F-BAAC-2B61BD750DA6> /System/Library/PrivateFrameworks/CoreDuetContext.framework/Versions/A/CoreDuetContext
dyld[45942]: <07CF779F-8F51-3764-B486-23D76868FF91> /System/Library/PrivateFrameworks/BiomeLibrary.framework/Versions/A/BiomeLibrary
dyld[45942]: <838F99F9-D3FA-335B-9767-B5D04A3FACA6> /System/Library/PrivateFrameworks/CoreDuet.framework/Versions/A/CoreDuet
dyld[45942]: <2110407D-EFB4-373E-B963-9C92E26594B2> /System/Library/PrivateFrameworks/BiomeStreams.framework/Versions/A/BiomeStreams
dyld[45942]: <455A5553-E683-30B4-A906-1F14E75F6E61> /System/Library/PrivateFrameworks/BiomeFoundation.framework/Versions/A/BiomeFoundation
dyld[45942]: <0F03104F-FC8B-3ADD-8850-4B7029E2B56E> /System/Library/PrivateFrameworks/BiomePubSub.framework/Versions/A/BiomePubSub
dyld[45942]: <712AD9C1-44D2-36F4-BA8E-15038521462B> /System/Library/Frameworks/CoreData.framework/Versions/A/CoreData
dyld[45942]: <73EE1A0A-0D29-3104-98CB-BEFEDA53F7C0> /System/Library/PrivateFrameworks/ProactiveSupport.framework/Versions/A/ProactiveSupport
dyld[45942]: <9805BB7B-12C9-39F5-9070-C5B8BFCAE2AF> /System/Library/Frameworks/CoreLocation.framework/Versions/A/CoreLocation
dyld[45942]: <FA0B35BF-F3FE-3329-983D-B5118AAF4E07> /System/Library/Frameworks/Intents.framework/Versions/A/Intents
dyld[45942]: <EDFF8FB1-DFD9-32F1-B215-F8647276D90C> /System/Library/Frameworks/_LocationEssentials.framework/Versions/A/_LocationEssentials
dyld[45942]: <A758BC2B-EB48-3590-9B22-C2E0FAC3521E> /usr/lib/liblzma.5.dylib
dyld[45942]: <9171DD7D-3994-3963-9A28-BC163BF97DE6> /System/Library/Frameworks/Accelerate.framework/Versions/A/Accelerate
dyld[45942]: <D3DECDE5-FA90-35FB-861D-8148E963D8B1> /System/Library/PrivateFrameworks/MobileKeyBag.framework/Versions/A/MobileKeyBag
dyld[45942]: <858910C5-1D4A-37B7-BF0E-EE02E24A2ACD> /System/Library/PrivateFrameworks/InternationalTextSearch.framework/Versions/A/InternationalTextSearch
dyld[45942]: <13271AA6-33EA-369B-B2D1-6EC528C820E7> /System/Library/PrivateFrameworks/SoftwareUpdateCoreSupport.framework/Versions/A/SoftwareUpdateCoreSupport
dyld[45942]: <2CA857AF-D999-34DC-94A1-3AC0E5B80416> /System/Library/PrivateFrameworks/SoftwareUpdateCoreConnect.framework/Versions/A/SoftwareUpdateCoreConnect
dyld[45942]: <823F3D1A-65F1-3CC5-96B1-750263B8DB36> /System/Library/PrivateFrameworks/RemoteServiceDiscovery.framework/Versions/A/RemoteServiceDiscovery
dyld[45942]: <FC49965D-D149-30F8-A403-EED6A2ED8C1D> /System/Library/PrivateFrameworks/MSUDataAccessor.framework/Versions/A/MSUDataAccessor
dyld[45942]: <B5133C2D-C0A5-34C3-BF53-A59FBDDCEEDA> /usr/lib/libbootpolicy.dylib
dyld[45942]: <885F9C72-1018-368B-AD36-E8A42E87FD91> /System/Library/PrivateFrameworks/RemoteXPC.framework/Versions/A/RemoteXPC
dyld[45942]: <BA9D87B5-421B-37B2-BEF3-F3E359C22B18> /usr/lib/libFDR.dylib
dyld[45942]: <24D28E7F-A1AE-3031-8679-A0D6C6D68A86> /usr/lib/libamsupport.dylib
dyld[45942]: <29367004-5D60-38DB-831F-9E5EE9364B21> /usr/lib/libReverseProxyDevice.dylib
dyld[45942]: <9594FBFB-D49D-3DF6-8820-564633EAEC2B> /System/Library/PrivateFrameworks/AppleDeviceQuerySupport.framework/Versions/A/AppleDeviceQuerySupport
dyld[45942]: <BA13DE06-6320-345A-A2E3-CC3C4EB06574> /usr/lib/libpartition2_dynamic.dylib
dyld[45942]: <B739BAFB-BA9A-3F08-A480-EA4D41808899> /System/Library/PrivateFrameworks/AppleSauce.framework/Versions/A/AppleSauce
dyld[45942]: <9A8926C8-36A6-3DB4-A485-059C1F630984> /usr/lib/libAppleArchive.dylib
dyld[45942]: <5FFE1FFA-6BD0-32AF-A815-7543731CA763> /usr/lib/libbz2.1.0.dylib
dyld[45942]: <2B16DF37-A596-3D8A-AE47-33E580EB1354> /System/Library/Frameworks/Accelerate.framework/Versions/A/Frameworks/vImage.framework/Versions/A/vImage
dyld[45942]: <8203944D-B53E-3D7E-A481-3C676CAE1B6A> /System/Library/Frameworks/Accelerate.framework/Versions/A/Frameworks/vecLib.framework/Versions/A/vecLib
dyld[45942]: <F6878ABB-05CB-3A50-964F-4D772670BAEB> /System/Library/Frameworks/Accelerate.framework/Versions/A/Frameworks/vecLib.framework/Versions/A/libvMisc.dylib
dyld[45942]: <08508E7B-096D-31AB-9C66-191C877ED62F> /System/Library/Frameworks/Accelerate.framework/Versions/A/Frameworks/vImage.framework/Versions/A/Libraries/libCGInterfaces.dylib
dyld[45942]: <8945E7B7-12AE-3FF4-AA3B-D4DF9A06FEE7> /System/Library/PrivateFrameworks/AccelerateGPU.framework/Versions/A/AccelerateGPU
dyld[45942]: <23402175-D2CF-3B08-88D0-AFBBCF775FEF> /System/Library/Frameworks/Accelerate.framework/Versions/A/Frameworks/vecLib.framework/Versions/A/libBLAS.dylib
dyld[45942]: <086CBEED-2F64-3E75-AB99-8C8C0E0A2F1C> /System/Library/Frameworks/ApplicationServices.framework/Versions/A/ApplicationServices
dyld[45942]: <0616AF41-149E-3F4A-906E-56E2642457BE> /System/Library/Frameworks/CoreVideo.framework/Versions/A/CoreVideo
dyld[45942]: <873404F1-CC9D-30F9-AE06-8EA58D292005> /System/Library/Frameworks/ColorSync.framework/Versions/A/ColorSync
dyld[45942]: <B00FAD17-3AB0-343A-8CD8-F188911D898A> /System/Library/Frameworks/CoreText.framework/Versions/A/CoreText
dyld[45942]: <C9CF487D-E759-3F94-ABEB-7AE5EB39AF7D> /System/Library/Frameworks/ImageIO.framework/Versions/A/ImageIO
dyld[45942]: <BBC091EE-D42B-32AC-8B00-E7BDDF033D7B> /System/Library/Frameworks/ApplicationServices.framework/Versions/A/Frameworks/ATS.framework/Versions/A/ATS
dyld[45942]: <CD16C3FB-D2A0-3F68-98DC-CE67FCBFDFF2> /System/Library/Frameworks/ApplicationServices.framework/Versions/A/Frameworks/HIServices.framework/Versions/A/HIServices
dyld[45942]: <AABA23CA-86DB-312C-BAED-86C43B896705> /System/Library/Frameworks/ApplicationServices.framework/Versions/A/Frameworks/PrintCore.framework/Versions/A/PrintCore
dyld[45942]: <59BBF27B-1D89-3D35-9210-8386EFA15A8D> /System/Library/Frameworks/ApplicationServices.framework/Versions/A/Frameworks/QD.framework/Versions/A/QD
dyld[45942]: <B4FC52C5-BB0F-3604-B00E-16F24907EB8F> /System/Library/Frameworks/ApplicationServices.framework/Versions/A/Frameworks/ColorSyncLegacy.framework/Versions/A/ColorSyncLegacy
dyld[45942]: <9CDA611B-254A-3779-9356-369485134C2D> /System/Library/Frameworks/ApplicationServices.framework/Versions/A/Frameworks/SpeechSynthesis.framework/Versions/A/SpeechSynthesis
dyld[45942]: <0C8F41C6-6D93-3DB3-B522-CA8CFF5C3B33> /System/Library/PrivateFrameworks/SkyLight.framework/Versions/A/SkyLight
dyld[45942]: <9E126CE0-FBB2-3B15-953F-CCDC758E34FB> /System/Library/PrivateFrameworks/FontServices.framework/libFontParser.dylib
dyld[45942]: <959C748F-8851-3A25-BFFA-5FEA80296965> /System/Library/PrivateFrameworks/BaseBoard.framework/Versions/A/BaseBoard
dyld[45942]: <BF23D7B4-4992-3663-BBEC-A55EE7D351DE> /System/Library/PrivateFrameworks/BoardServices.framework/Versions/A/BoardServices
dyld[45942]: <E1DAB2C4-0470-35D4-914C-1F38DE3D9EBB> /System/Library/PrivateFrameworks/BackBoardServices.framework/Versions/A/BackBoardServices
dyld[45942]: <7F763DF9-EA7F-3938-B599-DCCF4605E610> /System/Library/PrivateFrameworks/BackBoardHIDEventFoundation.framework/Versions/A/BackBoardHIDEventFoundation
dyld[45942]: <D8E7E31A-7D3E-3742-A3EE-469C6237FAF4> /System/Library/Frameworks/CoreDisplay.framework/Versions/A/CoreDisplay
dyld[45942]: <C287CF1D-67F4-3798-99A3-221052B70A22> /System/Library/Frameworks/VideoToolbox.framework/Versions/A/VideoToolbox
dyld[45942]: <D5C759F9-A533-3E0B-8916-07CA63760A80> /System/Library/Frameworks/MetalPerformanceShaders.framework/Versions/A/MetalPerformanceShaders
dyld[45942]: <D495C457-EECC-3D57-B449-EC8F324214EC> /System/Library/PrivateFrameworks/ProDisplayLibrary.framework/Versions/A/ProDisplayLibrary
dyld[45942]: <1E529C1A-B09C-3EB7-A286-CE00E292D561> /System/Library/PrivateFrameworks/IOSurfaceAccelerator.framework/Versions/A/IOSurfaceAccelerator
dyld[45942]: <493E76D9-74D4-333B-A3B2-E5F9BC86429D> /System/Library/Frameworks/Metal.framework/Versions/A/Metal
dyld[45942]: <A0C21253-9F8C-3E9A-B9D9-02517BDAE43B> /System/Library/PrivateFrameworks/IOAccelerator.framework/Versions/A/IOAccelerator
dyld[45942]: <DB8BA2C9-C144-310E-AD6B-EB623FB3C7FB> /System/Library/Frameworks/CoreMedia.framework/Versions/A/CoreMedia
dyld[45942]: <A160698F-BE34-323D-B5BE-56D7371B1230> /System/Library/PrivateFrameworks/TCC.framework/Versions/A/TCC
dyld[45942]: <A062966A-1DD7-3BC4-83DB-42E820054727> /System/Library/PrivateFrameworks/WatchdogClient.framework/Versions/A/WatchdogClient
dyld[45942]: <98CB7012-30E5-3BDD-8C84-CDBDA9DB3017> /System/Library/Frameworks/QuartzCore.framework/Versions/A/QuartzCore
dyld[45942]: <57F7BB9C-649D-3360-AA86-A502815D77FA> /System/Library/PrivateFrameworks/MultitouchSupport.framework/Versions/A/MultitouchSupport
dyld[45942]: <625F222D-6394-39B9-A1F2-12B9EA56DD85> /usr/lib/swift/libswiftAccelerate.dylib
dyld[45942]: <CAFCB013-F154-361D-8A8C-062C63BBA8FC> /usr/lib/swift/libswiftCoreAudio.dylib
dyld[45942]: <BE970706-7E22-3C17-A8C1-BF3CDF685F21> /usr/lib/swift/libswiftCoreMedia.dylib
dyld[45942]: <7235A6A9-49B2-3B94-9DD6-C987019CDBF2> /usr/lib/swift/libswiftMetal.dylib
dyld[45942]: <9670AE5C-271A-3DCB-9A0A-8E3A7CCC2726> /usr/lib/swift/libswiftOSLog.dylib
dyld[45942]: <63444A8C-9E8C-3778-820D-1E0C88CA2DF7> /usr/lib/swift/libswiftQuartzCore.dylib
dyld[45942]: <A83236CA-4417-3C27-B252-72923DB09F88> /usr/lib/swift/libswiftUniformTypeIdentifiers.dylib
dyld[45942]: <9247A5B6-A883-3A07-BEE7-A223840317A4> /usr/lib/swift/libswiftVideoToolbox.dylib
dyld[45942]: <CB6EF41A-C18E-3EDA-B68C-CCB0E36EE662> /usr/lib/swift/libswiftsimd.dylib
dyld[45942]: <D393CCA0-5E20-31D3-8E1A-70476551724B> /System/Library/PrivateFrameworks/BiomeStorage.framework/Versions/A/BiomeStorage
dyld[45942]: <D5DD1ABA-3697-3A32-A10F-FC7B7954CFB6> /System/Library/PrivateFrameworks/IntelligencePlatformLibrary.framework/Versions/A/IntelligencePlatformLibrary
dyld[45942]: <42CDC0E6-51BA-3804-BD3E-EDF87FC74034> /System/Library/PrivateFrameworks/PoirotSchematizer.framework/Versions/A/PoirotSchematizer
dyld[45942]: <2362E209-EC61-3FFC-9486-1244BB29BE82> /System/Library/PrivateFrameworks/BiomeSync.framework/Versions/A/BiomeSync
dyld[45942]: <FE87FF48-AB89-3D65-ABC3-EFE50A81355F> /System/Library/PrivateFrameworks/BiomeDSL.framework/Versions/A/BiomeDSL
dyld[45942]: <F8F78EEC-A28C-3AAF-A7F2-7EFD5B839EDB> /System/Library/PrivateFrameworks/FeatureFlags.framework/Versions/A/FeatureFlags
dyld[45942]: <D085FE4F-65AA-3A17-8F24-156DD9814882> /System/Library/PrivateFrameworks/PoirotUDFs.framework/Versions/A/PoirotUDFs
dyld[45942]: <AF5AF4DC-D24A-3073-BD23-4CEAD8C3AEE4> /usr/lib/swift/libswift_DarwinFoundation2.dylib
dyld[45942]: <8D2C31B5-FB10-3BF6-8566-F0DCD56C8582> /usr/lib/swift/libswift_DarwinFoundation3.dylib
dyld[45942]: <A41A3592-8BDB-3BE5-BBF4-DC196D669C1D> /System/Library/PrivateFrameworks/CoreTime.framework/Versions/A/CoreTime
dyld[45942]: <4646F780-1D5E-3EE7-B00A-64619293CC18> /usr/lib/libiconv.2.dylib
dyld[45942]: <1940124C-0D73-35D2-9D94-A75F116088A0> /usr/lib/libcharset.1.dylib
dyld[45942]: <24779350-BC29-3465-AAB3-F7CD0DA5844A> /System/Library/PrivateFrameworks/PoirotSQLite.framework/Versions/A/PoirotSQLite
dyld[45942]: <7B63C2BF-8C7C-3ECA-ACD9-F1B75DBE018C> /usr/lib/swift/libswift_RegexParser.dylib
dyld[45942]: <2091B02D-8D55-3DC4-8097-60C193D03C85> /System/Library/PrivateFrameworks/CascadeSets.framework/Versions/A/CascadeSets
dyld[45942]: <79000980-1797-3115-B74B-60FA1E9C3C73> /System/Library/PrivateFrameworks/CorePhoneNumbers.framework/Versions/A/CorePhoneNumbers
dyld[45942]: <7F00413A-4D40-3DBF-8FD5-859B23E6DC03> /System/Library/PrivateFrameworks/AppleJPEG.framework/Versions/A/AppleJPEG
dyld[45942]: <FA9B7355-899F-371F-9293-21A94BAE956F> /usr/lib/libexpat.1.dylib
dyld[45942]: <C880ABD1-01CC-39F9-9144-E5DE22D0595F> /System/Library/Frameworks/ImageIO.framework/Versions/A/Resources/libPng.dylib
dyld[45942]: <CA3AB1CA-DC97-328C-83E8-7CD89BC7FFBE> /System/Library/Frameworks/ImageIO.framework/Versions/A/Resources/libTIFF.dylib
dyld[45942]: <A4885DA3-9B44-3026-89DF-8161510F2F5C> /System/Library/Frameworks/ImageIO.framework/Versions/A/Resources/libGIF.dylib
dyld[45942]: <7304F8B3-8E0F-3813-BFAF-9A565CEA0A11> /System/Library/Frameworks/ImageIO.framework/Versions/A/Resources/libJP2.dylib
dyld[45942]: <01AAD3B4-D6BA-36D9-BA6F-D494D2AC161D> /usr/lib/libate.dylib
dyld[45942]: <8EA6CA42-AA01-3C0F-9672-4917481BAAAE> /System/Library/Frameworks/ImageIO.framework/Versions/A/Resources/libJPEG.dylib
dyld[45942]: <CA79D637-1D80-3C62-8820-EE4CE6961A5A> /System/Library/Frameworks/ImageIO.framework/Versions/A/Resources/libRadiance.dylib
dyld[45942]: <526C249F-FF2E-3DC4-A639-B41A032E8CCE> /System/Library/PrivateFrameworks/GPUCompiler.framework/Versions/32023/Libraries/libllvm-flatbuffers.dylib
dyld[45942]: <1FDD3B19-C04A-3EE7-B7DF-E1F89954A696> /System/Library/PrivateFrameworks/FramePacing.framework/Versions/A/FramePacing
dyld[45942]: <2C410B78-B9A5-30DC-8D83-FFEC1277F34C> /System/Library/Frameworks/OpenGL.framework/Versions/A/Libraries/libCoreFSCache.dylib
dyld[45942]: <F5DD2A61-CD1B-32B0-A8E6-7CB5B4BABFF1> /System/Library/PrivateFrameworks/GPUCompiler.framework/Versions/32023/Libraries/libGPUCompilerUtils.dylib
dyld[45942]: <757FEDFF-841C-3D62-B703-CDE79E929363> /System/Library/PrivateFrameworks/GraphicsServices.framework/Versions/A/GraphicsServices
dyld[45942]: <B4B82439-1E7E-33FB-A08D-6B0C20608AE3> /System/Library/Frameworks/OpenGL.framework/Versions/A/OpenGL
dyld[45942]: <B48D9786-7BF0-308B-A82B-4590632E71D4> /System/Library/Frameworks/OpenGL.framework/Versions/A/Libraries/libGLU.dylib
dyld[45942]: <6CEF3932-AAC9-3F8E-905D-A826F2884C9A> /System/Library/Frameworks/OpenGL.framework/Versions/A/Libraries/libGFXShared.dylib
dyld[45942]: <DED25257-919A-3D90-A2A1-9C61DC783FE8> /System/Library/Frameworks/OpenGL.framework/Versions/A/Libraries/libGL.dylib
dyld[45942]: <CD28CE41-30BB-3743-88BC-22FD9D24D908> /System/Library/Frameworks/OpenGL.framework/Versions/A/Libraries/libGLImage.dylib
dyld[45942]: <D02BDBB2-FBA6-3050-9076-08D94E904E3A> /System/Library/Frameworks/OpenGL.framework/Versions/A/Libraries/libCVMSPluginSupport.dylib
dyld[45942]: <07CB5D41-C2F3-3C33-951F-67B2C8B8B662> /System/Library/Frameworks/OpenGL.framework/Versions/A/Libraries/libCoreVMClient.dylib
dyld[45942]: <C1AB9351-81C2-3B9F-B237-D8560B16A134> /System/Library/PrivateFrameworks/GPUWrangler.framework/Versions/A/GPUWrangler
dyld[45942]: <BD01EBB2-341A-38E7-89D5-450025B67415> /System/Library/PrivateFrameworks/IOPresentment.framework/Versions/A/IOPresentment
dyld[45942]: <CFE441E7-0BAC-3894-862D-9F914D9E6D40> /System/Library/PrivateFrameworks/DSExternalDisplay.framework/Versions/A/DSExternalDisplay
dyld[45942]: <825E8416-E246-338E-A5CF-AA81A1B01DD9> /System/Library/PrivateFrameworks/VideoToolboxParavirtualizationSupport.framework/Versions/A/VideoToolboxParavirtualizationSupport
dyld[45942]: <7CF84496-675C-3241-B0EF-E83C95F188FA> /System/Library/PrivateFrameworks/AppleVA.framework/Versions/A/AppleVA
dyld[45942]: <3D533C35-3A2A-3672-92EF-5FEE9EE739AC> /System/Library/Frameworks/ExtensionFoundation.framework/Versions/A/ExtensionFoundation
dyld[45942]: <E35A60EE-A0A9-36CA-824C-0DC01FDD6658> /System/Library/PrivateFrameworks/CMCaptureCore.framework/Versions/A/CMCaptureCore
dyld[45942]: <04DC06C1-2BFA-3FEE-9429-A33E41721A3E> /usr/lib/libspindump.dylib
dyld[45942]: <D13AB14D-2B45-34D0-86DE-38DF75BF48E5> /System/Library/Frameworks/CoreAudio.framework/Versions/A/CoreAudio
dyld[45942]: <2B5FB7B0-844C-3D84-9EFD-020B285B0F8D> /System/Library/PrivateFrameworks/AppServerSupport.framework/Versions/A/AppServerSupport
dyld[45942]: <D3AAB65F-8C3C-399C-927F-20DC2DD769F2> /System/Library/PrivateFrameworks/perfdata.framework/Versions/A/perfdata
dyld[45942]: <B3B992BC-322C-389A-BB29-BA9B3D3B01EB> /System/Library/PrivateFrameworks/AudioDSPGraph.framework/Versions/A/AudioDSPGraph
dyld[45942]: <8AF1606D-5C93-3B80-BC81-60C5688628E2> /System/Library/PrivateFrameworks/AudioToolboxCore.framework/Versions/A/AudioToolboxCore
dyld[45942]: <AD0B0769-76D4-3613-BAE4-DBBBE05F7E3E> /System/Library/PrivateFrameworks/caulk.framework/Versions/A/caulk
dyld[45942]: <3FF99846-E48C-3C9A-814C-35B45E5F60EC> /usr/lib/libAudioStatistics.dylib
dyld[45942]: <6108A12D-286B-3CF2-B848-B0E7A0189DCC> /System/Library/PrivateFrameworks/SystemPolicy.framework/Versions/A/SystemPolicy
dyld[45942]: <655F6374-6CE8-3D0E-994E-4D7C37F78E89> /usr/lib/libSMC.dylib
dyld[45942]: <7AE04E20-83FD-3B1B-8846-E9869AD98DB5> /usr/lib/swift/libswiftCoreMIDI.dylib
dyld[45942]: <52BD9E26-B356-3EAA-9AD7-7FF700C61A91> /System/Library/Frameworks/CoreMIDI.framework/Versions/A/CoreMIDI
dyld[45942]: <75F77FEC-BE14-3C97-93DA-403C3B529D3B> /usr/lib/libAudioToolboxUtility.dylib
dyld[45942]: <912BFF10-FB8F-3D52-9941-ACDCE1CAE36A> /usr/lib/libperfcheck.dylib
dyld[45942]: <C4EF9A70-A6B4-3F21-B3D8-A0C740406419> /System/Library/PrivateFrameworks/AudioAnalytics.framework/Versions/A/AudioAnalytics
dyld[45942]: <869F0693-0E82-38C1-8920-C782E71735CA> /System/Library/Frameworks/OSLog.framework/Versions/A/OSLog
dyld[45942]: <62740FDD-2B16-3319-B5C9-022D45C6B03A> /System/Library/PrivateFrameworks/OSEligibility.framework/Versions/A/OSEligibility
dyld[45942]: <10C63D59-07BC-3518-87A0-83CAC48D8A70> /System/Library/PrivateFrameworks/IconServices.framework/Versions/A/IconServices
dyld[45942]: <8EF56F82-8CCE-3811-AD16-6D0939187B45> /System/Library/Frameworks/LightweightCodeRequirements.framework/Versions/A/LightweightCodeRequirements
dyld[45942]: <F362C1C4-8E0B-37E3-943D-D3D2C7A6DD63> /System/Library/PrivateFrameworks/PlugInKit.framework/Versions/A/PlugInKit
dyld[45942]: <1946F8FE-0ABC-3F8F-9116-5451ECABD14C> /System/Library/PrivateFrameworks/AssertionServices.framework/Versions/A/AssertionServices
dyld[45942]: <D9A3172C-CA6C-3CFB-BEA7-249650B5B009> /System/Library/PrivateFrameworks/IconFoundation.framework/Versions/A/IconFoundation
dyld[45942]: <E9AA2BD2-D71E-38C4-8B07-184B13EAC55C> /System/Library/PrivateFrameworks/AssistantServices.framework/Versions/A/AssistantServices
dyld[45942]: <6A34A62A-16D4-34F0-B34B-2D96B53C20AD> /System/Library/PrivateFrameworks/IconRendering.framework/Versions/A/IconRendering
dyld[45942]: <D58368A9-E06A-3514-8E77-823FCAD3161B> /System/Library/PrivateFrameworks/CoreUI.framework/Versions/A/CoreUI
dyld[45942]: <0943679D-FF88-3F18-BE4B-D8B4827AB0B5> /System/Library/Frameworks/CoreImage.framework/Versions/A/CoreImage
dyld[45942]: <968B5A5F-9749-3527-AF2A-66B599785308> /System/Library/PrivateFrameworks/SFSymbols.framework/Versions/A/SFSymbols
dyld[45942]: <B1322FAC-9016-3646-890B-B51DF5E968A2> /System/Library/Frameworks/DeveloperToolsSupport.framework/Versions/A/DeveloperToolsSupport
dyld[45942]: <92090A92-DFAF-3EBC-886C-655EC158A53F> /System/Library/PrivateFrameworks/RenderBox.framework/Versions/A/RenderBox
dyld[45942]: <986D57A7-BFF1-3DAA-8EB1-17CCAA76C731> /System/Library/PrivateFrameworks/CoreSVG.framework/Versions/A/CoreSVG
dyld[45942]: <D4BD9DCA-1C71-353D-8DAC-13ED5065D77F> /System/Library/PrivateFrameworks/TextureIO.framework/Versions/A/TextureIO
dyld[45942]: <A543AEBB-52DB-3028-BAC0-650F22C04BC8> /usr/lib/swift/libswiftCoreImage.dylib
dyld[45942]: <77D85BA0-FE1C-3B5A-92DB-70A30202C990> /System/Library/PrivateFrameworks/GraphVisualizer.framework/Versions/A/GraphVisualizer
dyld[45942]: <A9851D45-161F-3722-BC68-5B3B3FBFC956> /System/Library/PrivateFrameworks/FontServices.framework/Versions/A/FontServices
dyld[45942]: <5D3E7FFF-AC8E-3D6F-8E99-B199E593D270> /System/Library/PrivateFrameworks/OTSVG.framework/Versions/A/OTSVG
dyld[45942]: <49E7449E-1385-3B53-94CC-36EFC31E98FE> /System/Library/Frameworks/ApplicationServices.framework/Versions/A/Frameworks/ATS.framework/Versions/A/Resources/libFontRegistry.dylib
dyld[45942]: <23C577A8-DB0B-3A0A-9058-1289483C262A> /usr/lib/libhvf.dylib
dyld[45942]: <11E757EC-72FB-3C53-8ED7-641428AB6169> /System/Library/PrivateFrameworks/ParsingInternal.framework/Versions/A/ParsingInternal
dyld[45942]: <B3DBACFE-8DA6-3E2D-92F1-F82E010A2225> /System/Library/PrivateFrameworks/FontServices.framework/libXTFontStaticRegistryData.dylib
dyld[45942]: <DBB5F038-E085-39C8-A9BF-C3B3CB3F6FD5> /System/Library/Frameworks/MetalPerformanceShaders.framework/Versions/A/Frameworks/MPSCore.framework/Versions/A/MPSCore
dyld[45942]: <A0BE8307-7ECF-3AB8-B382-3E4059C85778> /System/Library/Frameworks/MetalPerformanceShaders.framework/Versions/A/Frameworks/MPSImage.framework/Versions/A/MPSImage
dyld[45942]: <199F6401-91D0-36E9-9EA9-D4B44ED1CE3A> /System/Library/Frameworks/MetalPerformanceShaders.framework/Versions/A/Frameworks/MPSNeuralNetwork.framework/Versions/A/MPSNeuralNetwork
dyld[45942]: <4D134FE3-50EE-39D5-9699-04B4B673DD35> /System/Library/Frameworks/MetalPerformanceShaders.framework/Versions/A/Frameworks/MPSMatrix.framework/Versions/A/MPSMatrix
dyld[45942]: <2E7E2722-3821-3DBF-B25A-6EA45D1A8FD4> /System/Library/Frameworks/MetalPerformanceShaders.framework/Versions/A/Frameworks/MPSRayIntersector.framework/Versions/A/MPSRayIntersector
dyld[45942]: <3E1FE9EA-34A2-3545-B639-48B1FE1FD3D4> /System/Library/Frameworks/MetalPerformanceShaders.framework/Versions/A/Frameworks/MPSNDArray.framework/Versions/A/MPSNDArray
dyld[45942]: <3103E210-FF5C-3677-BDD3-59FF17A6ACEC> /System/Library/Frameworks/MetalPerformanceShaders.framework/Versions/A/Frameworks/MPSFunctions.framework/Versions/A/MPSFunctions
dyld[45942]: <CE33B5A6-25BA-3202-BDFE-0D59EFE2199A> /System/Library/Frameworks/MetalPerformanceShaders.framework/Versions/A/Frameworks/MPSBenchmarkLoop.framework/Versions/A/MPSBenchmarkLoop
dyld[45942]: <31F90368-23A5-39BB-822B-C8470C4479AE> /System/Library/Frameworks/MetalPerformanceShaders.framework/Versions/A/Frameworks/MPSHost.framework/Versions/A/MPSHost
dyld[45942]: <9C416BB2-0882-315C-AF23-F476E34983BC> /System/Library/PrivateFrameworks/MetalTools.framework/Versions/A/MetalTools
dyld[45942]: <E6505525-75F4-380E-A9D7-7C5721260925> /System/Library/PrivateFrameworks/IOAccelMemoryInfo.framework/Versions/A/IOAccelMemoryInfo
dyld[45942]: <F2E7C7C4-03B4-3341-91ED-DD5472BF3F3B> /System/Library/PrivateFrameworks/kperf.framework/Versions/A/kperf
dyld[45942]: <03470B3A-A004-39A0-B6A4-F2A4AFFFCDD3> /System/Library/PrivateFrameworks/GPURawCounter.framework/Versions/A/GPURawCounter
dyld[45942]: <4D8F39C6-B221-3AF1-BB40-CAEB0A174D61> /System/Library/PrivateFrameworks/ASEProcessing.framework/Versions/A/ASEProcessing
dyld[45942]: <724D42FC-F4FD-39C7-A1BF-D0AD086231F4> /System/Library/PrivateFrameworks/Symbolication.framework/Versions/A/Symbolication
dyld[45942]: <FBE7AAD0-E0FC-3573-9D62-EB6948FE95FF> /System/Library/PrivateFrameworks/PhotosensitivityProcessing.framework/Versions/A/PhotosensitivityProcessing
dyld[45942]: <1B4C0154-843C-3CEE-9628-22978082DD2D> /System/Library/PrivateFrameworks/SILManager.framework/Versions/A/SILManager
dyld[45942]: <59136324-34E6-3367-92BB-659346907A04> /System/Library/PrivateFrameworks/CoreSymbolication.framework/Versions/A/CoreSymbolication
dyld[45942]: <566F2D7D-0F3B-3290-A739-7A40A151F0BE> /System/Library/PrivateFrameworks/MallocStackLogging.framework/Versions/A/MallocStackLogging
dyld[45942]: <7C923545-F3BB-3215-9720-85196358D9F1> /System/Library/PrivateFrameworks/DebugSymbols.framework/Versions/A/DebugSymbols
dyld[45942]: <06728C4D-5750-308F-8290-EAF7BE91F4BB> /System/Library/PrivateFrameworks/OSAnalytics.framework/Versions/A/OSAnalytics
dyld[45942]: <2FA711C7-F764-363A-BF03-295E0DA88B79> /System/Library/PrivateFrameworks/DeviceRecovery.framework/Versions/A/DeviceRecovery
dyld[45942]: <D817A379-80E9-3A4B-A361-DDEF1B7EFB28> /System/Library/PrivateFrameworks/Tightbeam.framework/Versions/A/Tightbeam
dyld[45942]: <856ACB2A-3334-3BA6-AAC8-8F344E7CDB83> /usr/lib/swift/libswiftCompression.dylib
dyld[45942]: <E638FBE2-2BB6-3A8E-A1DF-D7B5AC9BE7B0> /System/Library/PrivateFrameworks/AFKUser.framework/Versions/A/AFKUser
dyld[45942]: <2186F196-EE17-3A59-B9DA-D6823BEDD35B> /System/Library/Frameworks/ApplicationServices.framework/Versions/A/Frameworks/ATSUI.framework/Versions/A/ATSUI
dyld[45942]: <086BB8AD-E317-3FC4-9E44-0D7C6036E8D7> /System/Library/PrivateFrameworks/SAObjects.framework/Versions/A/SAObjects
dyld[45942]: <E8618176-515C-39A6-9F9C-3887A723C463> /System/Library/Frameworks/AudioToolbox.framework/Versions/A/AudioToolbox
dyld[45942]: <D3E0EAC7-7D37-316F-A361-F4C83335062D> /System/Library/PrivateFrameworks/MediaRemote.framework/Versions/A/MediaRemote
dyld[45942]: <7F1A25E4-ED0A-3502-AABA-26EDB4A0D2A7> /System/Library/Frameworks/UserNotifications.framework/Versions/A/UserNotifications
dyld[45942]: <8A5E0FF6-3116-3082-A0AD-20DCD6C5E1B4> /System/Library/PrivateFrameworks/SiriInstrumentation.framework/Versions/A/SiriInstrumentation
dyld[45942]: <600E036E-9B18-35BE-B40B-E8D2D53AC90D> /System/Library/PrivateFrameworks/SiriAnalytics.framework/Versions/A/SiriAnalytics
dyld[45942]: <619E6770-766A-3629-9AF8-F32C009375E9> /System/Library/PrivateFrameworks/SiriTTSService.framework/Versions/A/SiriTTSService
dyld[45942]: <71CAE70A-72AD-3F74-834D-3519B545C08D> /System/Library/PrivateFrameworks/SiriCrossDeviceArbitration.framework/Versions/A/SiriCrossDeviceArbitration
dyld[45942]: <D636CE5D-CC59-3EA5-9336-20DB0DAF6E85> /System/Library/PrivateFrameworks/FeedbackLogger.framework/Versions/A/FeedbackLogger
dyld[45942]: <55FBCBE4-1032-3017-BA49-D734B82405DF> /System/Library/PrivateFrameworks/FaceTimeNameUtility.framework/Versions/A/FaceTimeNameUtility
dyld[45942]: <336E2CAC-84D2-34DC-8AE3-7FE688C609EA> /System/Library/PrivateFrameworks/AuthKit.framework/Versions/A/AuthKit
dyld[45942]: <B6CA0C8F-4310-3E4B-BA3B-9F968F3009F4> /System/Library/PrivateFrameworks/SiriCrossDeviceArbitrationFeedback.framework/Versions/A/SiriCrossDeviceArbitrationFeedback
dyld[45942]: <368BC882-02B9-38AB-89B4-F62430F2B8EB> /usr/lib/swift/libswiftCoreLocation.dylib
dyld[45942]: <CEBC9F85-34DA-3BAF-B8DE-75F99B8C8976> /usr/lib/swift/libswiftAVFoundation.dylib
dyld[45942]: <C4A61DD1-1AEC-329E-A67E-388FB246CC34> /System/Library/PrivateFrameworks/UIKitServices.framework/Versions/A/UIKitServices
dyld[45942]: <54A2CBB8-623D-3629-904A-D0399ED13547> /System/Library/PrivateFrameworks/UnifiedAssetFramework.framework/Versions/A/UnifiedAssetFramework
dyld[45942]: <DC26AFB1-EFAD-3BB8-9446-0FB18DDFE476> /System/Library/PrivateFrameworks/AudioSession.framework/Versions/A/AudioSession
dyld[45942]: <52A7AD42-9DE0-393B-A6FB-A7CB6FF8F3A5> /System/Library/PrivateFrameworks/MediaExperience.framework/Versions/A/MediaExperience
dyld[45942]: <1A63E9E1-2D64-3AF4-9CCD-6EF042397F84> /System/Library/PrivateFrameworks/AudioSession.framework/libSessionUtility.dylib
dyld[45942]: <7CC1BC36-42C1-39A3-AA4F-F9C8ABCE0CD5> /System/Library/PrivateFrameworks/AudioAccessoryServices.framework/Versions/A/AudioAccessoryServices
dyld[45942]: <515FDCCC-535A-398B-BBD3-3D35565F5423> /System/Library/Frameworks/CoreBluetooth.framework/Versions/A/CoreBluetooth
dyld[45942]: <C943FF30-2340-3412-9880-5AB6FE22A95C> /System/Library/PrivateFrameworks/CoreUtils.framework/Versions/A/CoreUtils
dyld[45942]: <C61C2A64-EA55-3732-A51A-FD2F9740B76B> /System/Library/PrivateFrameworks/HID.framework/Versions/A/HID
dyld[45942]: <920D8AA6-CDCD-3E0F-AD66-F0673ACABD3F> /System/Library/PrivateFrameworks/Sharing.framework/Versions/A/Sharing
dyld[45942]: <3DD8C4CA-23E9-35CF-AD67-549DD72D3344> /System/Library/PrivateFrameworks/CoreUtilsExtras.framework/Versions/A/CoreUtilsExtras
dyld[45942]: <236517AD-8D16-3E62-8603-EBE7B65ACACA> /System/Library/PrivateFrameworks/IO80211.framework/Versions/A/IO80211
dyld[45942]: <42F76533-D8DD-3A24-A08A-103C51428797> /System/Library/PrivateFrameworks/IDSFoundation.framework/Versions/A/IDSFoundation
dyld[45942]: <116D159B-163E-3F91-9591-30FF8B6EB537> /System/Library/PrivateFrameworks/Apple80211.framework/Versions/A/Apple80211
dyld[45942]: <EDA738B7-55E8-328B-AA44-B121D23BB318> /System/Library/Frameworks/CoreWLAN.framework/Versions/A/CoreWLAN
dyld[45942]: <1ABB6C50-A5DE-3744-8F07-8C3B5617B0B9> /System/Library/Frameworks/IOBluetooth.framework/Versions/A/IOBluetooth
dyld[45942]: <82D79BDA-26A0-3A44-AAC8-911411801FDE> /usr/lib/swift/libswiftRegexBuilder.dylib
dyld[45942]: <41E45E0C-2E88-3605-B213-F7CD760A9FF4> /System/Library/PrivateFrameworks/IMFoundation.framework/Versions/A/IMFoundation
dyld[45942]: <40F60A3F-90A9-3F07-A99D-005E3158C6F6> /System/Library/PrivateFrameworks/Marco.framework/Versions/A/Marco
dyld[45942]: <59FFD032-1427-39F6-BC16-A6877582A243> /System/Library/PrivateFrameworks/CommonUtilities.framework/Versions/A/CommonUtilities
dyld[45942]: <6C3E51F8-D809-3AA1-8695-B75714C2D39A> /System/Library/PrivateFrameworks/Engram.framework/Versions/A/Engram
dyld[45942]: <E0EBF3B8-E8A7-3D19-A4F1-B59F59D01868> /System/Library/PrivateFrameworks/XPCDistributed.framework/Versions/A/XPCDistributed
dyld[45942]: <12066854-2BE4-35DF-BA9F-B38221C980FD> /usr/lib/libtidy.A.dylib
dyld[45942]: <63F598E2-AF8A-3F29-BE11-3F14DB377A5B> /System/Library/PrivateFrameworks/Bom.framework/Versions/A/Bom
dyld[45942]: <BA8350F0-D484-3F47-8DB5-98AE258D91CB> /usr/lib/libParallelCompression.dylib
dyld[45942]: <9E06CB59-0638-3C9F-B202-264E739433AC> /usr/lib/libIOReport.dylib
dyld[45942]: <15EEE715-2670-3288-AFA8-504BAD951B4F> /System/Library/PrivateFrameworks/WiFiPeerToPeer.framework/Versions/A/WiFiPeerToPeer
dyld[45942]: <9A86DB3F-CC62-3E89-B872-35D04CFFBE42> /System/Library/Frameworks/SecurityFoundation.framework/Versions/A/SecurityFoundation
dyld[45942]: <3854272C-7B14-3A3C-9BB1-F0FBA394708A> /System/Library/PrivateFrameworks/Centauri.framework/Versions/A/Centauri
dyld[45942]: <946B1484-B180-3451-A452-B54BF5A6D392> /System/Library/PrivateFrameworks/Lexicon.framework/Versions/A/Lexicon
dyld[45942]: <2B49C295-4EA2-3DE3-90B4-DC03A96F2657> /usr/lib/libmrc.dylib
dyld[45942]: <6661265C-7B78-3158-9011-4BFDFFEF7807> /System/Library/PrivateFrameworks/IPConfiguration.framework/Versions/A/IPConfiguration
dyld[45942]: <B95CD77E-662A-3F10-89DB-114FBDC592C3> /System/Library/PrivateFrameworks/Netrb.framework/Versions/A/Netrb
dyld[45942]: <DD0CA5A1-7BD8-3895-9290-3580A783C069> /System/Library/PrivateFrameworks/FrontBoardServices.framework/Versions/A/FrontBoardServices
dyld[45942]: <74E55DD6-720D-39E4-897E-EB4328E1946D> /usr/lib/libgermantok.dylib
dyld[45942]: <FDD446CF-5D67-341F-8247-DAE855305379> /System/Library/PrivateFrameworks/LinguisticData.framework/Versions/A/LinguisticData
dyld[45942]: <21723046-939E-302F-883C-9DB417452E3A> /System/Library/PrivateFrameworks/MultiverseSupport.framework/Versions/A/MultiverseSupport
dyld[45942]: <B478696F-3B77-3224-9945-5E2770F73578> /System/Library/PrivateFrameworks/DiskManagement.framework/Versions/A/DiskManagement
dyld[45942]: <FB5CF019-692F-3DDB-9E1F-ABAA63F4B8D9> /System/Library/PrivateFrameworks/AppleIDAuthSupport.framework/Versions/A/AppleIDAuthSupport
dyld[45942]: <E423A66B-6198-377C-934C-2E4A7FE4C732> /System/Library/PrivateFrameworks/AAAFoundation.framework/Versions/A/AAAFoundation
dyld[45942]: <FFBABC1E-8B3E-394B-A95E-A330674158A2> /System/Library/PrivateFrameworks/KeychainCircle.framework/Versions/A/KeychainCircle
dyld[45942]: <CB5152F9-1DCC-323D-AE27-5ECE07CB039C> /System/Library/PrivateFrameworks/URLFormatting.framework/Versions/A/URLFormatting
dyld[45942]: <80C3E2D4-B6B8-3C62-B257-27DEEBAD4935> /usr/lib/libcsfde.dylib
dyld[45942]: <650E155C-1FE3-36ED-8D84-157D380F7F95> /usr/lib/libCoreStorage.dylib
dyld[45942]: <46DD93AF-BACD-309B-AD51-9CC47C78CA2C> /System/Library/PrivateFrameworks/MediaKit.framework/Versions/A/MediaKit
dyld[45942]: <B38F9602-2DFD-33EB-9B69-867D46CF602A> /System/Library/Frameworks/DiscRecording.framework/Versions/A/DiscRecording
dyld[45942]: <1F8700BE-BD91-3B94-AC32-A5F10CEFEE35> /System/Library/PrivateFrameworks/ProtectedCloudStorage.framework/Versions/A/ProtectedCloudStorage
dyld[45942]: <ED615852-CBF2-3349-81A5-27A7D089C1FB> /System/Library/PrivateFrameworks/EFILogin.framework/Versions/A/EFILogin
dyld[45942]: <6A4A85F4-3D12-3C4C-85EC-D53D61379F28> /usr/lib/libheimdal-asn1.dylib
dyld[45942]: <B5964A5B-DEFA-3D07-97D0-A5B8249970C1> /System/Library/PrivateFrameworks/OctagonTrust.framework/Versions/A/OctagonTrust
dyld[45942]: <093EF25B-5305-3611-B068-E65071858F52> /System/Library/Frameworks/AudioUnit.framework/Versions/A/AudioUnit
dyld[45942]: <F53E8087-7A50-37C7-811E-3D84A07325F6> /System/Library/Frameworks/OpenDirectory.framework/Versions/A/OpenDirectory
dyld[45942]: <3B7FD4C1-D1D4-3DA9-B2F8-3D4094679D76> /System/Library/Frameworks/OpenDirectory.framework/Versions/A/Frameworks/CFOpenDirectory.framework/Versions/A/CFOpenDirectory
dyld[45942]: <1DAFDDDA-BB7B-320E-BCFC-B7C22886D486> /System/Library/PrivateFrameworks/GeoServices.framework/Versions/A/GeoServices
dyld[45942]: <AE40B558-7C76-3410-A632-84E1B02DF891> /System/Library/PrivateFrameworks/LocationSupport.framework/Versions/A/LocationSupport
dyld[45942]: <38EE3C42-06D6-3A46-A420-DF701A4EA911> /System/Library/PrivateFrameworks/GeoServicesCore.framework/Versions/A/GeoServicesCore
dyld[45942]: <8D0ECDD1-24B6-3B8D-9CF9-CDC55FC64490> /System/Library/PrivateFrameworks/PhoneNumbers.framework/Versions/A/PhoneNumbers
dyld[45942]: <8A2C8C17-E138-3B34-8643-ED4FB1C9049E> /System/Library/PrivateFrameworks/LocationLogEncryption.framework/Versions/A/LocationLogEncryption
dyld[45942]: <016C5057-625C-30B1-AD32-7BC9D082F05B> /System/Library/Frameworks/AVFAudio.framework/Versions/A/AVFAudio
dyld[45942]: <DBDAA7C3-4F28-390B-B8D4-D59F58121AA2> /System/Library/Frameworks/AVRouting.framework/Versions/A/AVRouting
dyld[45942]: <5240B3A0-D035-345E-A636-BC3A92C847C4> /usr/lib/libAccessibility.dylib
dyld[45942]: <1FB2BCFD-D9FC-385A-A0EA-E2B5052E27F5> /System/Library/PrivateFrameworks/MediaServices.framework/Versions/A/MediaServices
dyld[45942]: <F56AB66A-60FF-3241-9608-313B8522D517> /System/Library/PrivateFrameworks/IDS.framework/Versions/A/IDS
dyld[45942]: <BCF6954A-8EBA-3813-92D9-FE75B565FD8B> /System/Library/PrivateFrameworks/IsolatedCoreAudioClient.framework/Versions/A/IsolatedCoreAudioClient
dyld[45942]: <7CC0621B-3B88-3533-A3FB-52E6214486EE> /System/Library/PrivateFrameworks/CoreAudioOrchestration.framework/Versions/A/CoreAudioOrchestration
dyld[45942]: <B4C2E4EA-D4F8-3676-AD09-004A44391002> /System/Library/Frameworks/MediaToolbox.framework/Versions/A/MediaToolbox
dyld[45942]: <CEC7BD9E-B5F2-3E7C-B04D-5DF1FC3A4553> /System/Library/PrivateFrameworks/CoreAVCHD.framework/Versions/A/CoreAVCHD
dyld[45942]: <74D313A5-4D99-35D1-A4C9-B76AB6457EF0> /System/Library/Frameworks/MediaAccessibility.framework/Versions/A/MediaAccessibility
dyld[45942]: <87F549F4-73CC-302B-ABDB-D3CCFADABFA9> /System/Library/PrivateFrameworks/Mangrove.framework/Versions/A/Mangrove
dyld[45942]: <214294AE-C7B7-3C9A-A4F8-201C989F9779> /System/Library/PrivateFrameworks/CMPhoto.framework/Versions/A/CMPhoto
dyld[45942]: <5F090F48-E481-3737-8E75-362E5D274879> /System/Library/Frameworks/CoreTelephony.framework/Versions/A/CoreTelephony
dyld[45942]: <9ACFCA55-82CB-33DB-AD00-443576099FDB> /System/Library/PrivateFrameworks/CoreAUC.framework/Versions/A/CoreAUC
dyld[45942]: <71A0C0AD-67F3-36F9-BF73-6DD5D7424AF7> /System/Library/PrivateFrameworks/AppleJPEGXL.framework/Versions/A/AppleJPEGXL
dyld[45942]: <63A6BBA0-CD50-30F8-9CD2-81B59264EA13> /usr/lib/libTelephonyUtilDynamic.dylib
dyld[45942]: <C588CBA5-8055-3AA5-84F9-0C578349945E> /System/Library/Frameworks/CryptoKit.framework/Versions/A/CryptoKit
dyld[45942]: <CFC2A741-A85D-3E7D-A961-91F5C1742FA2> /System/Library/PrivateFrameworks/CryptoKitCBridging.framework/Versions/A/CryptoKitCBridging
dyld[45942]: <714063A8-D81E-3B22-9B36-88948A979E7F> /System/Library/Frameworks/CryptoTokenKit.framework/Versions/A/CryptoTokenKit
dyld[45942]: <86858734-8B4D-38E6-AAA7-B7A046A7CB2A> /System/Library/Frameworks/LocalAuthentication.framework/Versions/A/LocalAuthentication
dyld[45942]: <A85C476C-4B4D-3329-A88B-54C091C7EF34> /System/Library/PrivateFrameworks/LocalAuthenticationCore.framework/Versions/A/LocalAuthenticationCore
dyld[45942]: <B33DAE62-0077-35EA-822C-EB5D21C34768> /System/Library/PrivateFrameworks/LocalAuthenticationCredentialServices.framework/Versions/A/LocalAuthenticationCredentialServices
dyld[45942]: <D853D903-DE37-3F27-B376-04084C11772A> /System/Library/Frameworks/LocalAuthentication.framework/Support/SharedUtils.framework/Versions/A/SharedUtils
dyld[45942]: <E4DBF767-1630-3885-8C7B-C8F131BEDDDD> /System/Library/PrivateFrameworks/PersistentConnection.framework/Versions/A/PersistentConnection
dyld[45942]: <6B0D099C-AC56-35DB-90F1-88A09E587FCB> /System/Library/PrivateFrameworks/SonicFoundation.framework/Versions/A/SonicFoundation
dyld[45942]: <ECAF5DEB-CD09-32BB-9267-1DD4C37C2F4A> /System/Library/PrivateFrameworks/AsyncAlgorithmsInternal.framework/Versions/A/AsyncAlgorithmsInternal
dyld[45942]: <2CA62C12-37B5-345A-BF79-5D05F43F6BFB> /System/Library/PrivateFrameworks/FTAWD.framework/Versions/A/FTAWD
dyld[45942]: <0A1C4D11-C108-35E9-A921-86ED86CF7446> /System/Library/PrivateFrameworks/Dendrite.framework/Versions/A/Dendrite
dyld[45942]: <DE7FBAB6-1A85-3819-8FEC-52363C2B8D07> /usr/lib/libtailspin.dylib
dyld[45942]: <5FEA8C08-1577-3296-BC9C-7F3203E8EBFB> /System/Library/PrivateFrameworks/Osprey.framework/Versions/A/Osprey
dyld[45942]: <FA946108-D387-360D-8E87-7BB8FF2D3099> /System/Library/PrivateFrameworks/SiriTTS.framework/Versions/A/SiriTTS
dyld[45942]: <0C005C4D-CA12-389C-9CCE-C4ED05B187E8> /System/Library/Frameworks/NaturalLanguage.framework/Versions/A/NaturalLanguage
dyld[45942]: <0E502870-00F4-35D4-AF82-E7059244798E> /System/Library/PrivateFrameworks/GenerativeModels.framework/Versions/A/GenerativeModels
dyld[45942]: <68474F39-798D-325B-B52F-3DE214F279AE> /System/Library/PrivateFrameworks/SiriPowerInstrumentation.framework/Versions/A/SiriPowerInstrumentation
dyld[45942]: <5E36265A-7670-3D39-A2B8-71DA0AA131CF> /usr/lib/swift/libswiftNaturalLanguage.dylib
dyld[45942]: <6794652C-86F0-37EB-838D-483177685E26> /System/Library/PrivateFrameworks/TailspinSymbolication.framework/Versions/A/TailspinSymbolication
dyld[45942]: <089C1A34-2F4E-3649-94AA-B28A7ECB008B> /System/Library/PrivateFrameworks/Darwinup.framework/Versions/A/Darwinup
dyld[45942]: <EE821A99-A88C-3624-A5B5-12BA741F9D7B> /System/Library/PrivateFrameworks/SignpostSupport.framework/Versions/A/SignpostSupport
dyld[45942]: <8C10B437-C282-37F5-834F-E7179C700373> /System/Library/PrivateFrameworks/FeatureFlagsSupport.framework/Versions/A/FeatureFlagsSupport
dyld[45942]: <D338F7EC-A7ED-3B72-A809-73A873CF3AA7> /System/Library/PrivateFrameworks/ktrace.framework/Versions/A/ktrace
dyld[45942]: <F8A24AA4-4298-398C-ABBB-9520DD956E5A> /System/Library/PrivateFrameworks/SampleAnalysis.framework/Versions/A/SampleAnalysis
dyld[45942]: <400B0E96-4869-37BE-9832-1A14C386148B> /System/Library/PrivateFrameworks/kperfdata.framework/Versions/A/kperfdata
dyld[45942]: <7E3E0CF7-905A-3244-A0C9-0ADCC2E16415> /usr/lib/libdscsym.dylib
dyld[45942]: <FFB902E7-2984-3F17-B43D-2DDA2C5683F9> /System/Library/PrivateFrameworks/AppleMobileFileIntegrity.framework/Versions/A/AppleMobileFileIntegrity
dyld[45942]: <6FBA9099-E428-3571-B940-0D210B6D0861> /System/Library/PrivateFrameworks/BulkSymbolication.framework/Versions/A/BulkSymbolication
dyld[45942]: <90E600A3-0A27-348A-AA57-D1DF4FB305E8> /usr/lib/libTLE.dylib
dyld[45942]: <173A632F-20F3-30C1-BC55-EFFE977BBB8E> /usr/lib/libmis.dylib
dyld[45942]: <2D1B971F-6A7F-32D0-8B0F-F8FA3A13E8F1> /System/Library/PrivateFrameworks/ConfigProfileHelper.framework/Versions/A/ConfigProfileHelper
dyld[45942]: <8F2949A6-43A0-30A2-B5D2-945949C5AA01> /System/Library/PrivateFrameworks/Espresso.framework/Versions/A/Espresso
dyld[45942]: <E5B29092-BC9F-39CD-8F75-F2992B1E1D7A> /System/Library/Frameworks/CoreML.framework/Versions/A/CoreML
dyld[45942]: <F04DD2EA-54F4-3A23-8A3B-7496E5B119F8> /usr/lib/libedit.3.dylib
dyld[45942]: <465A74BC-F20D-3C05-9441-7E08EAA49FAF> /System/Library/PrivateFrameworks/ANECompiler.framework/Versions/A/ANECompiler
dyld[45942]: <FD36C9CF-78FF-3841-A7A0-261BE42F3FC0> /System/Library/PrivateFrameworks/AppleNeuralEngine.framework/Versions/A/AppleNeuralEngine
dyld[45942]: <97C5C585-F5EE-323A-B949-69EAE9080871> /System/Library/PrivateFrameworks/MIL.framework/Versions/A/MIL
dyld[45942]: <7401E849-7B2E-39A9-99D3-5CB0A6BBDFFE> /System/Library/Frameworks/MetalPerformanceShadersGraph.framework/Versions/A/MetalPerformanceShadersGraph
dyld[45942]: <A5FDE0C1-0910-3899-A737-E4632BA75E80> /System/Library/PrivateFrameworks/MLCompilerServices.framework/Versions/A/MLCompilerServices
dyld[45942]: <A6EB8ED9-D3A8-3BE9-A09C-A5194D3DFBD2> /System/Library/PrivateFrameworks/ANEServices.framework/Versions/A/ANEServices
dyld[45942]: <9EB04E94-EE2D-38A5-A214-00AF73DBE4E9> /usr/lib/libncurses.5.4.dylib
dyld[45942]: <CB15E3BE-AEA6-343F-A8ED-B251AFF556E7> /usr/lib/libsandbox.1.dylib
dyld[45942]: <2F2EF0D7-2FE4-3A5A-8E4C-E1571C8D0C10> /usr/lib/libMatch.1.dylib
dyld[45942]: <B3719F0A-4637-3943-A796-2ED6F5AC0C08> /System/Library/PrivateFrameworks/ODIE.framework/Versions/A/ODIE
dyld[45942]: <A84CB10A-72FA-399B-B86D-9B5ED12CEB39> /System/Library/PrivateFrameworks/MLModelAsset.framework/Versions/A/MLModelAsset
dyld[45942]: <22B4CD07-5C72-3CA4-9CD1-2C87686CDDE5> /System/Library/PrivateFrameworks/MLCompilerRuntime.framework/Versions/A/MLCompilerRuntime
dyld[45942]: <E118164B-A0A2-3001-9E0A-36B2BB5FE6F2> /System/Library/Frameworks/MLCompute.framework/Versions/A/MLCompute
dyld[45942]: <6028DD46-8E5A-33F0-93B2-41FA480366CC> /System/Library/PrivateFrameworks/MLAssetIO.framework/Versions/A/MLAssetIO
dyld[45942]: <F0F78040-E52B-3D87-8DC0-10C14F153D31> /usr/lib/swift/libswiftMLCompute.dylib
dyld[45942]: <067E2603-4FEA-3CA5-8926-45F60681EDDB> /System/Library/PrivateFrameworks/AVFCore.framework/Versions/A/AVFCore
dyld[45942]: <CC5A573E-8A8C-399F-B3DB-370DBF3C9C76> /System/Library/PrivateFrameworks/AVFCapture.framework/Versions/A/AVFCapture
dyld[45942]: <3B782AC2-00C4-3534-91D2-5C7242B32440> /System/Library/PrivateFrameworks/CMImaging.framework/Versions/A/CMImaging
dyld[45942]: <1772C40D-6EF4-3F81-BA00-6EE8B05039A6> /System/Library/PrivateFrameworks/Quagga.framework/Versions/A/Quagga
dyld[45942]: <57A10B70-C3C9-34C6-8D22-F5118B63E2F0> /System/Library/PrivateFrameworks/CMCapture.framework/Versions/A/CMCapture
dyld[45942]: <1035C1AB-5058-3AFA-8D77-514901516251> /System/Library/Frameworks/CoreMediaIO.framework/Versions/A/CoreMediaIO
dyld[45942]: <CD0C6EA1-5AEF-3EB1-8935-45726B3AFACD> /System/Library/PrivateFrameworks/CMCaptureDevice.framework/Versions/A/CMCaptureDevice
dyld[45942]: <1F873909-B3B8-3D55-9673-9AFA86BB085B> /System/Library/PrivateFrameworks/CoreBrightness.framework/Versions/A/CoreBrightness
dyld[45942]: <FCEDE250-22B0-35B9-A5F4-87AA67D568FF> /System/Library/PrivateFrameworks/CinematicFraming.framework/Versions/A/CinematicFraming
dyld[45942]: <882BC08E-B1E1-3E52-AE8A-AC22A1BF2BE8> /System/Library/PrivateFrameworks/ModelManagerServices.framework/Versions/A/ModelManagerServices
dyld[45942]: <3E83115F-D04B-3C8D-8646-35204AA2DB84> /System/Library/PrivateFrameworks/CPMS.framework/Versions/A/CPMS
dyld[45942]: <B3896AF4-2356-37C4-9273-FE994065C56B> /System/Library/PrivateFrameworks/SystemStatus.framework/Versions/A/SystemStatus
dyld[45942]: <2E109991-45C6-3783-8A36-B6A8070AAD67> /System/Library/Frameworks/CoreMotion.framework/Versions/A/CoreMotion
dyld[45942]: <EB86789A-20AD-3BF8-9101-B8C97A3BB9FC> /System/Library/PrivateFrameworks/TimeSync.framework/Versions/A/TimeSync
dyld[45942]: <9B3D4CA3-7BCF-36C9-AA99-27BDFE7854CD> /System/Library/PrivateFrameworks/DistributedSensing.framework/Versions/A/DistributedSensing
dyld[45942]: <DCA62E59-D3A2-30FF-802E-A4BC6AAF8C52> /System/Library/PrivateFrameworks/MobileBluetooth.framework/Versions/A/MobileBluetooth
dyld[45942]: <0BAB3589-8D81-3C60-9F05-9D207E89F4B6> /System/Library/PrivateFrameworks/IOKitten.framework/Versions/A/IOKitten
dyld[45942]: <05EC9C98-7211-39C9-B376-796F37327801> /System/Library/PrivateFrameworks/AppleIntelligenceReporting.framework/Versions/A/AppleIntelligenceReporting
dyld[45942]: <47AAECAD-C28C-352E-BB86-7F292E0BFBC6> /System/Library/PrivateFrameworks/CoreEmoji.framework/Versions/A/CoreEmoji
dyld[45942]: <1CA9048E-57DD-30F4-A3E6-FE6E97D5BF82> /usr/lib/libCRFSuite.dylib
dyld[45942]: <327536E3-A27C-38C2-A67F-D6488D04CCEE> /System/Library/PrivateFrameworks/LanguageModeling.framework/Versions/A/LanguageModeling
dyld[45942]: <B75F1F25-3C33-3983-B546-71588C610ED5> /System/Library/PrivateFrameworks/CoreNLP.framework/Versions/A/CoreNLP
dyld[45942]: <95BA357E-906A-3183-A402-A41D486B5AB3> /System/Library/PrivateFrameworks/Montreal.framework/Versions/A/Montreal
dyld[45942]: <A9892C55-670F-3429-934B-DDE91E07976D> /usr/lib/libcmph.dylib
dyld[45942]: <C02D85F6-947A-3B3E-8AE9-7BC8D0F35204> /usr/lib/libmecab.dylib
dyld[45942]: <92FAD15C-EEA5-34E9-B309-75A1CD1B620B> /usr/lib/libThaiTokenizer.dylib
dyld[45942]: <B9593227-D796-3C21-B9B4-374C3D1CFC2F> /System/Library/PrivateFrameworks/GenerativeModelsFoundation.framework/Versions/A/GenerativeModelsFoundation
dyld[45942]: <F3D31D3F-74F8-30A6-B49D-1DC743ED35C5> /System/Library/PrivateFrameworks/TokenGeneration.framework/Versions/A/TokenGeneration
dyld[45942]: <418985BB-52A3-34D4-8379-40DC4C63AA32> /System/Library/PrivateFrameworks/GenerativeFunctions.framework/Versions/A/GenerativeFunctions
dyld[45942]: <63FD423F-836C-3034-BA48-100AE09A9140> /System/Library/PrivateFrameworks/GenerativeFunctionsFoundation.framework/Versions/A/GenerativeFunctionsFoundation
dyld[45942]: <EABC58EE-BC80-3886-A456-5028411AE472> /System/Library/PrivateFrameworks/ModelCatalog.framework/Versions/A/ModelCatalog
dyld[45942]: <67C3B698-8279-30F1-9167-4730E6F41F5A> /System/Library/PrivateFrameworks/SensitiveContentAnalysisML.framework/Versions/A/SensitiveContentAnalysisML
dyld[45942]: <D8D56A51-034C-3D0D-9651-3BCF46DC82B7> /System/Library/PrivateFrameworks/GenerativeFunctionsInstrumentation.framework/Versions/A/GenerativeFunctionsInstrumentation
dyld[45942]: <DC6D188E-6FF7-3111-984E-85C8FDBEEF9C> /System/Library/PrivateFrameworks/PromptKit.framework/Versions/A/PromptKit
dyld[45942]: <12245228-2B9A-3B24-8C5E-10111D68BE65> /System/Library/PrivateFrameworks/ProactiveDaemonSupport.framework/Versions/A/ProactiveDaemonSupport
dyld[45942]: <3166486F-3F65-31DB-8018-779FFA32DC71> /System/Library/PrivateFrameworks/TokenGenerationCore.framework/Versions/A/TokenGenerationCore
dyld[45942]: <53B3126E-7B01-30DD-961A-510E9CFC3CF1> /System/Library/PrivateFrameworks/Trial.framework/Versions/A/Trial
dyld[45942]: <AEC3C71D-DC18-3279-ADFF-76EE82504B5F> /System/Library/PrivateFrameworks/TrialProto.framework/Versions/A/TrialProto
dyld[45942]: <E936F50F-0833-3F01-95DC-D4A94F470727> /System/Library/PrivateFrameworks/AppleFlatBuffers.framework/Versions/A/AppleFlatBuffers
dyld[45942]: <642E3357-AB6D-3039-A818-EDB5D6A189C2> /System/Library/PrivateFrameworks/SentencePieceInternal.framework/Versions/A/SentencePieceInternal
dyld[45942]: <10F83439-3A9F-316B-992E-451A72876715> /System/Library/Frameworks/Vision.framework/Versions/A/Vision
dyld[45942]: <C60B3FA0-2804-3339-B16D-E41B33FE25CC> /System/Library/PrivateFrameworks/CoreSceneUnderstanding.framework/Versions/A/CoreSceneUnderstanding
dyld[45942]: <4E70B4ED-C8E0-3636-80E4-0939FE56BB63> /System/Library/PrivateFrameworks/VisionCore.framework/Versions/A/VisionCore
dyld[45942]: <C540CDD1-CE60-3EC9-998B-20E0A21A52A6> /System/Library/PrivateFrameworks/DataDetectorsCore.framework/Versions/A/DataDetectorsCore
dyld[45942]: <B2639747-7640-3F66-8F79-88B1D5F2D73E> /System/Library/Frameworks/Vision.framework/libfaceCore.dylib
dyld[45942]: <EB12CF22-B952-3DB7-8A2E-7E702969D1F6> /System/Library/PrivateFrameworks/Futhark.framework/Versions/A/Futhark
dyld[45942]: <DB1FBDD7-AF19-31FC-BAB2-3BA5C4534436> /System/Library/PrivateFrameworks/InertiaCam.framework/Versions/A/InertiaCam
dyld[45942]: <CFD587AE-FA26-3FFB-A13A-FE831357A6F8> /System/Library/PrivateFrameworks/TextRecognition.framework/Versions/A/TextRecognition
dyld[45942]: <73F6F860-69AF-3162-86E0-A683642287D6> /System/Library/Frameworks/DataDetection.framework/Versions/A/DataDetection
dyld[45942]: <1D5DF9CA-41FC-3B7B-B19F-2C435F3A66F2> /System/Library/PrivateFrameworks/TextInput.framework/Versions/A/TextInput
dyld[45942]: <A8951A2F-E828-3264-A133-B25B21C0ABE8> /System/Library/PrivateFrameworks/CVNLP.framework/Versions/A/CVNLP
dyld[45942]: <58AC6CAB-5B91-367F-932F-BD0939BBD125> /System/Library/PrivateFrameworks/IntentsFoundation.framework/Versions/A/IntentsFoundation
dyld[45942]: <0368EA7D-01B2-3AA9-A6D6-A2A0850AC800> /System/Library/PrivateFrameworks/HIDDisplay.framework/Versions/A/HIDDisplay
dyld[45942]: <6A5A8E21-A9E6-32A2-9BDB-8013F002AEF8> /usr/lib/libcups.2.dylib
dyld[45942]: <D4CB91E4-2ACB-332D-8FA0-8154F7B48D20> /System/Library/Frameworks/Kerberos.framework/Versions/A/Kerberos
dyld[45942]: <4AB71911-9300-30D4-88CF-D20EFD75ACE6> /usr/lib/libresolv.9.dylib
dyld[45942]: <B1BA9495-0199-3630-8C92-45D4E5EE944F> /System/Library/PrivateFrameworks/Heimdal.framework/Versions/A/Heimdal
dyld[45942]: <0CB2E7E3-E96F-343B-A4E7-545E74AF0255> /System/Library/Frameworks/Kerberos.framework/Versions/A/Libraries/libHeimdalProxy.dylib
dyld[45942]: <097F7235-CA53-3644-BB95-F6F912B4F2C7> /System/Library/PrivateFrameworks/CommonAuth.framework/Versions/A/CommonAuth
dyld[45942]: <B0A62AD1-78DA-3A6F-A23A-BE1DC54C19F8> /System/Library/PrivateFrameworks/AXCoreUtilities.framework/Versions/A/AXCoreUtilities
dyld[45942]: <DDC826E2-4B0E-35CA-AAB1-82A1DC9EA6B4> /System/Library/PrivateFrameworks/AttributeGraph.framework/Versions/A/AttributeGraph
dyld[45942]: <AED06031-78CB-39A6-B50E-A229BB163B16> /usr/lib/libAXSafeCategoryBundle.dylib
dyld[45942]: <F12008DC-72EB-3AB3-BC2E-5BC47ED81BDB> /System/Library/Frameworks/TabularData.framework/Versions/A/TabularData
dyld[45942]: <841D5662-2CB9-3A27-ADA7-E33AC5E45199> /System/Library/PrivateFrameworks/ArgumentParserInternal.framework/Versions/A/ArgumentParserInternal
dyld[45942]: <4C851329-A9F4-3E9E-9E48-07FF4120DCF9> /System/Library/Frameworks/Accelerate.framework/Versions/A/Frameworks/vecLib.framework/Versions/A/libvDSP.dylib
dyld[45942]: <5015CD96-C046-364D-AAE3-1F439044468B> /System/Library/Frameworks/Accelerate.framework/Versions/A/Frameworks/vecLib.framework/Versions/A/libLAPACK.dylib
dyld[45942]: <407BCF3E-A91F-3A7F-8B8C-DBB8E807990F> /System/Library/Frameworks/Accelerate.framework/Versions/A/Frameworks/vecLib.framework/Versions/A/libLinearAlgebra.dylib
dyld[45942]: <669ABE12-838F-3F14-8456-D60DE5DF8EB8> /System/Library/Frameworks/Accelerate.framework/Versions/A/Frameworks/vecLib.framework/Versions/A/libSparseBLAS.dylib
dyld[45942]: <C99B83FD-C865-36F7-B4D2-34018D34AF5D> /System/Library/Frameworks/Accelerate.framework/Versions/A/Frameworks/vecLib.framework/Versions/A/libQuadrature.dylib
dyld[45942]: <54A103BA-7D04-32DB-B204-179E2E0290CA> /System/Library/Frameworks/Accelerate.framework/Versions/A/Frameworks/vecLib.framework/Versions/A/libBNNS.dylib
dyld[45942]: <EBF55041-4C12-323B-BD40-51A0E57C0AE1> /System/Library/Frameworks/Accelerate.framework/Versions/A/Frameworks/vecLib.framework/Versions/A/libSparse.dylib
dyld[45942]: <27479D70-8BF6-3D3C-B528-1BB9B1B98391> /System/Library/PrivateFrameworks/ApplePushService.framework/Versions/A/ApplePushService
dyld[45942]: <676D50CC-8455-3267-B8E8-CA31B8EF8F91> /System/Library/Frameworks/CloudKit.framework/Versions/A/CloudKit
dyld[45942]: <B4C51ABF-9446-3B30-AB6D-3DD54126047E> /System/Library/PrivateFrameworks/CoreDuetDaemonProtocol.framework/Versions/A/CoreDuetDaemonProtocol
dyld[45942]: <962EA390-008E-3DDC-B2A5-7B2DAF6E8786> /System/Library/PrivateFrameworks/DeviceIdentity.framework/Versions/A/DeviceIdentity
dyld[45942]: <ECE4CCC0-8D35-346C-85C2-91E225504B26> /System/Library/Frameworks/SharedWithYouCore.framework/Versions/A/SharedWithYouCore
dyld[45942]: <121798D0-5254-3547-8F96-0F2AF8D84250> /System/Library/PrivateFrameworks/CloudTelemetry.framework/Versions/A/CloudTelemetry
dyld[45942]: <768DFB9E-7FB3-3998-A3AF-BEF0C6C740A7> /System/Library/PrivateFrameworks/AppleAccount.framework/Versions/A/AppleAccount
dyld[45942]: <A0E3C8BF-139D-33BC-8F2E-7D2057EF30AA> /System/Library/PrivateFrameworks/C2.framework/Versions/A/C2
dyld[45942]: <23871A43-55FD-3D0C-B29F-B143A64D1D8D> /System/Library/PrivateFrameworks/CloudCoreInternal.framework/Versions/A/CloudCoreInternal
dyld[45942]: <B17F92E7-6017-3EC8-8B15-5F38CDFF9323> /System/Library/PrivateFrameworks/CloudAsset.framework/Versions/A/CloudAsset
dyld[45942]: <36607924-B1B2-39ED-B6D1-29683EFB67A0> /System/Library/Frameworks/PushKit.framework/Versions/A/PushKit
dyld[45942]: <26865685-385E-3120-9886-2082EEC20B20> /System/Library/Frameworks/CoreTransferable.framework/Versions/A/CoreTransferable
dyld[45942]: <024DBF34-DF66-3164-825E-F77F85462E66> /System/Library/PrivateFrameworks/NetAuth.framework/Versions/A/NetAuth
dyld[45942]: <87907862-52FF-3F24-AC29-7C1678BCD277> /System/Library/PrivateFrameworks/login.framework/Versions/A/Frameworks/loginsupport.framework/Versions/A/loginsupport
dyld[45942]: <C1165EDC-58D6-329E-A873-E272A83B5FD3> /System/Library/PrivateFrameworks/CloudTelemetryTools.framework/Versions/A/CloudTelemetryTools
dyld[45942]: <D4E833CF-2C73-39D9-BA75-8CAE484DF053> /System/Library/PrivateFrameworks/CloudTelemetryShared.dylib
dyld[45942]: <7BEBC9F1-212D-37F4-B601-A7AAD12F7225> /System/Library/PrivateFrameworks/RTCReporting.framework/Versions/A/RTCReporting
dyld[45942]: <7A222E30-8DD4-3B1D-B820-4EA33B797525> /System/Library/PrivateFrameworks/AAAFoundationSwift.framework/Versions/A/AAAFoundationSwift
dyld[45942]: <9D724BE7-0B01-39F3-82BE-BCEDC6EBAC8A> /System/Library/PrivateFrameworks/AppleIDSSOAuthentication.framework/Versions/A/AppleIDSSOAuthentication
dyld[45942]: <659AFBBD-E22E-3474-BCFE-298DA57B1464> /System/Library/PrivateFrameworks/UIFoundation.framework/Versions/A/UIFoundation
dyld[45942]: <5B73C216-2ACE-3F8C-A2B3-7D35D5D0395A> /System/Library/PrivateFrameworks/CaptiveNetwork.framework/Versions/A/CaptiveNetwork
dyld[45942]: <B5BDFB31-F401-36C9-B831-3B6143A3D864> /System/Library/PrivateFrameworks/EAP8021X.framework/Versions/A/EAP8021X
dyld[45942]: <38DAF669-429F-384F-87D6-8550842EEB5E> /System/Library/PrivateFrameworks/CryptoKitPrivate.framework/Versions/A/CryptoKitPrivate
dyld[45942]: <627D64D5-2D3C-3EC6-B4AB-FEF4DEE40871> /System/Library/PrivateFrameworks/FindMyDevice.framework/Versions/A/FindMyDevice
dyld[45942]: <930F9F83-A947-3788-9FBA-49872FC3AF8D> /System/Library/PrivateFrameworks/FMCoreLite.framework/Versions/A/FMCoreLite
dyld[45942]: <5F356BA6-47B5-382B-B54A-1550BB138A62> /System/Library/Frameworks/ServiceManagement.framework/Versions/A/ServiceManagement
dyld[45942]: <6508C698-D587-3B5A-B95B-A3A3F78CE122> /usr/lib/libCheckFix.dylib
dyld[45942]: <29AA0F7F-26F4-35B3-96DF-8A67B00A58AB> /System/Library/PrivateFrameworks/MetadataUtilities.framework/Versions/A/MetadataUtilities
dyld[45942]: <1ACDAA8A-EB43-37C7-B661-39B1C0E05290> /System/Library/PrivateFrameworks/InstalledContentLibrary.framework/Versions/A/InstalledContentLibrary
dyld[45942]: <12479A32-B72F-3A09-BB03-BA56C37853B5> /System/Library/PrivateFrameworks/CoreServicesStore.framework/Versions/A/CoreServicesStore
dyld[45942]: <E992D070-4D50-3292-855F-1B0055739F5E> /usr/lib/libapp_launch_measurement.dylib
dyld[45942]: <4F3BEA3B-A363-3D04-B903-9B613C993CA1> /System/Library/PrivateFrameworks/MobileSystemServices.framework/Versions/A/MobileSystemServices
dyld[45942]: <6C426EA5-7F1E-333E-BB5D-74465EFED12B> /usr/lib/libxslt.1.dylib
dyld[45942]: <A2F5EE78-A281-35AF-8EA6-5BC6567F2ECC> /System/Library/PrivateFrameworks/BackgroundTaskManagement.framework/Versions/A/BackgroundTaskManagement
dyld[45942]: <2E99AD96-DC1C-3643-9988-273AB6844EFC> /usr/lib/libcurl.4.dylib
dyld[45942]: <46D13DA8-E7BD-37DC-91DD-D5E6CE00C2B8> /usr/lib/libcrypto.46.dylib
dyld[45942]: <07D5F4C6-1A13-344C-882B-0B0A08048DE5> /usr/lib/libssl.48.dylib
dyld[45942]: <8CABDD64-E6C6-3B77-B839-2E2B875CE0FE> /System/Library/Frameworks/LDAP.framework/Versions/A/LDAP
dyld[45942]: <96C0BAAA-7FE6-3277-AFBC-31926F5935EE> /System/Library/PrivateFrameworks/TrustEvaluationAgent.framework/Versions/A/TrustEvaluationAgent
dyld[45942]: <7CF2A32E-72DD-34F7-B179-A17ED3D7DD75> /usr/lib/libsasl2.2.dylib
dyld[45942]: move loaded to delayed: XPCSupport
dyld[45942]: move loaded to delayed: libcmark-gfm.dylib
dyld[45942]: move loaded to delayed: GenerationalStorage
dyld[45942]: move loaded to delayed: CacheDelete
dyld[45942]: move loaded to delayed: QuickLookThumbnailing
dyld[45942]: move loaded to delayed: FileProvider
dyld[45942]: move loaded to delayed: DesktopServicesPriv
dyld[45942]: move loaded to delayed: Accounts
dyld[45942]: move loaded to delayed: AOSKit
dyld[45942]: move loaded to delayed: AppSSOCore
dyld[45942]: move loaded to delayed: AVFoundation
dyld[45942]: move loaded to delayed: BackgroundSystemTasks
dyld[45942]: move loaded to delayed: DuetActivityScheduler
dyld[45942]: move loaded to delayed: FTServices
dyld[45942]: move loaded to delayed: InternationalSupport
dyld[45942]: move loaded to delayed: libMemoryResourceException.dylib
dyld[45942]: move loaded to delayed: NetworkScore
dyld[45942]: move loaded to delayed: NetworkServiceProxy
dyld[45942]: move loaded to delayed: StreamingExtractor
dyld[45942]: move loaded to delayed: SymptomReporter
dyld[45942]: move loaded to delayed: libnetworkextension.dylib
dyld[45942]: move loaded to delayed: CloudServices
dyld[45942]: move loaded to delayed: CoreWiFi
dyld[45942]: move loaded to delayed: Rapport
dyld[45942]: move loaded to delayed: SymptomAnalytics
dyld[45942]: move loaded to delayed: libcupolicy.dylib
dyld[45942]: move loaded to delayed: NetworkExtension
dyld[45942]: move loaded to delayed: libnwswifttls.dylib
dyld[45942]: move loaded to delayed: libpcap.A.dylib
dyld[45942]: move loaded to delayed: CoreDuetContext
dyld[45942]: move loaded to delayed: CoreDuet
dyld[45942]: move loaded to delayed: CoreLocation
dyld[45942]: move loaded to delayed: Intents
dyld[45942]: move loaded to delayed: _LocationEssentials
dyld[45942]: move loaded to delayed: libCGInterfaces.dylib
dyld[45942]: move loaded to delayed: AccelerateGPU
dyld[45942]: move loaded to delayed: ApplicationServices
dyld[45942]: move loaded to delayed: ATS
dyld[45942]: move loaded to delayed: HIServices
dyld[45942]: move loaded to delayed: PrintCore
dyld[45942]: move loaded to delayed: QD
dyld[45942]: move loaded to delayed: ColorSyncLegacy
dyld[45942]: move loaded to delayed: SpeechSynthesis
dyld[45942]: move loaded to delayed: AudioDSPGraph
dyld[45942]: move loaded to delayed: IconServices
dyld[45942]: move loaded to delayed: IconFoundation
dyld[45942]: move loaded to delayed: AssistantServices
dyld[45942]: move loaded to delayed: IconRendering
dyld[45942]: move loaded to delayed: CoreUI
dyld[45942]: move loaded to delayed: SFSymbols
dyld[45942]: move loaded to delayed: DeveloperToolsSupport
dyld[45942]: move loaded to delayed: RenderBox
dyld[45942]: move loaded to delayed: CoreSVG
dyld[45942]: move loaded to delayed: TextureIO
dyld[45942]: move loaded to delayed: libswiftCoreImage.dylib
dyld[45942]: move loaded to delayed: ATSUI
dyld[45942]: move loaded to delayed: SAObjects
dyld[45942]: move loaded to delayed: MediaRemote
dyld[45942]: move loaded to delayed: UserNotifications
dyld[45942]: move loaded to delayed: SiriInstrumentation
dyld[45942]: move loaded to delayed: SiriAnalytics
dyld[45942]: move loaded to delayed: SiriTTSService
dyld[45942]: move loaded to delayed: SiriCrossDeviceArbitration
dyld[45942]: move loaded to delayed: FeedbackLogger
dyld[45942]: move loaded to delayed: FaceTimeNameUtility
dyld[45942]: move loaded to delayed: AuthKit
dyld[45942]: move loaded to delayed: SiriCrossDeviceArbitrationFeedback
dyld[45942]: move loaded to delayed: libswiftCoreLocation.dylib
dyld[45942]: move loaded to delayed: libswiftAVFoundation.dylib
dyld[45942]: move loaded to delayed: UIKitServices
dyld[45942]: move loaded to delayed: UnifiedAssetFramework
dyld[45942]: move loaded to delayed: AudioAccessoryServices
dyld[45942]: move loaded to delayed: CoreBluetooth
dyld[45942]: move loaded to delayed: CoreUtils
dyld[45942]: move loaded to delayed: Sharing
dyld[45942]: move loaded to delayed: CoreUtilsExtras
dyld[45942]: move loaded to delayed: IO80211
dyld[45942]: move loaded to delayed: IDSFoundation
dyld[45942]: move loaded to delayed: Apple80211
dyld[45942]: move loaded to delayed: CoreWLAN
dyld[45942]: move loaded to delayed: IOBluetooth
dyld[45942]: move loaded to delayed: libswiftRegexBuilder.dylib
dyld[45942]: move loaded to delayed: IMFoundation
dyld[45942]: move loaded to delayed: Marco
dyld[45942]: move loaded to delayed: CommonUtilities
dyld[45942]: move loaded to delayed: Engram
dyld[45942]: move loaded to delayed: XPCDistributed
dyld[45942]: move loaded to delayed: libtidy.A.dylib
dyld[45942]: move loaded to delayed: Bom
dyld[45942]: move loaded to delayed: libParallelCompression.dylib
dyld[45942]: move loaded to delayed: libIOReport.dylib
dyld[45942]: move loaded to delayed: WiFiPeerToPeer
dyld[45942]: move loaded to delayed: Centauri
dyld[45942]: move loaded to delayed: libmrc.dylib
dyld[45942]: move loaded to delayed: IPConfiguration
dyld[45942]: move loaded to delayed: Netrb
dyld[45942]: move loaded to delayed: FrontBoardServices
dyld[45942]: move loaded to delayed: MultiverseSupport
dyld[45942]: move loaded to delayed: DiskManagement
dyld[45942]: move loaded to delayed: AppleIDAuthSupport
dyld[45942]: move loaded to delayed: AAAFoundation
dyld[45942]: move loaded to delayed: KeychainCircle
dyld[45942]: move loaded to delayed: URLFormatting
dyld[45942]: move loaded to delayed: libcsfde.dylib
dyld[45942]: move loaded to delayed: libCoreStorage.dylib
dyld[45942]: move loaded to delayed: ProtectedCloudStorage
dyld[45942]: move loaded to delayed: EFILogin
dyld[45942]: move loaded to delayed: OctagonTrust
dyld[45942]: move loaded to delayed: AudioUnit
dyld[45942]: move loaded to delayed: GeoServices
dyld[45942]: move loaded to delayed: LocationSupport
dyld[45942]: move loaded to delayed: GeoServicesCore
dyld[45942]: move loaded to delayed: PhoneNumbers
dyld[45942]: move loaded to delayed: LocationLogEncryption
dyld[45942]: move loaded to delayed: AVFAudio
dyld[45942]: move loaded to delayed: AVRouting
dyld[45942]: move loaded to delayed: libAccessibility.dylib
dyld[45942]: move loaded to delayed: MediaServices
dyld[45942]: move loaded to delayed: IDS
dyld[45942]: move loaded to delayed: IsolatedCoreAudioClient
dyld[45942]: move loaded to delayed: CoreAudioOrchestration
dyld[45942]: move loaded to delayed: MediaToolbox
dyld[45942]: move loaded to delayed: CoreAVCHD
dyld[45942]: move loaded to delayed: MediaAccessibility
dyld[45942]: move loaded to delayed: Mangrove
dyld[45942]: move loaded to delayed: CMPhoto
dyld[45942]: move loaded to delayed: CoreTelephony
dyld[45942]: move loaded to delayed: CoreAUC
dyld[45942]: move loaded to delayed: AppleJPEGXL
dyld[45942]: move loaded to delayed: libTelephonyUtilDynamic.dylib
dyld[45942]: move loaded to delayed: CryptoKit
dyld[45942]: move loaded to delayed: CryptoKitCBridging
dyld[45942]: move loaded to delayed: CryptoTokenKit
dyld[45942]: move loaded to delayed: LocalAuthentication
dyld[45942]: move loaded to delayed: LocalAuthenticationCore
dyld[45942]: move loaded to delayed: LocalAuthenticationCredentialServices
dyld[45942]: move loaded to delayed: SharedUtils
dyld[45942]: move loaded to delayed: PersistentConnection
dyld[45942]: move loaded to delayed: SonicFoundation
dyld[45942]: move loaded to delayed: AsyncAlgorithmsInternal
dyld[45942]: move loaded to delayed: FTAWD
dyld[45942]: move loaded to delayed: Dendrite
dyld[45942]: move loaded to delayed: libtailspin.dylib
dyld[45942]: move loaded to delayed: Osprey
dyld[45942]: move loaded to delayed: SiriTTS
dyld[45942]: move loaded to delayed: NaturalLanguage
dyld[45942]: move loaded to delayed: GenerativeModels
dyld[45942]: move loaded to delayed: SiriPowerInstrumentation
dyld[45942]: move loaded to delayed: libswiftNaturalLanguage.dylib
dyld[45942]: move loaded to delayed: TailspinSymbolication
dyld[45942]: move loaded to delayed: Darwinup
dyld[45942]: move loaded to delayed: SignpostSupport
dyld[45942]: move loaded to delayed: FeatureFlagsSupport
dyld[45942]: move loaded to delayed: ktrace
dyld[45942]: move loaded to delayed: SampleAnalysis
dyld[45942]: move loaded to delayed: kperfdata
dyld[45942]: move loaded to delayed: libdscsym.dylib
dyld[45942]: move loaded to delayed: BulkSymbolication
dyld[45942]: move loaded to delayed: Espresso
dyld[45942]: move loaded to delayed: CoreML
dyld[45942]: move loaded to delayed: libedit.3.dylib
dyld[45942]: move loaded to delayed: ANECompiler
dyld[45942]: move loaded to delayed: AppleNeuralEngine
dyld[45942]: move loaded to delayed: MetalPerformanceShadersGraph
dyld[45942]: move loaded to delayed: MLCompilerServices
dyld[45942]: move loaded to delayed: ANEServices
dyld[45942]: move loaded to delayed: libncurses.5.4.dylib
dyld[45942]: move loaded to delayed: libsandbox.1.dylib
dyld[45942]: move loaded to delayed: libMatch.1.dylib
dyld[45942]: move loaded to delayed: ODIE
dyld[45942]: move loaded to delayed: MLModelAsset
dyld[45942]: move loaded to delayed: MLCompilerRuntime
dyld[45942]: move loaded to delayed: MLCompute
dyld[45942]: move loaded to delayed: MLAssetIO
dyld[45942]: move loaded to delayed: libswiftMLCompute.dylib
dyld[45942]: move loaded to delayed: AVFCore
dyld[45942]: move loaded to delayed: AVFCapture
dyld[45942]: move loaded to delayed: CMImaging
dyld[45942]: move loaded to delayed: Quagga
dyld[45942]: move loaded to delayed: CMCapture
dyld[45942]: move loaded to delayed: CoreMediaIO
dyld[45942]: move loaded to delayed: CMCaptureDevice
dyld[45942]: move loaded to delayed: CoreBrightness
dyld[45942]: move loaded to delayed: CinematicFraming
dyld[45942]: move loaded to delayed: ModelManagerServices
dyld[45942]: move loaded to delayed: CPMS
dyld[45942]: move loaded to delayed: SystemStatus
dyld[45942]: move loaded to delayed: CoreMotion
dyld[45942]: move loaded to delayed: TimeSync
dyld[45942]: move loaded to delayed: DistributedSensing
dyld[45942]: move loaded to delayed: MobileBluetooth
dyld[45942]: move loaded to delayed: IOKitten
dyld[45942]: move loaded to delayed: AppleIntelligenceReporting
dyld[45942]: move loaded to delayed: CoreEmoji
dyld[45942]: move loaded to delayed: LanguageModeling
dyld[45942]: move loaded to delayed: Montreal
dyld[45942]: move loaded to delayed: libcmph.dylib
dyld[45942]: move loaded to delayed: GenerativeModelsFoundation
dyld[45942]: move loaded to delayed: TokenGeneration
dyld[45942]: move loaded to delayed: GenerativeFunctions
dyld[45942]: move loaded to delayed: GenerativeFunctionsFoundation
dyld[45942]: move loaded to delayed: ModelCatalog
dyld[45942]: move loaded to delayed: SensitiveContentAnalysisML
dyld[45942]: move loaded to delayed: GenerativeFunctionsInstrumentation
dyld[45942]: move loaded to delayed: PromptKit
dyld[45942]: move loaded to delayed: ProactiveDaemonSupport
dyld[45942]: move loaded to delayed: TokenGenerationCore
dyld[45942]: move loaded to delayed: Trial
dyld[45942]: move loaded to delayed: TrialProto
dyld[45942]: move loaded to delayed: AppleFlatBuffers
dyld[45942]: move loaded to delayed: SentencePieceInternal
dyld[45942]: move loaded to delayed: Vision
dyld[45942]: move loaded to delayed: CoreSceneUnderstanding
dyld[45942]: move loaded to delayed: VisionCore
dyld[45942]: move loaded to delayed: DataDetectorsCore
dyld[45942]: move loaded to delayed: libfaceCore.dylib
dyld[45942]: move loaded to delayed: Futhark
dyld[45942]: move loaded to delayed: InertiaCam
dyld[45942]: move loaded to delayed: TextRecognition
dyld[45942]: move loaded to delayed: DataDetection
dyld[45942]: move loaded to delayed: TextInput
dyld[45942]: move loaded to delayed: CVNLP
dyld[45942]: move loaded to delayed: IntentsFoundation
dyld[45942]: move loaded to delayed: libcups.2.dylib
dyld[45942]: move loaded to delayed: AXCoreUtilities
dyld[45942]: move loaded to delayed: AttributeGraph
dyld[45942]: move loaded to delayed: libAXSafeCategoryBundle.dylib
dyld[45942]: move loaded to delayed: TabularData
dyld[45942]: move loaded to delayed: ArgumentParserInternal
dyld[45942]: move loaded to delayed: ApplePushService
dyld[45942]: move loaded to delayed: CloudKit
dyld[45942]: move loaded to delayed: CoreDuetDaemonProtocol
dyld[45942]: move loaded to delayed: DeviceIdentity
dyld[45942]: move loaded to delayed: SharedWithYouCore
dyld[45942]: move loaded to delayed: CloudTelemetry
dyld[45942]: move loaded to delayed: AppleAccount
dyld[45942]: move loaded to delayed: C2
dyld[45942]: move loaded to delayed: CloudCoreInternal
dyld[45942]: move loaded to delayed: CloudAsset
dyld[45942]: move loaded to delayed: PushKit
dyld[45942]: move loaded to delayed: CoreTransferable
dyld[45942]: move loaded to delayed: CloudTelemetryTools
dyld[45942]: move loaded to delayed: CloudTelemetryShared.dylib
dyld[45942]: move loaded to delayed: RTCReporting
dyld[45942]: move loaded to delayed: AAAFoundationSwift
dyld[45942]: move loaded to delayed: AppleIDSSOAuthentication
dyld[45942]: move loaded to delayed: UIFoundation
dyld[45942]: move loaded to delayed: CaptiveNetwork
dyld[45942]: move loaded to delayed: EAP8021X
dyld[45942]: move loaded to delayed: CryptoKitPrivate
dyld[45942]: move loaded to delayed: FindMyDevice
dyld[45942]: move loaded to delayed: FMCoreLite
dyld[45942]: move loaded to delayed: ServiceManagement
dyld[45942]: <42BB2001-BE7B-3F20-B3E4-78613BA6EFDA> /private/tmp/luisa-xir-indexable.21Tuda/candidate/libluisa-backend-simd.so
dyld[45942]: <3928A8CA-916E-390B-BBF1-006F921C9828> /private/tmp/luisa-xir-indexable.21Tuda/candidate/libluisa-tile-bridge-xir.dylib
dyld[45942]: <01A3B955-2A6D-3501-9B8C-3C4535B29468> /opt/homebrew/Cellar/tbb/2023.1.0/lib/libtbb.12.19.dylib
dyld[45942]: <1D872127-1395-3409-A643-F47CBDF1ABE8> /opt/homebrew/Cellar/embree/4.4.1/lib/libembree4.4.dylib
dyld[45942]: <E1B7823B-5998-343A-B984-BEAA41B194B5> /opt/homebrew/Cellar/llvm@21/21.1.8/lib/libLLVM.dylib
dyld[45942]: <1CE1197A-4A2B-3036-984E-95599210332B> /opt/homebrew/Cellar/zstd/1.5.7_1/lib/libzstd.1.5.7.dylib
dyld[45942]: <B3A9C739-301D-3C6F-A0B6-3AE0B4E67CDA> /usr/lib/libffi.dylib
dyld[45942]: move delayed to loaded: libedit.3.dylib
dyld[45942]: move delayed to loaded: libncurses.5.4.dylib
dyld[45942]: <C9C85724-E0B7-3E93-9BC7-F75C441F1964> /opt/homebrew/Cellar/tbb/2023.1.0/lib/libtbbmalloc.2.19.dylib
